/home/reid/1cfe/fusion-tea/.venv/lib/python3.12/site-packages/pydantic/main.py:464: UserWarning: Pydantic serializer warnings:
  PydanticSerializationUnexpectedValue(Expected `bool` - serialized value may not be as expected [field_name='stellarator_09__stellaris__buildings__facilities_enabled', input_value=1.0, input_type=float])
  PydanticSerializationUnexpectedValue(Expected `bool` - serialized value may not be as expected [field_name='stellarator_09__stellaris__cryoplant__inventory_enabled', input_value=1.0, input_type=float])
  PydanticSerializationUnexpectedValue(Expected `bool` - serialized value may not be as expected [field_name='stellarator_09__stellaris__fuel_cycle__inventory_enabled', input_value=1.0, input_type=float])
  PydanticSerializationUnexpectedValue(Expected `bool` - serialized value may not be as expected [field_name='stellarator_09__stellaris__fuel_cycle__processing_enabled', input_value=1.0, input_type=float])
  PydanticSerializationUnexpectedValue(Expected `bool` - serialized value may not be as expected [field_name='stellarator_09__stellaris__fuel_cycle__processing_source_conditions', input_value=1.0, input_type=float])
  PydanticSerializationUnexpectedValue(Expected `bool` - serialized value may not be as expected [field_name='stellarator_09__stellaris__heat_transport__equipment_enabled', input_value=1.0, input_type=float])
  return self.__pydantic_serializer__.to_python(
{
  "indicator_inputs": {
    "recipe": "indicator-input-fingerprint/v1",
    "digest": "afe0dbbc1f8d0ae6d54eba2b7c969d964359978fb37cf6cbb8b0479bee1695dd",
    "files": [
      "contracts/model_contract.json",
      "inputs/mfe_account_costs_params.json",
      "inputs/mfe_cryo_plant_params.json",
      "inputs/mfe_fuel_cycle_params.json",
      "inputs/mfe_magnet_cost_params.json",
      "inputs/mfe_magnet_field_params.json",
      "inputs/mfe_plant_params.json",
      "inputs/mfe_plant_systems_params.json",
      "inputs/mfe_plasma_scaling_params.json",
      "inputs/mfe_plasma_sustainment_params.json",
      "inputs/mfe_vacuum_params.json",
      "inputs/stellarator_plant_params.json",
      "pipelines/pipeline.yaml"
    ]
  },
  "recorded_provenance": {
    "semantic_fingerprint": "989f6a4492157969ba4777347ab588f18547a5077161172be586e41310ad41a1",
    "executable_fingerprint": "7a9d297dbd8961b9e1dc15656360933d38871d93ee727e3173f7d73a171fa61f"
  }
}
native entries 511 headline 318.7371704217041
captured tracked structural snapshot exploration/stellarator_e2e/stellarator.snapshot.json
