ALL-POINT PASS 11456 scalar 1152 predicate comparisons; 1.0522205795576658e-15 max relative deviation
{
  "proposal_id": "m024",
  "candidate_id": "20260915-tape-procurement-consistency:c0024",
  "inputs": {
    "stellarator_09__stellaris__magnet__coil__I_coil": 15400000.0,
    "stellarator_09__stellaris__magnet__winding_pack__B_max": 24.9,
    "stellarator_09__stellaris__magnet__winding_pack__j_wp": 118.8271604938272,
    "stellarator_09__stellaris__magnet__winding_pack__tape_price_per_m": 20.0,
    "stellarator_09__stellaris__plasma__R": 12.7,
    "stellarator_09__stellaris__plasma__a": 1.3
  },
  "lcoe": 144.73830113443233,
  "tape_length_m": 36578571.42857144,
  "tape_cost": 731571428.5714288,
  "procurement_cost": 1497941229.6061373,
  "feasible_18": false,
  "violated": [
    "divertor_heat_ok"
  ],
  "entering_lcoe": 146.30855606334038,
  "entering_tape_cost": 804000000.0,
  "lcoe_delta": -1.5702549289080423,
  "tape_cost_delta": -72428571.42857122
}
