/home/reid/1cfe/fusion-tea/.venv/lib/python3.12/site-packages/pydantic/main.py:464: UserWarning: Pydantic serializer warnings:
  PydanticSerializationUnexpectedValue(Expected `bool` - serialized value may not be as expected [field_name='stellarator_09__stellaris__cryoplant__inventory_enabled', input_value=1.0, input_type=float])
  PydanticSerializationUnexpectedValue(Expected `bool` - serialized value may not be as expected [field_name='stellarator_09__stellaris__heat_transport__equipment_enabled', input_value=1.0, input_type=float])
  return self.__pydantic_serializer__.to_python(
{
  "indicator_inputs": {
    "recipe": "indicator-input-fingerprint/v1",
    "digest": "ea2359115fb21fb1def3d3b6c88e72878faaf4218db226ffea62734e57979004",
    "files": [
      "contracts/model_contract.json",
      "inputs/mfe_account_costs_params.json",
      "inputs/mfe_cryo_plant_params.json",
      "inputs/mfe_fuel_cycle_params.json",
      "inputs/mfe_magnet_cost_params.json",
      "inputs/mfe_magnet_field_params.json",
      "inputs/mfe_plant_params.json",
      "inputs/mfe_plasma_scaling_params.json",
      "inputs/mfe_plasma_sustainment_params.json",
      "inputs/mfe_vacuum_params.json",
      "inputs/stellarator_plant_params.json",
      "pipelines/pipeline.yaml"
    ]
  },
  "recorded_provenance": {
    "semantic_fingerprint": "7ecd02d1084a78c43bafff9c43f1e90f864f9c59406963f3c38554bb59b09d64",
    "executable_fingerprint": "02f2b0a94cda3f0dc763bedf120e2d192086cae374a9abd932909ae710870e92"
  }
}
native entries 329 headline 270.82387460276726
captured tracked structural snapshot exploration/stellarator_e2e/stellarator.snapshot.json
