INFO: Generating code from exploration/stellarator_e2e/models
INFO: Output to /tmp/wi066-interface-probe/production-generated
INFO: Package name: stellarator_tea
INFO: Building pipeline context...
INFO: Built computation graph with 113 modules
INFO: Creating output directory structure...
INFO: Generating schemas...
INFO: Generated 30 multi-output schemas
INFO: Generated constraint evidence schemas: constraint_types.py
INFO: Generating TEAx module wrappers...
INFO: Generated 113 TEAx module wrappers
INFO: Generating implementation stencils...
INFO: Generated 92 implementation stencils
INFO: Generating pipeline configuration...
INFO: Generated pipeline configuration: pipeline.yaml
INFO: Generating module registry...
INFO: Generated module registry with 113 modules
INFO: Generating entry point schemas and JSON templates...
INFO: Generated 10 parameter group schemas from graph
INFO: Generated 10 parameter group schemas
INFO: Generated 10 JSON templates from graph
INFO: Generated 10 JSON input templates
INFO: Generating implementation backlog...
INFO: Generated implementation backlog: IMPLEMENTATION_BACKLOG.md
INFO: Generating runnable tests...
INFO: Generated test file with 81 test classes
INFO: Generated runnable tests: test_implementations_runnable.py
INFO: Sealing package...
INFO: Code generation complete
