INFO: Generating code from exploration/stellarator_e2e/models
INFO: Output to exploration/stellarator_e2e/generated
INFO: Package name: stellarator_tea
INFO: Building pipeline context...
INFO: Built computation graph with 111 modules
INFO: Clearing existing output directory...
INFO: Creating output directory structure...
INFO: Generating schemas...
INFO: Generated 28 multi-output schemas
INFO: Generated constraint evidence schemas: constraint_types.py
INFO: Generating TEAx module wrappers...
INFO: Generated 111 TEAx module wrappers
INFO: Generating implementation stencils...
INFO: Stencils - New: 0, Preserved: 90, Regenerated: 0
INFO: Generating pipeline configuration...
INFO: Generated pipeline configuration: pipeline.yaml
INFO: Generating module registry...
INFO: Generated module registry with 111 modules
INFO: Generating entry point schemas and JSON templates...
INFO: Generated 10 parameter group schemas from graph
INFO: Generated 10 parameter group schemas
INFO: Generated 10 JSON templates from graph
INFO: Generated 10 JSON input templates
INFO: Generating implementation backlog...
INFO: Generated implementation backlog: IMPLEMENTATION_BACKLOG.md
INFO: Generating runnable tests...
INFO: Generated test file with 79 test classes
INFO: Generated runnable tests: test_implementations_runnable.py
INFO: Sealing package...
INFO: Code generation complete
