INFO: Generating code from /home/reid/1cfe/fusion-tea/exploration/aries_integrated/input_models
INFO: Output to /home/reid/1cfe/fusion-tea/exploration/aries_integrated/aries_integrated
INFO: Package name: aries_integrated
INFO: Building pipeline context...
INFO: Built computation graph with 156 modules
INFO: Clearing existing output directory...
INFO: Creating output directory structure...
INFO: Generating schemas...
INFO: Generated 58 multi-output schemas
INFO: Generated constraint evidence schemas: constraint_types.py
INFO: Generating TEAx module wrappers...
INFO: Generated 156 TEAx module wrappers
INFO: Generating implementation stencils...
INFO: Stencils - New: 0, Preserved: 141, Regenerated: 0
INFO: Generating pipeline configuration...
INFO: Generated pipeline configuration: pipeline.yaml
INFO: Generating module registry...
INFO: Generated module registry with 156 modules
INFO: Generating entry point schemas and JSON templates...
INFO: Generated 6 parameter group schemas from graph
INFO: Generated 6 parameter group schemas
INFO: Generated 6 JSON templates from graph
INFO: Generated 6 JSON input templates
INFO: Generating implementation backlog...
INFO: Generated implementation backlog: IMPLEMENTATION_BACKLOG.md
INFO: Generating runnable tests...
INFO: Generated test file with 140 test classes
INFO: Generated runnable tests: test_implementations_runnable.py
INFO: Sealing package...
INFO: Code generation complete
