gas-q2500-m1500-r1.2-ua25-25-20 completed 
gas-q2500-m1500-r1.2-ua25-25-25 completed 
gas-q2500-m1500-r1.2-ua25-25-40 completed 
gas-q2500-m1500-r1.2-ua30-30-50 completed 
gas-q2500-m1500-r1.2-ua40-40-60 completed 
gas-q2500-m1500-r1.35-ua25-25-20 completed 
gas-q2500-m1500-r1.35-ua25-25-25 completed 
gas-q2500-m1500-r1.35-ua25-25-40 completed 
gas-q2500-m1500-r1.35-ua30-30-50 completed 
gas-q2500-m1500-r1.35-ua40-40-60 completed 
gas-q2500-m1500-r1.5-ua25-25-20 completed 
gas-q2500-m1500-r1.5-ua25-25-25 completed 
gas-q2500-m1500-r1.5-ua25-25-40 completed 
gas-q2500-m1500-r1.5-ua30-30-50 completed 
gas-q2500-m1500-r1.5-ua40-40-60 completed 
gas-q2500-m1500-r1.65-ua25-25-20 completed 
gas-q2500-m1500-r1.65-ua25-25-25 completed 
gas-q2500-m1500-r1.65-ua25-25-40 completed 
gas-q2500-m1500-r1.65-ua30-30-50 completed 
gas-q2500-m1500-r1.65-ua40-40-60 completed 
gas-q2500-m1500-r1.8-ua25-25-20 completed 
gas-q2500-m1500-r1.8-ua25-25-25 completed 
gas-q2500-m1500-r1.8-ua25-25-40 completed 
gas-q2500-m1500-r1.8-ua30-30-50 completed 
gas-q2500-m1500-r1.8-ua40-40-60 completed 
gas-q2500-m1750-r1.2-ua25-25-20 completed 
gas-q2500-m1750-r1.2-ua25-25-25 completed 
gas-q2500-m1750-r1.2-ua25-25-40 completed 
gas-q2500-m1750-r1.2-ua30-30-50 completed 
gas-q2500-m1750-r1.2-ua40-40-60 completed 
gas-q2500-m1750-r1.35-ua25-25-20 completed 
gas-q2500-m1750-r1.35-ua25-25-25 completed 
gas-q2500-m1750-r1.35-ua25-25-40 completed 
gas-q2500-m1750-r1.35-ua30-30-50 completed 
gas-q2500-m1750-r1.35-ua40-40-60 completed 
gas-q2500-m1750-r1.5-ua25-25-20 completed 
gas-q2500-m1750-r1.5-ua25-25-25 completed 
gas-q2500-m1750-r1.5-ua25-25-40 completed 
gas-q2500-m1750-r1.5-ua30-30-50 completed 
gas-q2500-m1750-r1.5-ua40-40-60 completed 
gas-q2500-m1750-r1.65-ua25-25-20 completed 
gas-q2500-m1750-r1.65-ua25-25-25 completed 
gas-q2500-m1750-r1.65-ua25-25-40 completed 
gas-q2500-m1750-r1.65-ua30-30-50 completed 
gas-q2500-m1750-r1.65-ua40-40-60 completed 
gas-q2500-m1750-r1.8-ua25-25-20 completed 
gas-q2500-m1750-r1.8-ua25-25-25 completed 
gas-q2500-m1750-r1.8-ua25-25-40 completed 
gas-q2500-m1750-r1.8-ua30-30-50 completed 
gas-q2500-m1750-r1.8-ua40-40-60 completed 
gas-q2500-m2000-r1.2-ua25-25-20 completed 
gas-q2500-m2000-r1.2-ua25-25-25 completed 
gas-q2500-m2000-r1.2-ua25-25-40 completed 
gas-q2500-m2000-r1.2-ua30-30-50 completed 
gas-q2500-m2000-r1.2-ua40-40-60 completed 
gas-q2500-m2000-r1.35-ua25-25-20 completed 
gas-q2500-m2000-r1.35-ua25-25-25 completed 
gas-q2500-m2000-r1.35-ua25-25-40 completed 
gas-q2500-m2000-r1.35-ua30-30-50 completed 
gas-q2500-m2000-r1.35-ua40-40-60 completed 
gas-q2500-m2000-r1.5-ua25-25-20 completed 
gas-q2500-m2000-r1.5-ua25-25-25 completed 
gas-q2500-m2000-r1.5-ua25-25-40 completed 
gas-q2500-m2000-r1.5-ua30-30-50 completed 
gas-q2500-m2000-r1.5-ua40-40-60 completed 
gas-q2500-m2000-r1.65-ua25-25-20 completed 
gas-q2500-m2000-r1.65-ua25-25-25 completed 
gas-q2500-m2000-r1.65-ua25-25-40 completed 
gas-q2500-m2000-r1.65-ua30-30-50 completed 
gas-q2500-m2000-r1.65-ua40-40-60 completed 
gas-q2500-m2000-r1.8-ua25-25-20 completed 
gas-q2500-m2000-r1.8-ua25-25-25 completed 
gas-q2500-m2000-r1.8-ua25-25-40 completed 
gas-q2500-m2000-r1.8-ua30-30-50 completed 
gas-q2500-m2000-r1.8-ua40-40-60 completed 
gas-q2500-m2250-r1.2-ua25-25-20 completed 
gas-q2500-m2250-r1.2-ua25-25-25 completed 
gas-q2500-m2250-r1.2-ua25-25-40 completed 
gas-q2500-m2250-r1.2-ua30-30-50 completed 
gas-q2500-m2250-r1.2-ua40-40-60 completed 
gas-q2500-m2250-r1.35-ua25-25-20 completed 
gas-q2500-m2250-r1.35-ua25-25-25 completed 
gas-q2500-m2250-r1.35-ua25-25-40 completed 
gas-q2500-m2250-r1.35-ua30-30-50 completed 
gas-q2500-m2250-r1.35-ua40-40-60 completed 
gas-q2500-m2250-r1.5-ua25-25-20 completed 
gas-q2500-m2250-r1.5-ua25-25-25 completed 
gas-q2500-m2250-r1.5-ua25-25-40 completed 
gas-q2500-m2250-r1.5-ua30-30-50 completed 
gas-q2500-m2250-r1.5-ua40-40-60 completed 
gas-q2500-m2250-r1.65-ua25-25-20 completed 
gas-q2500-m2250-r1.65-ua25-25-25 completed 
gas-q2500-m2250-r1.65-ua25-25-40 completed 
gas-q2500-m2250-r1.65-ua30-30-50 completed 
gas-q2500-m2250-r1.65-ua40-40-60 completed 
gas-q2500-m2250-r1.8-ua25-25-20 completed 
gas-q2500-m2250-r1.8-ua25-25-25 completed 
gas-q2500-m2250-r1.8-ua25-25-40 completed 
gas-q2500-m2250-r1.8-ua30-30-50 completed 
gas-q2500-m2250-r1.8-ua40-40-60 completed 
gas-q2500-m2500-r1.2-ua25-25-20 completed 
gas-q2500-m2500-r1.2-ua25-25-25 completed 
gas-q2500-m2500-r1.2-ua25-25-40 completed 
gas-q2500-m2500-r1.2-ua30-30-50 completed 
gas-q2500-m2500-r1.2-ua40-40-60 completed 
gas-q2500-m2500-r1.35-ua25-25-20 completed 
gas-q2500-m2500-r1.35-ua25-25-25 completed 
gas-q2500-m2500-r1.35-ua25-25-40 completed 
gas-q2500-m2500-r1.35-ua30-30-50 completed 
gas-q2500-m2500-r1.35-ua40-40-60 completed 
gas-q2500-m2500-r1.5-ua25-25-20 completed 
gas-q2500-m2500-r1.5-ua25-25-25 completed 
gas-q2500-m2500-r1.5-ua25-25-40 completed 
gas-q2500-m2500-r1.5-ua30-30-50 completed 
gas-q2500-m2500-r1.5-ua40-40-60 completed 
gas-q2500-m2500-r1.65-ua25-25-20 completed 
gas-q2500-m2500-r1.65-ua25-25-25 completed 
gas-q2500-m2500-r1.65-ua25-25-40 completed 
gas-q2500-m2500-r1.65-ua30-30-50 completed 
gas-q2500-m2500-r1.65-ua40-40-60 completed 
gas-q2500-m2500-r1.8-ua25-25-20 completed 
gas-q2500-m2500-r1.8-ua25-25-25 completed 
gas-q2500-m2500-r1.8-ua25-25-40 completed 
gas-q2500-m2500-r1.8-ua30-30-50 completed 
gas-q2500-m2500-r1.8-ua40-40-60 completed 
gas-q2800-m1500-r1.2-ua25-25-20 completed 
gas-q2800-m1500-r1.2-ua25-25-25 completed 
gas-q2800-m1500-r1.2-ua25-25-40 completed 
gas-q2800-m1500-r1.2-ua30-30-50 completed 
gas-q2800-m1500-r1.2-ua40-40-60 completed 
gas-q2800-m1500-r1.35-ua25-25-20 completed 
gas-q2800-m1500-r1.35-ua25-25-25 completed 
gas-q2800-m1500-r1.35-ua25-25-40 completed 
gas-q2800-m1500-r1.35-ua30-30-50 completed 
gas-q2800-m1500-r1.35-ua40-40-60 completed 
gas-q2800-m1500-r1.5-ua25-25-20 completed 
gas-q2800-m1500-r1.5-ua25-25-25 completed 
gas-q2800-m1500-r1.5-ua25-25-40 completed 
gas-q2800-m1500-r1.5-ua30-30-50 completed 
gas-q2800-m1500-r1.5-ua40-40-60 completed 
gas-q2800-m1500-r1.65-ua25-25-20 completed 
gas-q2800-m1500-r1.65-ua25-25-25 completed 
gas-q2800-m1500-r1.65-ua25-25-40 completed 
gas-q2800-m1500-r1.65-ua30-30-50 completed 
gas-q2800-m1500-r1.65-ua40-40-60 completed 
gas-q2800-m1500-r1.8-ua25-25-20 completed 
gas-q2800-m1500-r1.8-ua25-25-25 completed 
gas-q2800-m1500-r1.8-ua25-25-40 completed 
gas-q2800-m1500-r1.8-ua30-30-50 completed 
gas-q2800-m1500-r1.8-ua40-40-60 completed 
gas-q2800-m1750-r1.2-ua25-25-20 completed 
gas-q2800-m1750-r1.2-ua25-25-25 completed 
gas-q2800-m1750-r1.2-ua25-25-40 completed 
gas-q2800-m1750-r1.2-ua30-30-50 completed 
gas-q2800-m1750-r1.2-ua40-40-60 completed 
gas-q2800-m1750-r1.35-ua25-25-20 completed 
gas-q2800-m1750-r1.35-ua25-25-25 completed 
gas-q2800-m1750-r1.35-ua25-25-40 completed 
gas-q2800-m1750-r1.35-ua30-30-50 completed 
gas-q2800-m1750-r1.35-ua40-40-60 completed 
gas-q2800-m1750-r1.5-ua25-25-20 completed 
gas-q2800-m1750-r1.5-ua25-25-25 completed 
gas-q2800-m1750-r1.5-ua25-25-40 completed 
gas-q2800-m1750-r1.5-ua30-30-50 completed 
gas-q2800-m1750-r1.5-ua40-40-60 completed 
gas-q2800-m1750-r1.65-ua25-25-20 completed 
gas-q2800-m1750-r1.65-ua25-25-25 completed 
gas-q2800-m1750-r1.65-ua25-25-40 completed 
gas-q2800-m1750-r1.65-ua30-30-50 completed 
gas-q2800-m1750-r1.65-ua40-40-60 completed 
gas-q2800-m1750-r1.8-ua25-25-20 completed 
gas-q2800-m1750-r1.8-ua25-25-25 completed 
gas-q2800-m1750-r1.8-ua25-25-40 completed 
gas-q2800-m1750-r1.8-ua30-30-50 completed 
gas-q2800-m1750-r1.8-ua40-40-60 completed 
gas-q2800-m2000-r1.2-ua25-25-20 completed 
gas-q2800-m2000-r1.2-ua25-25-25 completed 
gas-q2800-m2000-r1.2-ua25-25-40 completed 
gas-q2800-m2000-r1.2-ua30-30-50 completed 
gas-q2800-m2000-r1.2-ua40-40-60 completed 
gas-q2800-m2000-r1.35-ua25-25-20 completed 
gas-q2800-m2000-r1.35-ua25-25-25 completed 
gas-q2800-m2000-r1.35-ua25-25-40 completed 
gas-q2800-m2000-r1.35-ua30-30-50 completed 
gas-q2800-m2000-r1.35-ua40-40-60 completed 
gas-q2800-m2000-r1.5-ua25-25-20 completed 
gas-q2800-m2000-r1.5-ua25-25-25 completed 
gas-q2800-m2000-r1.5-ua25-25-40 completed 
gas-q2800-m2000-r1.5-ua30-30-50 completed 
gas-q2800-m2000-r1.5-ua40-40-60 completed 
gas-q2800-m2000-r1.65-ua25-25-20 completed 
gas-q2800-m2000-r1.65-ua25-25-25 completed 
gas-q2800-m2000-r1.65-ua25-25-40 completed 
gas-q2800-m2000-r1.65-ua30-30-50 completed 
gas-q2800-m2000-r1.65-ua40-40-60 completed 
gas-q2800-m2000-r1.8-ua25-25-20 completed 
gas-q2800-m2000-r1.8-ua25-25-25 completed 
gas-q2800-m2000-r1.8-ua25-25-40 completed 
gas-q2800-m2000-r1.8-ua30-30-50 completed 
gas-q2800-m2000-r1.8-ua40-40-60 completed 
gas-q2800-m2250-r1.2-ua25-25-20 completed 
gas-q2800-m2250-r1.2-ua25-25-25 completed 
gas-q2800-m2250-r1.2-ua25-25-40 completed 
gas-q2800-m2250-r1.2-ua30-30-50 completed 
gas-q2800-m2250-r1.2-ua40-40-60 completed 
gas-q2800-m2250-r1.35-ua25-25-20 completed 
gas-q2800-m2250-r1.35-ua25-25-25 completed 
gas-q2800-m2250-r1.35-ua25-25-40 completed 
gas-q2800-m2250-r1.35-ua30-30-50 completed 
gas-q2800-m2250-r1.35-ua40-40-60 completed 
gas-q2800-m2250-r1.5-ua25-25-20 completed 
gas-q2800-m2250-r1.5-ua25-25-25 completed 
gas-q2800-m2250-r1.5-ua25-25-40 completed 
gas-q2800-m2250-r1.5-ua30-30-50 completed 
gas-q2800-m2250-r1.5-ua40-40-60 completed 
gas-q2800-m2250-r1.65-ua25-25-20 completed 
gas-q2800-m2250-r1.65-ua25-25-25 completed 
gas-q2800-m2250-r1.65-ua25-25-40 completed 
gas-q2800-m2250-r1.65-ua30-30-50 completed 
gas-q2800-m2250-r1.65-ua40-40-60 completed 
gas-q2800-m2250-r1.8-ua25-25-20 completed 
gas-q2800-m2250-r1.8-ua25-25-25 completed 
gas-q2800-m2250-r1.8-ua25-25-40 completed 
gas-q2800-m2250-r1.8-ua30-30-50 completed 
gas-q2800-m2250-r1.8-ua40-40-60 completed 
gas-q2800-m2500-r1.2-ua25-25-20 completed 
gas-q2800-m2500-r1.2-ua25-25-25 completed 
gas-q2800-m2500-r1.2-ua25-25-40 completed 
gas-q2800-m2500-r1.2-ua30-30-50 completed 
gas-q2800-m2500-r1.2-ua40-40-60 completed 
gas-q2800-m2500-r1.35-ua25-25-20 completed 
gas-q2800-m2500-r1.35-ua25-25-25 completed 
gas-q2800-m2500-r1.35-ua25-25-40 completed 
gas-q2800-m2500-r1.35-ua30-30-50 completed 
gas-q2800-m2500-r1.35-ua40-40-60 completed 
gas-q2800-m2500-r1.5-ua25-25-20 completed 
gas-q2800-m2500-r1.5-ua25-25-25 completed 
gas-q2800-m2500-r1.5-ua25-25-40 completed 
gas-q2800-m2500-r1.5-ua30-30-50 completed 
gas-q2800-m2500-r1.5-ua40-40-60 completed 
gas-q2800-m2500-r1.65-ua25-25-20 completed 
gas-q2800-m2500-r1.65-ua25-25-25 completed 
gas-q2800-m2500-r1.65-ua25-25-40 completed 
gas-q2800-m2500-r1.65-ua30-30-50 completed 
gas-q2800-m2500-r1.65-ua40-40-60 completed 
gas-q2800-m2500-r1.8-ua25-25-20 completed 
gas-q2800-m2500-r1.8-ua25-25-25 completed 
gas-q2800-m2500-r1.8-ua25-25-40 completed 
gas-q2800-m2500-r1.8-ua30-30-50 completed 
gas-q2800-m2500-r1.8-ua40-40-60 completed 
gas-q3000-m1500-r1.2-ua25-25-20 completed 
gas-q3000-m1500-r1.2-ua25-25-25 completed 
gas-q3000-m1500-r1.2-ua25-25-40 completed 
gas-q3000-m1500-r1.2-ua30-30-50 completed 
gas-q3000-m1500-r1.2-ua40-40-60 completed 
gas-q3000-m1500-r1.35-ua25-25-20 completed 
gas-q3000-m1500-r1.35-ua25-25-25 completed 
gas-q3000-m1500-r1.35-ua25-25-40 completed 
gas-q3000-m1500-r1.35-ua30-30-50 completed 
gas-q3000-m1500-r1.35-ua40-40-60 completed 
gas-q3000-m1500-r1.5-ua25-25-20 completed 
gas-q3000-m1500-r1.5-ua25-25-25 completed 
gas-q3000-m1500-r1.5-ua25-25-40 completed 
gas-q3000-m1500-r1.5-ua30-30-50 completed 
gas-q3000-m1500-r1.5-ua40-40-60 completed 
gas-q3000-m1500-r1.65-ua25-25-20 completed 
gas-q3000-m1500-r1.65-ua25-25-25 completed 
gas-q3000-m1500-r1.65-ua25-25-40 completed 
gas-q3000-m1500-r1.65-ua30-30-50 completed 
gas-q3000-m1500-r1.65-ua40-40-60 completed 
gas-q3000-m1500-r1.8-ua25-25-20 completed 
gas-q3000-m1500-r1.8-ua25-25-25 completed 
gas-q3000-m1500-r1.8-ua25-25-40 completed 
gas-q3000-m1500-r1.8-ua30-30-50 completed 
gas-q3000-m1500-r1.8-ua40-40-60 completed 
gas-q3000-m1750-r1.2-ua25-25-20 completed 
gas-q3000-m1750-r1.2-ua25-25-25 completed 
gas-q3000-m1750-r1.2-ua25-25-40 completed 
gas-q3000-m1750-r1.2-ua30-30-50 completed 
gas-q3000-m1750-r1.2-ua40-40-60 completed 
gas-q3000-m1750-r1.35-ua25-25-20 completed 
gas-q3000-m1750-r1.35-ua25-25-25 completed 
gas-q3000-m1750-r1.35-ua25-25-40 completed 
gas-q3000-m1750-r1.35-ua30-30-50 completed 
gas-q3000-m1750-r1.35-ua40-40-60 completed 
gas-q3000-m1750-r1.5-ua25-25-20 completed 
gas-q3000-m1750-r1.5-ua25-25-25 completed 
gas-q3000-m1750-r1.5-ua25-25-40 completed 
gas-q3000-m1750-r1.5-ua30-30-50 completed 
gas-q3000-m1750-r1.5-ua40-40-60 completed 
gas-q3000-m1750-r1.65-ua25-25-20 completed 
gas-q3000-m1750-r1.65-ua25-25-25 completed 
gas-q3000-m1750-r1.65-ua25-25-40 completed 
gas-q3000-m1750-r1.65-ua30-30-50 completed 
gas-q3000-m1750-r1.65-ua40-40-60 completed 
gas-q3000-m1750-r1.8-ua25-25-20 completed 
gas-q3000-m1750-r1.8-ua25-25-25 completed 
gas-q3000-m1750-r1.8-ua25-25-40 completed 
gas-q3000-m1750-r1.8-ua30-30-50 completed 
gas-q3000-m1750-r1.8-ua40-40-60 completed 
gas-q3000-m2000-r1.2-ua25-25-20 completed 
gas-q3000-m2000-r1.2-ua25-25-25 completed 
gas-q3000-m2000-r1.2-ua25-25-40 completed 
gas-q3000-m2000-r1.2-ua30-30-50 completed 
gas-q3000-m2000-r1.2-ua40-40-60 completed 
gas-q3000-m2000-r1.35-ua25-25-20 completed 
gas-q3000-m2000-r1.35-ua25-25-25 completed 
gas-q3000-m2000-r1.35-ua25-25-40 completed 
gas-q3000-m2000-r1.35-ua30-30-50 completed 
gas-q3000-m2000-r1.35-ua40-40-60 completed 
gas-q3000-m2000-r1.5-ua25-25-20 completed 
gas-q3000-m2000-r1.5-ua25-25-25 completed 
gas-q3000-m2000-r1.5-ua25-25-40 completed 
gas-q3000-m2000-r1.5-ua30-30-50 completed 
gas-q3000-m2000-r1.5-ua40-40-60 completed 
gas-q3000-m2000-r1.65-ua25-25-20 completed 
gas-q3000-m2000-r1.65-ua25-25-25 completed 
gas-q3000-m2000-r1.65-ua25-25-40 completed 
gas-q3000-m2000-r1.65-ua30-30-50 completed 
gas-q3000-m2000-r1.65-ua40-40-60 completed 
gas-q3000-m2000-r1.8-ua25-25-20 completed 
gas-q3000-m2000-r1.8-ua25-25-25 completed 
gas-q3000-m2000-r1.8-ua25-25-40 completed 
gas-q3000-m2000-r1.8-ua30-30-50 completed 
gas-q3000-m2000-r1.8-ua40-40-60 completed 
gas-q3000-m2250-r1.2-ua25-25-20 completed 
gas-q3000-m2250-r1.2-ua25-25-25 completed 
gas-q3000-m2250-r1.2-ua25-25-40 completed 
gas-q3000-m2250-r1.2-ua30-30-50 completed 
gas-q3000-m2250-r1.2-ua40-40-60 completed 
gas-q3000-m2250-r1.35-ua25-25-20 completed 
gas-q3000-m2250-r1.35-ua25-25-25 completed 
gas-q3000-m2250-r1.35-ua25-25-40 completed 
gas-q3000-m2250-r1.35-ua30-30-50 completed 
gas-q3000-m2250-r1.35-ua40-40-60 completed 
gas-q3000-m2250-r1.5-ua25-25-20 completed 
gas-q3000-m2250-r1.5-ua25-25-25 completed 
gas-q3000-m2250-r1.5-ua25-25-40 completed 
gas-q3000-m2250-r1.5-ua30-30-50 completed 
gas-q3000-m2250-r1.5-ua40-40-60 completed 
gas-q3000-m2250-r1.65-ua25-25-20 completed 
gas-q3000-m2250-r1.65-ua25-25-25 completed 
gas-q3000-m2250-r1.65-ua25-25-40 completed 
gas-q3000-m2250-r1.65-ua30-30-50 completed 
gas-q3000-m2250-r1.65-ua40-40-60 completed 
gas-q3000-m2250-r1.8-ua25-25-20 completed 
gas-q3000-m2250-r1.8-ua25-25-25 completed 
gas-q3000-m2250-r1.8-ua25-25-40 completed 
gas-q3000-m2250-r1.8-ua30-30-50 completed 
gas-q3000-m2250-r1.8-ua40-40-60 completed 
gas-q3000-m2500-r1.2-ua25-25-20 completed 
gas-q3000-m2500-r1.2-ua25-25-25 completed 
gas-q3000-m2500-r1.2-ua25-25-40 completed 
gas-q3000-m2500-r1.2-ua30-30-50 completed 
gas-q3000-m2500-r1.2-ua40-40-60 completed 
gas-q3000-m2500-r1.35-ua25-25-20 completed 
gas-q3000-m2500-r1.35-ua25-25-25 completed 
gas-q3000-m2500-r1.35-ua25-25-40 completed 
gas-q3000-m2500-r1.35-ua30-30-50 completed 
gas-q3000-m2500-r1.35-ua40-40-60 completed 
gas-q3000-m2500-r1.5-ua25-25-20 completed 
gas-q3000-m2500-r1.5-ua25-25-25 completed 
gas-q3000-m2500-r1.5-ua25-25-40 completed 
gas-q3000-m2500-r1.5-ua30-30-50 completed 
gas-q3000-m2500-r1.5-ua40-40-60 completed 
gas-q3000-m2500-r1.65-ua25-25-20 completed 
gas-q3000-m2500-r1.65-ua25-25-25 completed 
gas-q3000-m2500-r1.65-ua25-25-40 completed 
gas-q3000-m2500-r1.65-ua30-30-50 completed 
gas-q3000-m2500-r1.65-ua40-40-60 completed 
gas-q3000-m2500-r1.8-ua25-25-20 completed 
gas-q3000-m2500-r1.8-ua25-25-25 completed 
gas-q3000-m2500-r1.8-ua25-25-40 completed 
gas-q3000-m2500-r1.8-ua30-30-50 completed 
gas-q3000-m2500-r1.8-ua40-40-60 completed 
steam-q2500-n10-k2-pump225 completed 
steam-q2500-n10-k2-pump250 completed 
steam-q2500-n10-k3-pump225 completed 
steam-q2500-n10-k3-pump250 completed 
steam-q2500-n10-k4-pump225 completed 
steam-q2500-n10-k4-pump250 completed 
steam-q2500-n11-k2-pump225 completed 
steam-q2500-n11-k2-pump250 completed 
steam-q2500-n11-k3-pump225 completed 
steam-q2500-n11-k3-pump250 completed 
steam-q2500-n11-k4-pump225 completed 
steam-q2500-n11-k4-pump250 completed 
steam-q2500-n12-k2-pump225 completed 
steam-q2500-n12-k2-pump250 completed 
steam-q2500-n12-k3-pump225 completed 
steam-q2500-n12-k3-pump250 completed 
steam-q2500-n12-k4-pump225 completed 
steam-q2500-n12-k4-pump250 completed 
steam-q2500-n14-k2-pump225 completed 
steam-q2500-n14-k2-pump250 completed 
steam-q2500-n14-k3-pump225 completed 
steam-q2500-n14-k3-pump250 completed 
steam-q2500-n14-k4-pump225 completed 
steam-q2800-n10-k2-pump225 completed 
steam-q2800-n10-k2-pump250 completed 
steam-q2800-n10-k3-pump225 completed 
steam-q2800-n10-k3-pump250 completed 
steam-q2800-n10-k4-pump225 completed 
steam-q2800-n10-k4-pump250 completed 
steam-q2800-n11-k2-pump225 completed 
steam-q2800-n11-k2-pump250 completed 
steam-q2800-n11-k3-pump225 completed 
steam-q2800-n11-k3-pump250 completed 
steam-q2800-n11-k4-pump225 completed 
steam-q2800-n11-k4-pump250 completed 
steam-q2800-n12-k2-pump225 completed 
steam-q2800-n12-k2-pump250 completed 
steam-q2800-n12-k3-pump225 completed 
steam-q2800-n12-k3-pump250 completed 
steam-q2800-n12-k4-pump225 completed 
steam-q2800-n12-k4-pump250 completed 
steam-q2800-n14-k2-pump225 completed 
steam-q2800-n14-k2-pump250 completed 
steam-q2800-n14-k3-pump225 completed 
steam-q2800-n14-k3-pump250 completed 
steam-q2800-n14-k4-pump225 completed 
steam-q3000-n10-k2-pump225 completed 
steam-q3000-n10-k2-pump250 completed 
steam-q3000-n10-k3-pump225 completed 
steam-q3000-n10-k3-pump250 completed 
steam-q3000-n10-k4-pump225 completed 
steam-q3000-n10-k4-pump250 completed 
steam-q3000-n11-k2-pump225 completed 
steam-q3000-n11-k2-pump250 completed 
steam-q3000-n11-k3-pump225 completed 
steam-q3000-n11-k3-pump250 completed 
steam-q3000-n11-k4-pump225 completed 
steam-q3000-n11-k4-pump250 completed 
steam-q3000-n12-k2-pump225 completed 
steam-q3000-n12-k2-pump250 completed 
steam-q3000-n12-k3-pump225 completed 
steam-q3000-n12-k3-pump250 completed 
steam-q3000-n12-k4-pump225 completed 
steam-q3000-n12-k4-pump250 completed 
steam-q3000-n14-k2-pump225 completed 
steam-q3000-n14-k2-pump250 completed 
steam-q3000-n14-k3-pump225 completed 
steam-q3000-n14-k3-pump250 completed 
steam-q3000-n14-k4-pump225 completed 
sensitivity-q2500-gas-eta-0.03 completed 
sensitivity-q2500-gas-eta+0.03 completed 
sensitivity-q2500-steam-eta-0.03 completed 
sensitivity-q2500-steam-eta+0.03 completed 
sensitivity-q2500-both-eta-0.03 completed 
sensitivity-q2500-both-eta+0.03 completed 
sensitivity-q2500-gas-quote-x0.5 completed 
sensitivity-q2500-gas-quote-x1.5 completed 
sensitivity-q2500-steam-quote-x0.5 completed 
sensitivity-q2500-steam-quote-x1.5 completed 
sensitivity-q2500-gas-quote-x0.5-steam-x1.5 completed 
sensitivity-q2500-gas-quote-x1.5-steam-x0.5 completed 
sensitivity-q2500-recurring-x0.5 completed 
sensitivity-q2500-recurring-x1.5 completed 
sensitivity-q2500-common-source-pv-5e+08 completed 
sensitivity-q2500-common-source-pv-2e+09 completed 
controller-q2500-gas-500 completed 
controller-q2500-steam-500 completed 
sensitivity-q2800-gas-eta-0.03 completed 
sensitivity-q2800-gas-eta+0.03 completed 
sensitivity-q2800-steam-eta-0.03 completed 
sensitivity-q2800-steam-eta+0.03 completed 
sensitivity-q2800-both-eta-0.03 completed 
sensitivity-q2800-both-eta+0.03 completed 
sensitivity-q2800-gas-quote-x0.5 completed 
sensitivity-q2800-gas-quote-x1.5 completed 
sensitivity-q2800-steam-quote-x0.5 completed 
sensitivity-q2800-steam-quote-x1.5 completed 
sensitivity-q2800-gas-quote-x0.5-steam-x1.5 completed 
sensitivity-q2800-gas-quote-x1.5-steam-x0.5 completed 
sensitivity-q2800-recurring-x0.5 completed 
sensitivity-q2800-recurring-x1.5 completed 
sensitivity-q2800-common-source-pv-5e+08 completed 
sensitivity-q2800-common-source-pv-2e+09 completed 
controller-q2800-gas-500 completed 
controller-q2800-steam-500 completed 
sensitivity-q3000-gas-eta-0.03 completed 
sensitivity-q3000-gas-eta+0.03 completed 
sensitivity-q3000-steam-eta-0.03 completed 
sensitivity-q3000-steam-eta+0.03 completed 
sensitivity-q3000-both-eta-0.03 completed 
sensitivity-q3000-both-eta+0.03 completed 
sensitivity-q3000-gas-quote-x0.5 completed 
sensitivity-q3000-gas-quote-x1.5 completed 
sensitivity-q3000-steam-quote-x0.5 completed 
sensitivity-q3000-steam-quote-x1.5 completed 
sensitivity-q3000-gas-quote-x0.5-steam-x1.5 completed 
sensitivity-q3000-gas-quote-x1.5-steam-x0.5 completed 
sensitivity-q3000-recurring-x0.5 completed 
sensitivity-q3000-recurring-x1.5 completed 
sensitivity-q3000-common-source-pv-5e+08 completed 
sensitivity-q3000-common-source-pv-2e+09 completed 
controller-q3000-gas-500 completed 
controller-q3000-steam-500 completed 
{"expected_executable": "6915694e74919ebb764445dfc7f0782eda85a9de29fa44c4b55ffa415c1eb30f", "cases": 498, "completed": 498, "old_cases_sha256": "f05e905ff1a1e83230551b8f5b5b916ff17dcdeade63068bce21dcbc678fea3f", "new_defaults_sha256": "c4331e506b6f60175bc9c84b98a6e4d0157e32c12e7f6b3ba2a3d444d912386c", "migration": "studies/migrate_controls.py; legacy shared finance preserved", "native_route": "exploration.whole_plant_conversion.run.execute", "scope": "development regression; not the main study"}
