......F.........................                                         [100%]
=================================== FAILURES ===================================
___________________ test_operating_heat_direct_native_parity ___________________

native = (PosixPath('/tmp/wi052-operating-regression-zwz_x660'), {'availability': {'outputs': {'stellarator_09__stellaris__aux_...total': 0.0, 'stellarator_09__stellaris__R': 12.7, ...}, PosixPath('/tmp/pytest-of-reid/pytest-12821/wi050-evidence0'))
monkeypatch = <_pytest.monkeypatch.MonkeyPatch object at 0x7fa5fc4e9f40>

    def test_operating_heat_direct_native_parity(native,monkeypatch):
        import sys
        sys.path.insert(0,str(ROOT/'exploration/stellarator_e2e'))
        import verify_stellaris
        _,results,_,_=native
        # Resolve the map without importing run_stellaris's global package loader.
        import ast
        tree=ast.parse((ROOT/'exploration/stellarator_e2e/run_stellaris.py').read_text())
        assignment=next(n for n in tree.body if isinstance(n,ast.Assign) and any(isinstance(t,ast.Name) and t.id=='CH' for t in n.targets))
        channels=eval(compile(ast.Expression(assignment.value),'<channel-map>','eval'),{'P':P})
        for case in ['baseline','reserve','demand','efficiency','availability']:
            with monkeypatch.context() as context:
                context.setattr(verify_stellaris,'IN',verify_stellaris.IN | WI059_REPLAY_LOCAL | load('run_acceptance').CASES[case])
                expected=verify_stellaris.compute()
            runner=ast.parse((ROOT/'exploration/stellarator_e2e/run_stellaris_single.py').read_text())
            verdict_assignment=next(n for n in runner.body if isinstance(n,ast.Assign) and any(isinstance(t,ast.Name) and t.id=='EXPECTED_VERDICTS' for t in n.targets))
            expected_verdicts=ast.literal_eval(verdict_assignment.value)
>           assert len(expected_verdicts)==20
E           AssertionError: assert 19 == 20
E            +  where 19 = len({'beta_ok': 'satisfied', 'burn_hold_ok': 'satisfied', 'cond_strain_ok': 'satisfied', 'cycle_domain_ok': 'satisfied', ...})

tests/models/test_mfe_operating_heating.py:168: AssertionError
=============================== warnings summary ===============================
tests/models/test_tape_procurement.py: 11 warnings
  /home/reid/1cfe/fusion-tea/.venv/lib/python3.12/site-packages/pydantic/main.py:464: UserWarning: Pydantic serializer warnings:
    PydanticSerializationUnexpectedValue(Expected `bool` - serialized value may not be as expected [field_name='stellarator_09__stellaris__cryoplant__inventory_enabled', input_value=1.0, input_type=float])
    return self.__pydantic_serializer__.to_python(

-- Docs: https://docs.pytest.org/en/stable/how-to/capture-warnings.html
=========================== short test summary info ============================
FAILED tests/models/test_mfe_operating_heating.py::test_operating_heat_direct_native_parity
1 failed, 31 passed, 11 warnings in 66.28s (0:01:06)
.                                                                        [100%]
1 passed in 24.45s
