evaluated /tmp/wi091-probe-5q7sliws
{
  "aries_integrated_plant__operating_levelization__evaluate__levelized": 3215100712.857122,
  "aries_integrated_plant__operating_levelization__evaluate__crf": 0.05827816116603501,
  "aries_integrated_plant__lifecycle_accounts__evaluate__real_convention": 1.0,
  "aries_integrated_plant__lifecycle_accounts__evaluate__other_overhaul_cost": 217510423.5,
  "aries_integrated_plant__lifecycle_accounts__evaluate__gross_makeup": 104.66770702324638,
  "aries_integrated_plant__lifecycle_accounts__evaluate__supply_lcoe": 0.0,
  "aries_integrated_plant__lifecycle_accounts__evaluate__other_overhaul_lcoe": 1.5164458317718814,
  "aries_integrated_plant__lifecycle_accounts__evaluate__lcoe_sum": 1119.4080833905023,
  "aries_integrated_plant__lifecycle_accounts__evaluate__noncapital_annual": 3233159186.7757697,
  "aries_integrated_plant__lifecycle_accounts__evaluate__pv_total_cost": 60513967762.17962,
  "aries_integrated_plant__lifecycle_accounts__evaluate__breeding_supported": 0.0,
  "aries_integrated_plant__lifecycle_accounts__evaluate__pv_supply": 0.0,
  "aries_integrated_plant__lifecycle_accounts__evaluate__other_overhaul_occurs": 1.0,
  "aries_integrated_plant__lifecycle_accounts__evaluate__curtailed_feed": 0.0,
  "aries_integrated_plant__lifecycle_accounts__evaluate__replacement_lcoe": 3.301126391265427,
  "aries_integrated_plant__lifecycle_accounts__evaluate__gross_terminal": 435020847.0,
  "aries_integrated_plant__lifecycle_accounts__evaluate__salvage_lcoe": -0.2286129941365688,
  "aries_integrated_plant__lifecycle_accounts__evaluate__financial_defined": 1.0,
  "aries_integrated_plant__lifecycle_accounts__evaluate__idc": 685701610.0837507,
  "aries_integrated_plant__lifecycle_accounts__evaluate__annual_capital": 293483579.26478106,
  "aries_integrated_plant__lifecycle_accounts__evaluate__pv_replacement": 178455255.93746245,
  "aries_integrated_plant__lifecycle_accounts__evaluate__supply_supported": 0.0,
  "aries_integrated_plant__lifecycle_accounts__evaluate__om_lcoe": 22.219025582029754,
  "aries_integrated_plant__lifecycle_accounts__evaluate__pv_terminal_gross": 61792833.0269598,
  "aries_integrated_plant__lifecycle_accounts__evaluate__tritium_lcoe": 996.6919114122456,
  "aries_integrated_plant__lifecycle_accounts__evaluate__capital_lcoe": 93.15598793699755,
  "aries_integrated_plant__lifecycle_accounts__evaluate__annual_energy": 3150453.1889379714,
  "aries_integrated_plant__lifecycle_accounts__evaluate__external_shortfall": 104.66770702324638,
  "aries_integrated_plant__lifecycle_accounts__evaluate__pv_salvage": 12358566.60539196,
  "aries_integrated_plant__lifecycle_accounts__evaluate__pv_operating": 55168190768.70444,
  "aries_integrated_plant__lifecycle_accounts__evaluate__new_feed": 0.0,
  "aries_integrated_plant__lifecycle_accounts__evaluate__lifetime_energy": 126018127.55751885,
  "aries_integrated_plant__lifecycle_accounts__evaluate__financed_capital": 5035910080.083751,
  "aries_integrated_plant__lifecycle_accounts__evaluate__pv_other_overhaul": 81977391.03240237,
  "aries_integrated_plant__lifecycle_accounts__evaluate__terminal_lcoe": 1.143064970682844,
  "aries_integrated_plant__lifecycle_accounts__evaluate__currency_year": 2004.0,
  "aries_integrated_plant__lifecycle_accounts__evaluate__pv_energy": 54058898.32320381,
  "aries_integrated_plant__lifecycle_accounts__evaluate__salvage": 87004169.4,
  "aries_integrated_plant__lifecycle_accounts__evaluate__deuterium_lcoe": 0.022061003786527138,
  "aries_integrated_plant__lifecycle_accounts__evaluate__pv_terminal_net": 49434266.42156784,
  "aries_integrated_plant__lifecycle_accounts__evaluate__imports_lcoe": 0.0,
  "aries_integrated_plant__lifecycle_accounts__evaluate__consumables_lcoe": 1.587073255859268,
  "aries_integrated_plant__lifecycle_price__evaluate__lcoe": 1119.4080833905023,
  "aries_integrated_plant__source_lifecycle_accounts__evaluate__real_convention": 1.0,
  "aries_integrated_plant__source_lifecycle_accounts__evaluate__other_overhaul_cost": 252788698.0,
  "aries_integrated_plant__source_lifecycle_accounts__evaluate__gross_makeup": 104.66770702324638,
  "aries_integrated_plant__source_lifecycle_accounts__evaluate__supply_lcoe": 0.0,
  "aries_integrated_plant__source_lifecycle_accounts__evaluate__other_overhaul_lcoe": 0.7456834081507102,
  "aries_integrated_plant__source_lifecycle_accounts__evaluate__lcoe_sum": 473.9514539717135,
  "aries_integrated_plant__source_lifecycle_accounts__evaluate__noncapital_annual": 3234401316.6134553,
  "aries_integrated_plant__source_lifecycle_accounts__evaluate__pv_total_cost": 60555145455.24359,
  "aries_integrated_plant__source_lifecycle_accounts__evaluate__breeding_supported": 0.0,
  "aries_integrated_plant__source_lifecycle_accounts__evaluate__pv_supply": 0.0,
  "aries_integrated_plant__source_lifecycle_accounts__evaluate__other_overhaul_occurs": 1.0,
  "aries_integrated_plant__source_lifecycle_accounts__evaluate__curtailed_feed": 0.0,
  "aries_integrated_plant__source_lifecycle_accounts__evaluate__replacement_lcoe": 1.3967290043579723,
  "aries_integrated_plant__source_lifecycle_accounts__evaluate__gross_terminal": 505577396.0,
  "aries_integrated_plant__source_lifecycle_accounts__evaluate__salvage_lcoe": -0.11241609363395917,
  "aries_integrated_plant__source_lifecycle_accounts__evaluate__financial_defined": 1.0,
  "aries_integrated_plant__source_lifecycle_accounts__evaluate__idc": 0.0,
  "aries_integrated_plant__source_lifecycle_accounts__evaluate__annual_capital": 294641209.659923,
  "aries_integrated_plant__source_lifecycle_accounts__evaluate__pv_replacement": 178455255.93746245,
  "aries_integrated_plant__source_lifecycle_accounts__evaluate__supply_supported": 0.0,
  "aries_integrated_plant__source_lifecycle_accounts__evaluate__om_lcoe": 9.401020682245502,
  "aries_integrated_plant__source_lifecycle_accounts__evaluate__pv_terminal_gross": 71815086.17041779,
  "aries_integrated_plant__source_lifecycle_accounts__evaluate__tritium_lcoe": 421.70711935232225,
  "aries_integrated_plant__source_lifecycle_accounts__evaluate__capital_lcoe": 39.57040151221099,
  "aries_integrated_plant__source_lifecycle_accounts__evaluate__annual_energy": 7446000.0,
  "aries_integrated_plant__source_lifecycle_accounts__evaluate__external_shortfall": 104.66770702324638,
  "aries_integrated_plant__source_lifecycle_accounts__evaluate__pv_salvage": 14363017.234083558,
  "aries_integrated_plant__source_lifecycle_accounts__evaluate__pv_operating": 55168190768.70444,
  "aries_integrated_plant__source_lifecycle_accounts__evaluate__new_feed": 0.0,
  "aries_integrated_plant__source_lifecycle_accounts__evaluate__lifetime_energy": 297840000.0,
  "aries_integrated_plant__source_lifecycle_accounts__evaluate__financed_capital": 5055773960.0,
  "aries_integrated_plant__source_lifecycle_accounts__evaluate__pv_other_overhaul": 95273401.66535914,
  "aries_integrated_plant__source_lifecycle_accounts__evaluate__terminal_lcoe": 0.5620804681697958,
  "aries_integrated_plant__source_lifecycle_accounts__evaluate__currency_year": 2004.0,
  "aries_integrated_plant__source_lifecycle_accounts__evaluate__pv_energy": 127766556.9918426,
  "aries_integrated_plant__source_lifecycle_accounts__evaluate__salvage": 101115479.2,
  "aries_integrated_plant__source_lifecycle_accounts__evaluate__deuterium_lcoe": 0.00933416058695099,
  "aries_integrated_plant__source_lifecycle_accounts__evaluate__pv_terminal_net": 57452068.93633423,
  "aries_integrated_plant__source_lifecycle_accounts__evaluate__imports_lcoe": 0.0,
  "aries_integrated_plant__source_lifecycle_accounts__evaluate__consumables_lcoe": 0.67150147730325,
  "aries_integrated_plant__source_lifecycle_price__evaluate__lcoe": 473.9514539717135
}
