Traceback (most recent call last):
  File "/home/reid/1cfe/fusion-tea/work/active/WI-073_matched-steam-cycle-for-current-comparison/evidence/production/check_seeds.py", line 21, in refuses
    try:fn(values)
        ^^^^^^^^^^
  File "/home/reid/1cfe/fusion-tea/work/active/WI-073_matched-steam-cycle-for-current-comparison/seeds/matched_steam_cycle_impl.py", line 177, in calculate
    balance(heat-plant_heat, max(abs(heat),abs(plant_heat)), 'plant and cycle heat join')
  File "/home/reid/1cfe/fusion-tea/work/active/WI-073_matched-steam-cycle-for-current-comparison/seeds/matched_steam_cycle_impl.py", line 75, in balance
    raise ValueError(f'WI-073 {name}: balance residual {residual!r} exceeds arithmetic policy')
ValueError: WI-073 plant and cycle heat join: balance residual 1.0 exceeds arithmetic policy

During handling of the above exception, another exception occurred:

Traceback (most recent call last):
  File "/home/reid/1cfe/fusion-tea/work/active/WI-073_matched-steam-cycle-for-current-comparison/evidence/production/check_seeds.py", line 185, in <module>
    if __name__=='__main__':run()
                            ^^^^^
  File "/home/reid/1cfe/fusion-tea/work/active/WI-073_matched-steam-cycle-for-current-comparison/evidence/production/check_seeds.py", line 99, in run
    refuses(steam.calculate,BASE|{key:value},fragment,'steam refusal '+key+' '+str(value))
  File "/home/reid/1cfe/fusion-tea/work/active/WI-073_matched-steam-cycle-for-current-comparison/evidence/production/check_seeds.py", line 23, in refuses
    assert fragment in str(error),(label,str(error),fragment)
           ^^^^^^^^^^^^^^^^^^^^^^
AssertionError: ('steam refusal heat_available_MW 3307.889098848892', 'WI-073 plant and cycle heat join: balance residual 1.0 exceeds arithmetic policy', 'salt input heat join')
