E
==================================== ERRORS ====================================
_______ ERROR at setup of test_the_summary_validates_against_its_schema ________
tests/study/conftest.py:286: in stock_route_run
    study_route.run_availability_sweep(out, scenario_overrides=LEGACY_COOLING_FACILITIES)
exploration/stellarator_e2e/studies/study_route.py:422: in run_availability_sweep
    return export_csv(
exploration/stellarator_e2e/studies/study_route.py:375: in export_csv
    return write_csv(csv_rows(cases, axes, package_dir), path)
                     ^^^^^^^^^^^^^^^^^^^^^^^^^^^^^^^^^^
exploration/stellarator_e2e/studies/study_route.py:343: in csv_rows
    catalog = _export_catalog(package_dir)
              ^^^^^^^^^^^^^^^^^^^^^^^^^^^^
exploration/stellarator_e2e/studies/study_route.py:278: in _export_catalog
    raise RouteError(
E   study_route.RouteError: expected exactly 25 catalogued checks, found 28
=============================== warnings summary ===============================
tests/study/test_verify.py::test_the_summary_validates_against_its_schema
  /home/reid/1cfe/fusion-tea/.venv/lib/python3.12/site-packages/pydantic/main.py:464: UserWarning: Pydantic serializer warnings:
    PydanticSerializationUnexpectedValue(Expected `bool` - serialized value may not be as expected [field_name='stellarator_09__stellaris__cryoplant__inventory_enabled', input_value=1.0, input_type=float])
    PydanticSerializationUnexpectedValue(Expected `bool` - serialized value may not be as expected [field_name='stellarator_09__stellaris__fuel_cycle__inventory_enabled', input_value=1.0, input_type=float])
    PydanticSerializationUnexpectedValue(Expected `bool` - serialized value may not be as expected [field_name='stellarator_09__stellaris__fuel_cycle__processing_enabled', input_value=1.0, input_type=float])
    PydanticSerializationUnexpectedValue(Expected `bool` - serialized value may not be as expected [field_name='stellarator_09__stellaris__fuel_cycle__processing_source_conditions', input_value=1.0, input_type=float])
    return self.__pydantic_serializer__.to_python(

-- Docs: https://docs.pytest.org/en/stable/how-to/capture-warnings.html
=========================== short test summary info ============================
ERROR tests/study/test_verify.py::test_the_summary_validates_against_its_schema
!!!!!!!!!!!!!!!!!!!!!!!!!! stopping after 1 failures !!!!!!!!!!!!!!!!!!!!!!!!!!!
1 warning, 1 error in 27.19s
