INFO: Generating code from /home/reid/1cfe/fusion-tea/exploration/aries_transfer/nominal_brayton/input_models
INFO: Output to /home/reid/1cfe/fusion-tea/exploration/aries_transfer/nominal_brayton/brayton_tea
INFO: Package name: brayton_tea
INFO: Building pipeline context...
INFO: Built computation graph with 18 modules
INFO: Clearing existing output directory...
INFO: Creating output directory structure...
INFO: Generating schemas...
INFO: Generated 13 multi-output schemas
INFO: Generated constraint evidence schemas: constraint_types.py
INFO: Generating TEAx module wrappers...
INFO: Generated 18 TEAx module wrappers
INFO: Generating implementation stencils...
INFO: Generated 0 implementation stencils
INFO: Generating pipeline configuration...
INFO: Generated pipeline configuration: pipeline.yaml
INFO: Generating module registry...
INFO: Generated module registry with 18 modules
INFO: Generating entry point schemas and JSON templates...
INFO: Generated 1 parameter group schemas from graph
INFO: Generated 1 parameter group schemas
INFO: Generated 1 JSON templates from graph
INFO: Generated 1 JSON input templates
INFO: Generating implementation backlog...
INFO: Generated implementation backlog: IMPLEMENTATION_BACKLOG.md
INFO: Generating runnable tests...
INFO: Generated test file with 14 test classes
INFO: Generated runnable tests: test_implementations_runnable.py
INFO: Sealing package...
INFO: Code generation complete
