INFO: Generating code from /home/reid/1cfe/fusion-tea/exploration/stellarator_materials/units/nb3sn/input_models
INFO: Output to /home/reid/1cfe/fusion-tea/exploration/stellarator_materials/units/nb3sn/stellarator_materials_nb3sn_tea
INFO: Package name: stellarator_materials_nb3sn_tea
INFO: Building pipeline context...
WARNING: Extraction diagnostic: [advisory/vacuous_asserted_gate] ///home/reid/1cfe/fusion-tea/exploration/stellarator_materials/units/nb3sn/input_models/analyses/magnet_material_variants.sysml:410:9: asserted constraint magnet_material_variants::'Round1 REBCO Magnet System'::acceptance_ok can never be checked: its owner magnet_material_variants::'Round1 REBCO Magnet System' is not typed by any part usage in the model, so nothing instantiates it
WARNING: Extraction diagnostic: [advisory/vacuous_asserted_gate] ///home/reid/1cfe/fusion-tea/exploration/stellarator_materials/units/nb3sn/input_models/analyses/magnet_material_variants.sysml:414:9: asserted constraint magnet_material_variants::'Round1 REBCO Magnet System'::copper_ok can never be checked: its owner magnet_material_variants::'Round1 REBCO Magnet System' is not typed by any part usage in the model, so nothing instantiates it
WARNING: Extraction diagnostic: [advisory/vacuous_asserted_gate] ///home/reid/1cfe/fusion-tea/exploration/stellarator_materials/units/nb3sn/input_models/analyses/magnet_material_variants.sysml:417:9: asserted constraint magnet_material_variants::'Round1 REBCO Magnet System'::steel_ok can never be checked: its owner magnet_material_variants::'Round1 REBCO Magnet System' is not typed by any part usage in the model, so nothing instantiates it
WARNING: Extraction diagnostic: [advisory/vacuous_asserted_gate] ///home/reid/1cfe/fusion-tea/exploration/stellarator_materials/units/nb3sn/input_models/analyses/magnet_material_variants.sysml:420:9: asserted constraint magnet_material_variants::'Round1 REBCO Magnet System'::pack_area_ok can never be checked: its owner magnet_material_variants::'Round1 REBCO Magnet System' is not typed by any part usage in the model, so nothing instantiates it
WARNING: Extraction diagnostic: [advisory/vacuous_asserted_gate] ///home/reid/1cfe/fusion-tea/exploration/stellarator_materials/units/nb3sn/input_models/analyses/magnet_material_variants.sysml:423:9: asserted constraint magnet_material_variants::'Round1 REBCO Magnet System'::ampere_floor_ok can never be checked: its owner magnet_material_variants::'Round1 REBCO Magnet System' is not typed by any part usage in the model, so nothing instantiates it
INFO: Built computation graph with 288 modules
INFO: Clearing existing output directory...
INFO: Creating output directory structure...
INFO: Generating schemas...
INFO: Generated 113 multi-output schemas
INFO: Generated constraint evidence schemas: constraint_types.py
INFO: Generating TEAx module wrappers...
INFO: Generated 288 TEAx module wrappers
INFO: Generating implementation stencils...
INFO: Stencils - New: 0, Preserved: 214, Regenerated: 0
INFO: Generating pipeline configuration...
INFO: Generated pipeline configuration: pipeline.yaml
INFO: Generating module registry...
INFO: Generated module registry with 288 modules
INFO: Generating entry point schemas and JSON templates...
INFO: Generated 15 parameter group schemas from graph
INFO: Generated 15 parameter group schemas
INFO: Generated 15 JSON templates from graph
INFO: Generated 15 JSON input templates
INFO: Generating implementation backlog...
INFO: Generated implementation backlog: IMPLEMENTATION_BACKLOG.md
INFO: Generating runnable tests...
INFO: Generated test file with 194 test classes
INFO: Generated runnable tests: test_implementations_runnable.py
INFO: Sealing package...
INFO: Code generation complete
