.........................................................F               [100%]
=================================== FAILURES ===================================
_______ test_current_native_winding_route_agrees_with_independent_oracle _______

self = <simkit.study.runner.StudyRunner object at 0x7402d23a4d70>
candidate_id = 'winding-consumer-controls:c0000'
proposal_id = 'winding-consumer-controls:p0000'
attempt_id = 'winding-consumer-controls:c0000:a1', attempt_number = 1
canonical_inputs = {'stellarator_09__stellaris__cryoplant__inventory_enabled': False, 'stellarator_09__stellaris__cryoplant__joint_drive_...'stellarator_09__stellaris__cryoplant__q_nuc_structure': 0.0, 'stellarator_09__stellaris__magnet__c_support': 0.0, ...}

    def _run_attempt(
        self, candidate_id: str, proposal_id: str, attempt_id: str, attempt_number: int,
        canonical_inputs: Mapping,
    ) -> None:
        self.store.record_transition(
            attempt_id=attempt_id, candidate_id=candidate_id, proposal_id=proposal_id,
            attempt_number=attempt_number, state="started",
        )
        try:
            # bridge.build is inside the failure switch (Item 9 R1): a
            # field-level bridge failure (unknown/malformed) raises
            # EvaluationFailed(ENTRY_VALIDATION) and is recorded as a
            # StudyBridgeDefect, not an uncaught crash.
>           typed_inputs = self.bridge.build(canonical_inputs)
                           ^^^^^^^^^^^^^^^^^^^^^^^^^^^^^^^^^^^

../teax/packages/teax-simkit/simkit/study/runner.py:99: 
_ _ _ _ _ _ _ _ _ _ _ _ _ _ _ _ _ _ _ _ _ _ _ _ _ _ _ _ _ _ _ _ _ _ _ _ _ _ _ _ 

self = <simkit.study.bridge.CandidateBridge object at 0x7402d23a4bc0>
selected_fields = {'stellarator_09__stellaris__cryoplant__inventory_enabled': False, 'stellarator_09__stellaris__cryoplant__joint_drive_...'stellarator_09__stellaris__cryoplant__q_nuc_structure': 0.0, 'stellarator_09__stellaris__magnet__c_support': 0.0, ...}

    def build(self, selected_fields: Mapping[str, Any]) -> dict[str, BaseModel]:
        # Partition selected fields onto their owning channels; an unknown
        # field fails closed before any model is constructed.
        by_channel: dict[str, dict[str, Any]] = {ch: {} for ch in self._entry_models}
        for name, value in selected_fields.items():
            channel = self._owner.get(name)
            if channel is None:
>               raise EvaluationFailed(
                    EvaluationFailure(
                        phase=EvaluationPhase.ENTRY_VALIDATION,
                        cause=f"Unknown entry field {name!r} (declared by no channel)",
                    )
                )
E               simkit.evaluation.failure.EvaluationFailed: entry_validation: Unknown entry field 'stellarator_09__stellaris__magnet__winding_pack__insulation_sheet_price' (declared by no channel)

../teax/packages/teax-simkit/simkit/study/bridge.py:57: EvaluationFailed

During handling of the above exception, another exception occurred:

tmp_path = PosixPath('/tmp/pytest-of-reid/pytest-12840/test_current_native_winding_ro0')
stock_simkit_path = PosixPath('/home/reid/1cfe/teax/packages/teax-simkit')

    def test_current_native_winding_route_agrees_with_independent_oracle(tmp_path, stock_simkit_path):
        import study_route as route
        names = {value: key for key, value in oracle.ENTRY_KEY_TO_ORACLE_INPUT.items()}
        points = [WI059_REPLAY | {names[key]: value for key, value in row['overrides'].items()} for row in BEFORE['controls']]
>       cases, _ = route.run_points('winding-consumer-controls', points, tmp_path)
                   ^^^^^^^^^^^^^^^^^^^^^^^^^^^^^^^^^^^^^^^^^^^^^^^^^^^^^^^^^^^^^^^

tests/study/test_winding_consumers.py:121: 
_ _ _ _ _ _ _ _ _ _ _ _ _ _ _ _ _ _ _ _ _ _ _ _ _ _ _ _ _ _ _ _ _ _ _ _ _ _ _ _ 
exploration/stellarator_e2e/studies/study_route.py:233: in run_points
    StudyRunner(store, study, _RequiredOutputsEvaluator(prepared, required_channels)).run()
../teax/packages/teax-simkit/simkit/study/runner.py:65: in run
    self._evaluate_candidate(candidate_id, proposal_id, canonical)
../teax/packages/teax-simkit/simkit/study/runner.py:75: in _evaluate_candidate
    self._run_attempt(
../teax/packages/teax-simkit/simkit/study/runner.py:102: in _run_attempt
    self._commit_execution_failure(
_ _ _ _ _ _ _ _ _ _ _ _ _ _ _ _ _ _ _ _ _ _ _ _ _ _ _ _ _ _ _ _ _ _ _ _ _ _ _ _ 

self = <simkit.study.runner.StudyRunner object at 0x7402d23a4d70>
failure = EvaluationFailure(phase=<EvaluationPhase.ENTRY_VALIDATION: 'entry_validation'>, cause="Unknown entry field 'stellarato...pack__insulation_sheet_price' (declared by no channel)", module_or_channel=None, retryable=False, partial_artifacts=())
candidate_id = 'winding-consumer-controls:c0000'
proposal_id = 'winding-consumer-controls:p0000'
attempt_id = 'winding-consumer-controls:c0000:a1', attempt_number = 1
canonical_inputs = {'stellarator_09__stellaris__cryoplant__inventory_enabled': False, 'stellarator_09__stellaris__cryoplant__joint_drive_...'stellarator_09__stellaris__cryoplant__q_nuc_structure': 0.0, 'stellarator_09__stellaris__magnet__c_support': 0.0, ...}

    def _commit_execution_failure(
        self, failure: EvaluationFailure, candidate_id: str, proposal_id: str, attempt_id: str,
        attempt_number: int, canonical_inputs: Mapping,
    ) -> None:
        if failure.phase == EvaluationPhase.ENTRY_VALIDATION:
>           raise StudyBridgeDefect(failure)
E           simkit.study.failures.StudyBridgeDefect: bridge produced an invalid entry model: Unknown entry field 'stellarator_09__stellaris__magnet__winding_pack__insulation_sheet_price' (declared by no channel)

../teax/packages/teax-simkit/simkit/study/runner.py:116: StudyBridgeDefect
=========================== short test summary info ============================
FAILED tests/study/test_winding_consumers.py::test_current_native_winding_route_agrees_with_independent_oracle
1 failed, 57 passed in 6.72s
