blanket__first_wall__fluence_limit: no_constraint_response=false constraints 5/25 objectives 5/14 modules_fired=57
buildings__civil_rate_multiplier: no_constraint_response=true constraints 0/25 objectives 3/14 modules_fired=40
buildings__component_hold_days: no_constraint_response=false constraints 5/25 objectives 3/14 modules_fired=51
buildings__component_install_days: no_constraint_response=false constraints 5/25 objectives 3/14 modules_fired=51
buildings__component_material_fraction: no_constraint_response=false constraints 5/25 objectives 3/14 modules_fired=51
buildings__component_receipt_lead_days: no_constraint_response=false constraints 5/25 objectives 3/14 modules_fired=51
buildings__component_remove_days: no_constraint_response=false constraints 5/25 objectives 3/14 modules_fired=51
buildings__conventional_rebar_density: no_constraint_response=false constraints 5/25 objectives 3/14 modules_fired=51
buildings__conventional_wall: no_constraint_response=false constraints 5/25 objectives 3/14 modules_fired=51
buildings__cooling_aisle_width: no_constraint_response=false constraints 5/25 objectives 3/14 modules_fired=51
buildings__cooling_bundle_process_days: no_constraint_response=false constraints 5/25 objectives 3/14 modules_fired=51
buildings__cooling_cross_width: no_constraint_response=false constraints 5/25 objectives 3/14 modules_fired=51
buildings__cooling_field_cycle_days: no_constraint_response=false constraints 5/25 objectives 3/14 modules_fired=51
buildings__cooling_hold_days: no_constraint_response=false constraints 5/25 objectives 3/14 modules_fired=51
buildings__cooling_initial_receipt_lead_days: no_constraint_response=false constraints 5/25 objectives 3/14 modules_fired=51
buildings__cooling_machine_process_days: no_constraint_response=false constraints 5/25 objectives 3/14 modules_fired=51
buildings__cooling_machine_stations: no_constraint_response=false constraints 5/25 objectives 3/14 modules_fired=51
buildings__cooling_receipt_lead_days: no_constraint_response=false constraints 5/25 objectives 3/14 modules_fired=51
buildings__facilities_capacity_mode: no_constraint_response=false constraints 5/25 objectives 3/14 modules_fired=51
buildings__facilities_cost_mode: no_constraint_response=false constraints 5/25 objectives 3/14 modules_fired=51
buildings__helium_package_width: no_constraint_response=false constraints 5/25 objectives 3/14 modules_fired=51
buildings__initial_receipt_lead_days: no_constraint_response=false constraints 5/25 objectives 3/14 modules_fired=51
buildings__nuclear_rebar_density: no_constraint_response=false constraints 5/25 objectives 3/14 modules_fired=51
buildings__nuclear_wall: no_constraint_response=false constraints 5/25 objectives 3/14 modules_fired=51
buildings__provisional_envelope_scale: no_constraint_response=false constraints 5/25 objectives 3/14 modules_fired=51
buildings__salt_package_length: no_constraint_response=false constraints 5/25 objectives 3/14 modules_fired=51
buildings__sector_service_teams: no_constraint_response=false constraints 5/25 objectives 3/14 modules_fired=51
buildings__tonne_interpretation_kg: no_constraint_response=true constraints 0/25 objectives 3/14 modules_fired=40
heat_transport__equipment_bundle_life: no_constraint_response=false constraints 7/25 objectives 5/14 modules_fired=91
heat_transport__equipment_machine_life: no_constraint_response=false constraints 7/25 objectives 5/14 modules_fired=91
heat_transport__n_loops: no_constraint_response=false constraints 10/25 objectives 5/14 modules_fired=96
magnet__casing__interior_y: no_constraint_response=false constraints 1/25 objectives 0/14 modules_fired=3
magnet__coil__I_coil: no_constraint_response=false constraints 21/25 objectives 13/14 modules_fired=143
magnet__coil__coil_t: no_constraint_response=false constraints 13/25 objectives 8/14 modules_fired=124
magnet__winding_pack__inventory_multiplier: no_constraint_response=false constraints 11/25 objectives 6/14 modules_fired=110
magnet__winding_pack__sizing_mode: no_constraint_response=false constraints 11/25 objectives 6/14 modules_fired=110
plasma__R: no_constraint_response=false constraints 21/25 objectives 14/14 modules_fired=148
plasma__T_i0: no_constraint_response=false constraints 16/25 objectives 11/14 modules_fired=113
plasma__a: no_constraint_response=false constraints 21/25 objectives 14/14 modules_fired=147
plasma__alpha_T: no_constraint_response=false constraints 16/25 objectives 11/14 modules_fired=113
plasma__alpha_n: no_constraint_response=false constraints 16/25 objectives 11/14 modules_fired=113
plasma__n_e0: no_constraint_response=false constraints 16/25 objectives 11/14 modules_fired=113
A reachable constraint or objective means a possible path exists in the module graph. It never means the axis responds.
