{
  "reviewed_revision": "614032136b7918a47a889a73147ca51dc15511e2",
  "doc_only_python_asts": [
    "exploration/stellarator_e2e/generated/handwritten/mfe_account_costs/annual_cost_rollup_impl.py",
    "exploration/stellarator_e2e/generated/handwritten/mfe_account_costs/dt_fuel_cost_impl.py",
    "exploration/stellarator_e2e/generated/handwritten/mfe_account_costs/n_1cfe_form_capital_charge_impl.py",
    "exploration/stellarator_e2e/generated/handwritten/mfe_account_costs/n_1cfe_form_lcoe_impl.py",
    "exploration/stellarator_e2e/generated/modules/mfe_account_costs/annual_cost_rollup.py",
    "exploration/stellarator_e2e/generated/modules/mfe_account_costs/dt_fuel_cost.py",
    "exploration/stellarator_e2e/generated/modules/mfe_account_costs/idc_closed_form_cost.py",
    "exploration/stellarator_e2e/generated/modules/mfe_account_costs/levelized_annual_cost.py",
    "exploration/stellarator_e2e/generated/modules/mfe_account_costs/n_1cfe_form_capital_charge.py",
    "exploration/stellarator_e2e/generated/modules/mfe_account_costs/n_1cfe_form_lcoe.py",
    "exploration/stellarator_e2e/generated/modules/mfe_lcoe_dcf/lcoe_dcf.py",
    "exploration/stellarator_e2e/generated/modules/mfe_lifecycle/lifecycle_calendar.py",
    "exploration/stellarator_e2e/generated/schemas/annual_cost_rollup_output.py",
    "exploration/stellarator_e2e/generated/schemas/levelized_annual_cost_output.py",
    "exploration/stellarator_e2e/generated/schemas/lifecycle_calendar_output.py",
    "exploration/stellarator_e2e/generated/tests/test_implementations_runnable.py"
  ],
  "non_doc_sysml_equal": true,
  "direct_source_fields": 4,
  "fuel_description_correct": true,
  "protected_paths_unchanged": [
    "models",
    "exploration/stellarator_e2e/generated",
    "exploration/stellarator_e2e/models",
    "exploration/stellarator_e2e/stellarator.snapshot.json",
    "tests/models",
    "work/active/WI-052_mfe-financial-rate-limits",
    "work/active/WI-051_mfe-model-owned-major-radius",
    ".project/active/mfe-major-radius-study-package",
    "scripts",
    "exploration/stellarator_e2e/studies/oracle_entry.py",
    "exploration/stellarator_e2e/studies/study_route.py"
  ],
  "manifest_only_provenance_and_headline_change": true,
  "retained_affected_node_statuses": {
    "tests/study/test_integrate_lineage.py::test_wrong_expected_fingerprint_refuses_at_gate_9": "passed",
    "tests/study/test_integrate_lineage.py::test_absent_expected_fingerprints_could_not_run_rather_than_pass": "passed",
    "tests/study/test_integrate_rerun.py::test_two_runs_return_the_same_identity": "passed",
    "tests/study/test_integrate_rerun.py::test_the_second_run_is_a_candidate_not_a_refusal": "passed",
    "tests/study/test_integrate_stock_route.py::test_the_return_rebuilds_the_stock_commands": "passed",
    "tests/study/test_integrate_success.py::test_committed_package_yields_one_candidate": "passed",
    "tests/study/test_integrate_success.py::test_every_candidate_field_resolves": "passed",
    "tests/study/test_integrate_success.py::test_the_candidate_names_the_lineage_the_request_named": "passed",
    "tests/study/test_integrate_success.py::test_the_pin_is_the_manifests_own_value_not_a_new_number": "passed",
    "tests/study/test_integrate_success.py::test_the_package_is_byte_identical_before_and_after": "passed",
    "tests/study/test_integrate_success.py::test_the_verification_summary_the_candidate_cites_reads_pass": "passed",
    "tests/study/test_integrate_success.py::test_the_preflight_results_the_run_produced_read_six_of_six": "passed",
    "tests/study/test_integrate_success.py::test_the_toolchain_the_candidate_ran_under_is_recorded": "passed",
    "tests/study/test_major_radius.py::test_current_radius_controls_match_frozen_model_and_independent_oracle": "passed",
    "tests/study/test_preflight_gates.py::test_all_six_checks_pass_on_the_real_package": "passed",
    "tests/study/test_preflight_gates.py::test_the_results_document_validates_against_its_schema": "passed",
    "tests/study/test_preflight_gates.py::test_the_document_carries_a_digest_for_every_input_it_read": "passed",
    "tests/study/test_preflight_gates.py::test_the_six_results_map_onto_record_section_9s_five_rows": "passed",
    "tests/study/test_preflight_gates.py::test_the_tool_reports_its_own_revision_as_a_named_recipe_over_a_named_file_list": "passed",
    "tests/study/test_preflight_gates.py::test_the_sibling_scan_is_advisory_and_can_never_fail": "passed",
    "tests/study/test_preflight_gates.py::test_the_identity_gate_reports_the_recomputed_digest": "passed",
    "tests/study/test_preflight_negatives.py::test_an_unreadable_input_is_did_not_run_with_its_condition": "passed"
  },
  "doc_repair_ten_cases_exact_to_prior_independent_audit": true
}
Traceback (most recent call last):
  File "/tmp/fusion-mfe-financial-rate-limits/work/active/WI-052_mfe-financial-rate-limits/completion-audit-evidence/check.py", line 74, in <module>
    assert len(route_files)==1
           ^^^^^^^^^^^^^^^^^^^
AssertionError
