
============================================================
Level 1: Syntax Validation
============================================================
Found 23 SysML files

============================================================
Level 2: Structural Completeness
============================================================
Found 23 SysML files

============================================================
Level 3: Dataflow Integrity
============================================================
Found 23 SysML files

============================================================
Level 4: Constraint Coverage
============================================================
Found 23 SysML files

============================================================
Level 5: Traceability & Documentation
============================================================

============================================================
Level 6: Architecture & Pipeline Readiness
============================================================
