
======================================================================
SysML Quality Validation
Models path: exploration/stellarator_e2e/models
Mode: Complete
======================================================================

============================================================
Level 1: Syntax Validation
============================================================
Found 40 SysML files

✅ Level 1: Syntax Validation
   Files checked: 40
   Errors: 0
   Warnings: 0

============================================================
Level 2: Structural Completeness
============================================================
Found 40 SysML files

❌ Level 2: Structural Completeness
   Unused definitions: 0
   Unbound inputs: 0
   Undefined bindings: 0
   Placeholder bindings: 10
   Self-named bindings: 0
   Orphaned elements: 0

   Issues found: 10
   - WARN: Input 'ref_power' bound to literal value in calc 'mfe_plant::'MFE Power Plant'::waste' - consider binding to attribute or calc output at file:exploration/stellarator_e2e/models/designs/generic_mfe/mfe_plant.sysml:494
   - WARN: Input 'alpha' bound to literal value in calc 'mfe_plant::'MFE Power Plant'::waste' - consider binding to attribute or calc output at file:exploration/stellarator_e2e/models/designs/generic_mfe/mfe_plant.sysml:494
   - WARN: Input 'ref_power' bound to literal value in calc 'mfe_plant::'MFE Power Plant'::other_rpe' - consider binding to attribute or calc output at file:exploration/stellarator_e2e/models/designs/generic_mfe/mfe_plant.sysml:500
   - WARN: Input 'alpha' bound to literal value in calc 'mfe_plant::'MFE Power Plant'::other_rpe' - consider binding to attribute or calc output at file:exploration/stellarator_e2e/models/designs/generic_mfe/mfe_plant.sysml:500
   - WARN: Input 'ref_power' bound to literal value in calc 'mfe_plant::'MFE Power Plant'::inc_cost' - consider binding to attribute or calc output at file:exploration/stellarator_e2e/models/designs/generic_mfe/mfe_plant.sysml:507
   ... and 5 more

============================================================
Level 3: Dataflow Integrity
============================================================
Found 40 SysML files

✅ Level 3: Dataflow Integrity
   Documents analyzed: 10
   Circular dependencies: 0

============================================================
Level 4: Constraint Coverage
============================================================
Found 40 SysML files

✅ Level 4: Constraint Coverage
   Total constraints: 28
   ConstraintUsage: 28
   ConstraintDefinition: 21
   Constraint usages assessed (incl. satisfy): 28
   Admitted numerical: 28
   Malformed numerical: 0
   Non-numerical: 0
   Unassessed (satisfy/require/plain): 0
   Executable share: 100.0%

============================================================
Level 5: Traceability & Documentation
============================================================

✅ Level 5: Traceability & Documentation
   Total elements: 149
   Documented: 149
   Missing docs: 0
   Coverage: 100.0%

============================================================
Level 6: Architecture & Pipeline Readiness
============================================================

❌ Level 6: Architecture & Pipeline Readiness
   Calc defs checked: 92
   Calc usages checked: 101
   Bindings validated: 857
   Design attrs checked: 831
   Manifests checked: 0
   L6_MISSING_QUALIFIED_NAME: 0
   L6_INVALID_QUALIFIED_NAME: 0
   L6_CALC_DEF_NO_OUTPUT: 0
   L6_CALC_DEF_NO_DIRECTION: 0
   L6_INVALID_BINDING_FORMAT: 0
   L6_DESIGN_ATTR_INCOMPLETE: 83
   L6_DESIGN_ATTR_UNEXTRACTABLE: 563
   L6_ANONYMOUS_RETURN: 0
   L6_BODY_ASSIGNMENT_IMPL_LOSS: 0
   V4_STATIC_FUNCTION_INVOCATION: 0
   L6_CONSTRAINT_MALFORMED_NUMERICAL: 0
   L6_CONSTRAINT_NON_NUMERICAL: 0
   L6_CALC_DEF_NO_INSTANTIATION: 0
   L6_ATTR_REDEF_EXPR_DROPPED: 0

   Issues found: 1328
   - ERROR: Derived expression references design attributes: ['capital_cost', 'capital_cost', 'capital_cost', 'capital_cost', 'capital_cost', 'capital_cost', 'capital_cost', 'capital_cost'] at file:exploration/stellarator_e2e/models/designs/generic_mfe/mfe_plant.sysml:447
   - ERROR: Derived expression references design attributes: ['capital_cost', 'capital_cost', 'capital_cost', 'capital_cost'] at file:exploration/stellarator_e2e/models/designs/generic_mfe/mfe_plant.sysml:453
   - ERROR: Derived expression references design attributes: ['capital_cost', 'cas22_capital', 'bop_capital', 'special_materials_capital', 'cas28_capital'] at file:exploration/stellarator_e2e/models/designs/generic_mfe/mfe_plant.sysml:538
   - ERROR: Derived expression references design attributes: ['capital_cost', 'capital_cost', 'n_mod'] at file:exploration/stellarator_e2e/models/designs/generic_mfe/mfe_plant.sysml:693
   - ERROR: Derived expression references design attributes: ['t_feed_C'] at file:exploration/stellarator_e2e/models/designs/generic_mfe/mfe_subsystems.sysml:411
   ... and 1323 more

======================================================================
Summary
======================================================================
Checks run: 6
✅ Passed: 4
❌ Failed: 2

❌ Quality checks failed
   Review issues above and fix before proceeding
