============================= test session starts ==============================
platform linux -- Python 3.12.3, pytest-9.0.2, pluggy-1.6.0 -- /home/reid/1cfe/fusion-tea/.venv/bin/python3
cachedir: .pytest_cache
rootdir: /tmp/fusion-mfe-financial-rate-limits
configfile: pyproject.toml
plugins: anyio-4.13.0, Faker-40.18.0
collecting ... collected 139 items

tests/models/test_mfe_financial_rate_limits.py::test_crf_idc_and_dated_periodic_factors[0.25] PASSED [  0%]
tests/models/test_mfe_financial_rate_limits.py::test_crf_idc_and_dated_periodic_factors[0.5] PASSED [  1%]
tests/models/test_mfe_financial_rate_limits.py::test_crf_idc_and_dated_periodic_factors[0.9999999999999999] PASSED [  2%]
tests/models/test_mfe_financial_rate_limits.py::test_crf_idc_and_dated_periodic_factors[1.0] PASSED [  2%]
tests/models/test_mfe_financial_rate_limits.py::test_crf_idc_and_dated_periodic_factors[1.0000000000000002] PASSED [  3%]
tests/models/test_mfe_financial_rate_limits.py::test_crf_idc_and_dated_periodic_factors[8.0] PASSED [  4%]
tests/models/test_mfe_financial_rate_limits.py::test_crf_idc_and_dated_periodic_factors[8.5] PASSED [  5%]
tests/models/test_mfe_financial_rate_limits.py::test_crf_idc_and_dated_periodic_factors[30.0] PASSED [  5%]
tests/models/test_mfe_financial_rate_limits.py::test_crf_idc_and_dated_periodic_factors[30.5] PASSED [  6%]
tests/models/test_mfe_financial_rate_limits.py::test_crf_idc_and_dated_periodic_factors[100.5] PASSED [  7%]
tests/models/test_mfe_financial_rate_limits.py::test_crf_idc_and_dated_periodic_factors[200.5] PASSED [  7%]
tests/models/test_mfe_financial_rate_limits.py::test_annuity_stream_pv_and_public_charges[0.25-8.0] PASSED [  8%]
tests/models/test_mfe_financial_rate_limits.py::test_annuity_stream_pv_and_public_charges[0.25-8.5] PASSED [  9%]
tests/models/test_mfe_financial_rate_limits.py::test_annuity_stream_pv_and_public_charges[0.5-8.0] PASSED [ 10%]
tests/models/test_mfe_financial_rate_limits.py::test_annuity_stream_pv_and_public_charges[0.5-8.5] PASSED [ 10%]
tests/models/test_mfe_financial_rate_limits.py::test_annuity_stream_pv_and_public_charges[0.9999999999999999-8.0] PASSED [ 11%]
tests/models/test_mfe_financial_rate_limits.py::test_annuity_stream_pv_and_public_charges[0.9999999999999999-8.5] PASSED [ 12%]
tests/models/test_mfe_financial_rate_limits.py::test_annuity_stream_pv_and_public_charges[1.0-8.0] PASSED [ 12%]
tests/models/test_mfe_financial_rate_limits.py::test_annuity_stream_pv_and_public_charges[1.0-8.5] PASSED [ 13%]
tests/models/test_mfe_financial_rate_limits.py::test_annuity_stream_pv_and_public_charges[1.0000000000000002-8.0] PASSED [ 14%]
tests/models/test_mfe_financial_rate_limits.py::test_annuity_stream_pv_and_public_charges[1.0000000000000002-8.5] PASSED [ 15%]
tests/models/test_mfe_financial_rate_limits.py::test_annuity_stream_pv_and_public_charges[8.0-8.0] PASSED [ 15%]
tests/models/test_mfe_financial_rate_limits.py::test_annuity_stream_pv_and_public_charges[8.0-8.5] PASSED [ 16%]
tests/models/test_mfe_financial_rate_limits.py::test_annuity_stream_pv_and_public_charges[8.5-8.0] PASSED [ 17%]
tests/models/test_mfe_financial_rate_limits.py::test_annuity_stream_pv_and_public_charges[8.5-8.5] PASSED [ 17%]
tests/models/test_mfe_financial_rate_limits.py::test_annuity_stream_pv_and_public_charges[30.0-8.0] PASSED [ 18%]
tests/models/test_mfe_financial_rate_limits.py::test_annuity_stream_pv_and_public_charges[30.0-8.5] PASSED [ 19%]
tests/models/test_mfe_financial_rate_limits.py::test_annuity_stream_pv_and_public_charges[30.5-8.0] PASSED [ 20%]
tests/models/test_mfe_financial_rate_limits.py::test_annuity_stream_pv_and_public_charges[30.5-8.5] PASSED [ 20%]
tests/models/test_mfe_financial_rate_limits.py::test_annuity_stream_pv_and_public_charges[100.5-8.0] PASSED [ 21%]
tests/models/test_mfe_financial_rate_limits.py::test_annuity_stream_pv_and_public_charges[100.5-8.5] PASSED [ 22%]
tests/models/test_mfe_financial_rate_limits.py::test_annuity_stream_pv_and_public_charges[200.5-8.0] PASSED [ 23%]
tests/models/test_mfe_financial_rate_limits.py::test_annuity_stream_pv_and_public_charges[200.5-8.5] PASSED [ 23%]
tests/models/test_mfe_financial_rate_limits.py::test_annuity_stream_pv_and_public_charges[30.0-0.25] PASSED [ 24%]
tests/models/test_mfe_financial_rate_limits.py::test_annuity_stream_pv_and_public_charges[30.0-0.5] PASSED [ 25%]
tests/models/test_mfe_financial_rate_limits.py::test_annuity_stream_pv_and_public_charges[30.0-0.9999999999999999] PASSED [ 25%]
tests/models/test_mfe_financial_rate_limits.py::test_annuity_stream_pv_and_public_charges[30.0-1.0] PASSED [ 26%]
tests/models/test_mfe_financial_rate_limits.py::test_annuity_stream_pv_and_public_charges[30.0-1.0000000000000002] PASSED [ 27%]
tests/models/test_mfe_financial_rate_limits.py::test_annuity_stream_pv_and_public_charges[30.0-30.0] PASSED [ 28%]
tests/models/test_mfe_financial_rate_limits.py::test_annuity_stream_pv_and_public_charges[30.0-30.5] PASSED [ 28%]
tests/models/test_mfe_financial_rate_limits.py::test_annuity_stream_pv_and_public_charges[30.0-100.5] PASSED [ 29%]
tests/models/test_mfe_financial_rate_limits.py::test_annuity_stream_pv_and_public_charges[30.0-200.5] PASSED [ 30%]
tests/models/test_mfe_financial_rate_limits.py::test_dcf_components_and_public_price[0.25-30.0] PASSED [ 30%]
tests/models/test_mfe_financial_rate_limits.py::test_dcf_components_and_public_price[0.25-30.5] PASSED [ 31%]
tests/models/test_mfe_financial_rate_limits.py::test_dcf_components_and_public_price[0.5-30.0] PASSED [ 32%]
tests/models/test_mfe_financial_rate_limits.py::test_dcf_components_and_public_price[0.5-30.5] PASSED [ 33%]
tests/models/test_mfe_financial_rate_limits.py::test_dcf_components_and_public_price[0.9999999999999999-30.0] PASSED [ 33%]
tests/models/test_mfe_financial_rate_limits.py::test_dcf_components_and_public_price[0.9999999999999999-30.5] PASSED [ 34%]
tests/models/test_mfe_financial_rate_limits.py::test_dcf_components_and_public_price[1.0-30.0] PASSED [ 35%]
tests/models/test_mfe_financial_rate_limits.py::test_dcf_components_and_public_price[1.0-30.5] PASSED [ 35%]
tests/models/test_mfe_financial_rate_limits.py::test_dcf_components_and_public_price[1.0000000000000002-30.0] PASSED [ 36%]
tests/models/test_mfe_financial_rate_limits.py::test_dcf_components_and_public_price[1.0000000000000002-30.5] PASSED [ 37%]
tests/models/test_mfe_financial_rate_limits.py::test_dcf_components_and_public_price[8.0-30.0] PASSED [ 38%]
tests/models/test_mfe_financial_rate_limits.py::test_dcf_components_and_public_price[8.0-30.5] PASSED [ 38%]
tests/models/test_mfe_financial_rate_limits.py::test_dcf_components_and_public_price[8.5-30.0] PASSED [ 39%]
tests/models/test_mfe_financial_rate_limits.py::test_dcf_components_and_public_price[8.5-30.5] PASSED [ 40%]
tests/models/test_mfe_financial_rate_limits.py::test_dcf_components_and_public_price[30.0-30.0] PASSED [ 41%]
tests/models/test_mfe_financial_rate_limits.py::test_dcf_components_and_public_price[30.0-30.5] PASSED [ 41%]
tests/models/test_mfe_financial_rate_limits.py::test_dcf_components_and_public_price[30.5-30.0] PASSED [ 42%]
tests/models/test_mfe_financial_rate_limits.py::test_dcf_components_and_public_price[30.5-30.5] PASSED [ 43%]
tests/models/test_mfe_financial_rate_limits.py::test_dcf_components_and_public_price[100.5-30.0] PASSED [ 43%]
tests/models/test_mfe_financial_rate_limits.py::test_dcf_components_and_public_price[100.5-30.5] PASSED [ 44%]
tests/models/test_mfe_financial_rate_limits.py::test_dcf_components_and_public_price[200.5-30.0] PASSED [ 45%]
tests/models/test_mfe_financial_rate_limits.py::test_dcf_components_and_public_price[200.5-30.5] PASSED [ 46%]
tests/models/test_mfe_financial_rate_limits.py::test_original_counterexamples_and_zero_cost PASSED [ 46%]
tests/models/test_mfe_financial_rate_limits.py::test_current_regeneration_refuses_nonfresh_without_mutation[visible] PASSED [ 47%]
tests/models/test_mfe_financial_rate_limits.py::test_current_regeneration_refuses_nonfresh_without_mutation[hidden] PASSED [ 48%]
tests/models/test_mfe_financial_rate_limits.py::test_current_regeneration_refuses_nonfresh_without_mutation[file] PASSED [ 48%]
tests/models/test_mfe_financial_rate_limits.py::test_current_regeneration_refuses_nonfresh_without_mutation[symlink] PASSED [ 49%]
tests/models/test_mfe_financial_rate_limits.py::test_current_regeneration_refuses_nonfresh_without_mutation[dangling] PASSED [ 50%]
tests/models/test_mfe_financial_rate_limits.py::test_current_regeneration_refuses_bad_seed[missing] PASSED [ 51%]
tests/models/test_mfe_financial_rate_limits.py::test_current_regeneration_refuses_bad_seed[mismatch] PASSED [ 51%]
tests/models/test_mfe_financial_rate_limits.py::test_current_regeneration_refuses_bad_seed[extra] PASSED [ 52%]
tests/models/test_mfe_financial_rate_limits.py::test_current_regeneration_refuses_bad_seed[symlink] PASSED [ 53%]
tests/models/test_mfe_financial_calendar.py::test_all_public_fields_at_represented_boundaries[live_multiple] PASSED [ 53%]
tests/models/test_mfe_financial_calendar.py::test_all_public_fields_at_represented_boundaries[live_zero_damage] PASSED [ 54%]
tests/models/test_mfe_financial_calendar.py::test_all_public_fields_at_represented_boundaries[live_zero_cost] PASSED [ 55%]
tests/models/test_mfe_financial_calendar.py::test_all_public_fields_at_represented_boundaries[live_no_events] PASSED [ 56%]
tests/models/test_mfe_financial_calendar.py::test_all_public_fields_at_represented_boundaries[live_zero_outage] PASSED [ 56%]
tests/models/test_mfe_financial_calendar.py::test_all_public_fields_at_represented_boundaries[live_fractional_unplanned] PASSED [ 57%]
tests/models/test_mfe_financial_calendar.py::test_all_public_fields_at_represented_boundaries[live_terminal_inside] PASSED [ 58%]
tests/models/test_mfe_financial_calendar.py::test_all_public_fields_at_represented_boundaries[live_run_end_0] PASSED [ 58%]
tests/models/test_mfe_financial_calendar.py::test_all_public_fields_at_represented_boundaries[live_run_end_1] PASSED [ 59%]
tests/models/test_mfe_financial_calendar.py::test_all_public_fields_at_represented_boundaries[live_run_end_2] PASSED [ 60%]
tests/models/test_mfe_financial_calendar.py::test_all_public_fields_at_represented_boundaries[live_completion_0] PASSED [ 61%]
tests/models/test_mfe_financial_calendar.py::test_all_public_fields_at_represented_boundaries[live_completion_1] PASSED [ 61%]
tests/models/test_mfe_financial_calendar.py::test_all_public_fields_at_represented_boundaries[live_completion_2] PASSED [ 62%]
tests/models/test_mfe_financial_calendar.py::test_all_public_fields_at_represented_boundaries[energy_ceil_epsilon_0] PASSED [ 63%]
tests/models/test_mfe_financial_calendar.py::test_all_public_fields_at_represented_boundaries[energy_ceil_epsilon_1] PASSED [ 64%]
tests/models/test_mfe_financial_calendar.py::test_all_public_fields_at_represented_boundaries[energy_ceil_epsilon_2] PASSED [ 64%]
tests/models/test_mfe_financial_calendar.py::test_all_public_fields_at_represented_boundaries[energy_segment_year_0] PASSED [ 65%]
tests/models/test_mfe_financial_calendar.py::test_all_public_fields_at_represented_boundaries[energy_segment_year_1] PASSED [ 66%]
tests/models/test_mfe_financial_calendar.py::test_all_public_fields_at_represented_boundaries[energy_segment_year_2] PASSED [ 66%]
tests/models/test_mfe_financial_calendar.py::test_all_public_fields_at_represented_boundaries[held_wall_floor_0] PASSED [ 67%]
tests/models/test_mfe_financial_calendar.py::test_all_public_fields_at_represented_boundaries[held_wall_floor_1] PASSED [ 68%]
tests/models/test_mfe_financial_calendar.py::test_all_public_fields_at_represented_boundaries[held_wall_floor_2] PASSED [ 69%]
tests/models/test_mfe_financial_calendar.py::test_all_public_fields_at_represented_boundaries[held_life_floor_0] PASSED [ 69%]
tests/models/test_mfe_financial_calendar.py::test_all_public_fields_at_represented_boundaries[held_life_floor_1] PASSED [ 70%]
tests/models/test_mfe_financial_calendar.py::test_all_public_fields_at_represented_boundaries[held_life_floor_2] PASSED [ 71%]
tests/models/test_mfe_financial_calendar.py::test_all_public_fields_at_represented_boundaries[held_cap_0] PASSED [ 71%]
tests/models/test_mfe_financial_calendar.py::test_all_public_fields_at_represented_boundaries[held_cap_1] PASSED [ 72%]
tests/models/test_mfe_financial_calendar.py::test_all_public_fields_at_represented_boundaries[held_cap_2] PASSED [ 73%]
tests/models/test_mfe_financial_calendar.py::test_all_public_fields_at_represented_boundaries[held_count_0] PASSED [ 74%]
tests/models/test_mfe_financial_calendar.py::test_all_public_fields_at_represented_boundaries[held_count_1] PASSED [ 74%]
tests/models/test_mfe_financial_calendar.py::test_all_public_fields_at_represented_boundaries[held_count_2] PASSED [ 75%]
tests/models/test_mfe_financial_calendar.py::test_all_public_fields_at_represented_boundaries[held_cap_below_floor_0] PASSED [ 76%]
tests/models/test_mfe_financial_calendar.py::test_all_public_fields_at_represented_boundaries[held_cap_below_floor_1] PASSED [ 76%]
tests/models/test_mfe_financial_calendar.py::test_all_public_fields_at_represented_boundaries[held_cap_below_floor_2] PASSED [ 77%]
tests/models/test_mfe_financial_calendar.py::test_all_public_fields_at_represented_boundaries[held_subannual_cap] PASSED [ 78%]
tests/models/test_mfe_financial_calendar.py::test_all_public_fields_at_represented_boundaries[held_fractional] PASSED [ 79%]
tests/models/test_mfe_financial_calendar.py::test_all_public_fields_at_represented_boundaries[held_zero_cost] PASSED [ 79%]
tests/models/test_lifecycle_calendar.py::test_two_events_inside_a_ten_year_horizon PASSED [ 80%]
tests/models/test_lifecycle_calendar.py::test_horizon_ending_inside_a_prospective_outage_buys_no_terminal_replacement PASSED [ 81%]
tests/models/test_lifecycle_calendar.py::test_restart_exactly_at_retirement_is_not_strictly_before PASSED [ 82%]
tests/models/test_lifecycle_calendar.py::test_zero_damage_means_infinite_life_and_no_event PASSED [ 82%]
tests/models/test_lifecycle_calendar.py::test_zero_outage_still_charges_the_events PASSED [ 83%]
tests/models/test_lifecycle_calendar.py::test_zero_discount_gives_a_unit_energy_ratio_and_a_plain_average PASSED [ 84%]
tests/models/test_lifecycle_calendar.py::test_productive_time_is_non_increasing_in_the_unplanned_fraction PASSED [ 84%]
tests/models/test_lifecycle_calendar.py::test_long_horizon_approaches_the_steady_cycle_limit PASSED [ 85%]
tests/models/test_lifecycle_calendar.py::test_held_mode_retains_physical_identity_and_independent_finance PASSED [ 86%]
tests/models/test_lifecycle_calendar.py::test_invalid_live_inputs_raise_rather_than_floor[bad0] PASSED [ 87%]
tests/models/test_lifecycle_calendar.py::test_invalid_live_inputs_raise_rather_than_floor[bad1] PASSED [ 87%]
tests/models/test_lifecycle_calendar.py::test_invalid_live_inputs_raise_rather_than_floor[bad2] PASSED [ 88%]
tests/models/test_lifecycle_calendar.py::test_invalid_live_inputs_raise_rather_than_floor[bad3] PASSED [ 89%]
tests/models/test_lifecycle_calendar.py::test_invalid_live_inputs_raise_rather_than_floor[bad4] PASSED [ 89%]
tests/models/test_lifecycle_calendar.py::test_invalid_live_inputs_raise_rather_than_floor[bad5] PASSED [ 90%]
tests/models/test_model_family_spines.py::test_owned_paths_cover_every_canonical_file PASSED [ 91%]
tests/models/test_model_family_spines.py::test_canonical_files_equal_the_family_twin_byte_for_byte[ife] PASSED [ 92%]
tests/models/test_model_family_spines.py::test_canonical_files_equal_the_family_twin_byte_for_byte[mfe] PASSED [ 92%]
tests/models/test_model_family_spines.py::test_shared_files_agree_in_all_three_homes PASSED [ 93%]
tests/models/test_model_family_spines.py::test_the_layout_mapping_refuses_a_logical_path_collision PASSED [ 94%]
tests/models/test_model_family_spines.py::test_family_subset_generates_and_live_equals_snapshot[ife] PASSED [ 94%]
tests/models/test_model_family_spines.py::test_family_subset_generates_and_live_equals_snapshot[mfe] PASSED [ 95%]
tests/models/test_model_family_spines.py::test_ife_census_is_19_entry_points_18_design_attributes PASSED [ 96%]
tests/models/test_model_family_spines.py::test_mfe_census_matches_current_generated_public_contract PASSED [ 97%]
tests/models/test_model_family_spines.py::test_ife_gain_mutation_reaches_every_and_only_its_three_consumers PASSED [ 97%]
tests/models/test_model_family_spines.py::test_ife_beam_energy_mutation_has_one_direct_consumer PASSED [ 98%]
tests/models/test_model_family_spines.py::test_mfe_cas28_capital_mutation_reaches_every_and_only_its_two_rollups PASSED [ 99%]
tests/models/test_model_family_spines.py::test_mfe_blanket_thickness_mutation_reaches_the_radial_build_and_nothing_else PASSED [100%]

- generated xml file: /tmp/fusion-mfe-financial-rate-limits/work/active/WI-052_mfe-financial-rate-limits/implementation/final-scoped.xml -
============================= 139 passed in 25.09s =============================
