...F...........s..................F..................................... [ 33%]
........................................................................ [ 67%]
.....................................................................    [100%]
=================================== FAILURES ===================================
______ test_every_catalog_constraint_is_rederived_with_its_operand_count _______

summary = {'channels_checked': [{'channel': 'stellarator_09__stellaris__blanket__first_wall__wall_peak_calc__wall_load_peak', 'o... 'c9c9f4c962e8b3d7c06652a22541411ec643d2f44385dee0ed5b145027b820f6', 'kind': 'sealed', 'matches_preflight': True}, ...}

    def test_every_catalog_constraint_is_rederived_with_its_operand_count(summary):
        rederived = {c["source_local_identity"]: c["operands_resolved"]
                     for c in summary["constraints_rederived"]}
>       assert set(rederived) == {
            "beta_ok", "net_positive", "peak_field_ok", "recirc_ok", "tbr_ok", "wall_load_ok",
            "wp_stress_ok",  # WI-035
            "sustainment_ok",  # WI-037
            "cond_strain_ok",  # WI-036: the conductor's own check, separate from the structure's
            "burn_hold_ok",  # WI-043: the lower half of the sustainment condition, p_aux_required >= 0
            # WI-045 (goal plant-closure, 2026-09-08): the loop's pressure-domain and capacity
            # fences and the cycle's fit-domain fence, all on computed operands
            "loop_pressure_ok", "loop_capacity_ok", "cycle_domain_ok",
            # WI-047 (goal plant-closure, 2026-09-08): the divertor target peak (computed) against
            # the adopted threshold -- violated at the baseline by design
            "divertor_heat_ok",
            "heating_source_positive_ok", "heating_source_upper_ok",
            "heating_couple_positive_ok", "heating_couple_upper_ok",
        }
E       AssertionError: assert {'beta_ok', '...tive_ok', ...} == {'beta_ok', '...tive_ok', ...}
E         
E         Extra items in the left set:
E         'wp_fit_ok'
E         Use -v to get more diff

tests/study/test_verify.py:100: AssertionError
____ test_current_radius_controls_match_frozen_model_and_independent_oracle ____

tmp_path = PosixPath('/tmp/pytest-of-reid/pytest-12811/test_current_radius_controls_m0')
stock_simkit_path = PosixPath('/home/reid/1cfe/teax/packages/teax-simkit')

    def test_current_radius_controls_match_frozen_model_and_independent_oracle(
        tmp_path, stock_simkit_path
    ):
        from tests.study import financial_radius_controls as controls
    
        results = controls.check_controls(tmp_path)
        assert results["baseline"]["verdicts"]["divertor_heat_ok"] == "violated"
>       assert {k for k, v in results["R14"]["verdicts"].items() if v == "violated"} == {
            "divertor_heat_ok",
            "wall_load_ok",
            "sustainment_ok",
            "loop_capacity_ok",
        }
E       AssertionError: assert {'divertor_he..., 'wp_fit_ok'} == {'divertor_he...wall_load_ok'}
E         
E         Extra items in the left set:
E         'wp_fit_ok'
E         Use -v to get more diff

tests/study/test_major_radius.py:99: AssertionError
----------------------------- Captured stdout call -----------------------------
{
  "native_channels": 212,
  "oracle_channels": 196,
  "authored_verdicts": 19,
  "worst_rel_dev": 6.157091890136398e-16
}
=============================== warnings summary ===============================
tests/study/test_verify.py::test_the_summary_validates_against_its_schema
tests/study/test_verify.py::test_stored_operating_controls_preserve_procurement_and_signed_capacity
  /home/reid/1cfe/fusion-tea/.venv/lib/python3.12/site-packages/pydantic/main.py:464: UserWarning: Pydantic serializer warnings:
    PydanticSerializationUnexpectedValue(Expected `bool` - serialized value may not be as expected [field_name='stellarator_09__stellaris__cryoplant__inventory_enabled', input_value=1.0, input_type=float])
    return self.__pydantic_serializer__.to_python(

-- Docs: https://docs.pytest.org/en/stable/how-to/capture-warnings.html
=========================== short test summary info ============================
FAILED tests/study/test_verify.py::test_every_catalog_constraint_is_rederived_with_its_operand_count
FAILED tests/study/test_major_radius.py::test_current_radius_controls_match_frozen_model_and_independent_oracle
2 failed, 210 passed, 1 skipped, 2 warnings in 191.42s (0:03:11)
