........................................................................ [ 13%]
........................................................................ [ 26%]
........................................................................ [ 39%]
............................................................F.F......... [ 52%]
.................................................F...................... [ 66%]
........................................................................ [ 79%]
..............................................................EEEEEFEFEE [ 92%]
E....s.FE..........................F....                                 [100%]
==================================== ERRORS ====================================
_______ ERROR at setup of test_the_summary_validates_against_its_schema ________

promoted_run = {'baseline_result': PosixPath('/tmp/pytest-of-reid/pytest-12807/stock_route_run0/baseline_result.json'), 'dir': PosixP...-12807/stock_route_run0/package_identity.json'), 'simkit': PosixPath('/home/reid/1cfe/teax/packages/teax-simkit'), ...}
tmp_path = PosixPath('/tmp/pytest-of-reid/pytest-12807/test_the_summary_validates_aga0')

    @pytest.fixture
    def summary(promoted_run, tmp_path):
        out = tmp_path / "verification_summary.json"
>       run_verify(promoted_run, out, expect=0)

tests/study/test_verify.py:69: 
_ _ _ _ _ _ _ _ _ _ _ _ _ _ _ _ _ _ _ _ _ _ _ _ _ _ _ _ _ _ _ _ _ _ _ _ _ _ _ _ 

promoted_run = {'baseline_result': PosixPath('/tmp/pytest-of-reid/pytest-12807/stock_route_run0/baseline_result.json'), 'dir': PosixP...-12807/stock_route_run0/package_identity.json'), 'simkit': PosixPath('/home/reid/1cfe/teax/packages/teax-simkit'), ...}
out = PosixPath('/tmp/pytest-of-reid/pytest-12807/test_the_summary_validates_aga0/verification_summary.json')
expect = 0, extra = ()
argv = ['--package', '/home/reid/1cfe/fusion-tea/exploration/stellarator_e2e/pkg/stellarator_tea', '--manifest', '/home/reid/...e/studies/manifest.json', '--identity', '/tmp/pytest-of-reid/pytest-12807/stock_route_run0/package_identity.json', ...]
done = CompletedProcess(args=['/home/reid/1cfe/fusion-tea/.venv/bin/python3', '/home/reid/1cfe/fusion-tea/scripts/study/verif...lariswpfitokconstraintmodule.py\n?? exploration/stellarator_e2e/generated/schemas/winding_pack_casing_fit_output.py\n')

    def run_verify(promoted_run, out, *extra, expect=None):
        argv = [
            "--package", str(PACKAGE),
            "--manifest", str(MANIFEST),
            "--identity", str(promoted_run["identity"]),
            "--store", str(promoted_run["store"]),
            "--out", str(out),
            *extra,
        ]
        done = subprocess.run(
            [sys.executable, str(VERIFY), *argv],
            capture_output=True, text=True, cwd=str(REPO_ROOT),
            env={**__import__("os").environ, "PYTHONPATH": str(promoted_run["simkit"])},
        )
        if expect is not None:
>           assert done.returncode == expect, f"exit {done.returncode}\n{done.stderr}"
E           AssertionError: exit 1
E             package tree is not git-clean: exploration/stellarator_e2e/generated
E             M exploration/stellarator_e2e/generated/IMPLEMENTATION_BACKLOG.md
E              M exploration/stellarator_e2e/generated/__init__.py
E              M exploration/stellarator_e2e/generated/contracts/generation_manifest.json
E              M exploration/stellarator_e2e/generated/contracts/model_contract.json
E              M exploration/stellarator_e2e/generated/contracts/package_contract.json
E              M exploration/stellarator_e2e/generated/handwritten/stellarator_09/stellaris/special_materials_capital_impl.py
E              M exploration/stellarator_e2e/generated/inputs/stellarator_plant_params.json
E              M exploration/stellarator_e2e/generated/modules/constraints/constraintreportaggregatormodule.py
E              M exploration/stellarator_e2e/generated/modules/constraints/predicates.py
E              M exploration/stellarator_e2e/generated/modules/stellarator_09/stellaris/special_materials_capital.py
E              M exploration/stellarator_e2e/generated/pipelines/pipeline.yaml
E              M exploration/stellarator_e2e/generated/schemas/stellarator_plant_params.py
E              M exploration/stellarator_e2e/generated/tests/test_implementations_runnable.py
E             ?? exploration/stellarator_e2e/generated/handwritten/mfe_winding_pack_fit/__init__.py
E             ?? exploration/stellarator_e2e/generated/handwritten/mfe_winding_pack_fit/winding_pack_casing_fit_impl.py
E             ?? exploration/stellarator_e2e/generated/modules/mfe_winding_pack_fit/__init__.py
E             ?? exploration/stellarator_e2e/generated/modules/mfe_winding_pack_fit/winding_pack_casing_fit.py
E             ?? exploration/stellarator_e2e/generated/modules/stellarator_09/stellariswpfitokconstraintmodule.py
E             ?? exploration/stellarator_e2e/generated/schemas/winding_pack_casing_fit_output.py
E             
E           assert 1 == 0
E            +  where 1 = CompletedProcess(args=['/home/reid/1cfe/fusion-tea/.venv/bin/python3', '/home/reid/1cfe/fusion-tea/scripts/study/verif...lariswpfitokconstraintmodule.py\n?? exploration/stellarator_e2e/generated/schemas/winding_pack_casing_fit_output.py\n').returncode

tests/study/test_verify.py:62: AssertionError
_ ERROR at setup of test_the_summary_is_a_superset_of_the_committed_field_set __

promoted_run = {'baseline_result': PosixPath('/tmp/pytest-of-reid/pytest-12807/stock_route_run0/baseline_result.json'), 'dir': PosixP...-12807/stock_route_run0/package_identity.json'), 'simkit': PosixPath('/home/reid/1cfe/teax/packages/teax-simkit'), ...}
tmp_path = PosixPath('/tmp/pytest-of-reid/pytest-12807/test_the_summary_is_a_superset0')

    @pytest.fixture
    def summary(promoted_run, tmp_path):
        out = tmp_path / "verification_summary.json"
>       run_verify(promoted_run, out, expect=0)

tests/study/test_verify.py:69: 
_ _ _ _ _ _ _ _ _ _ _ _ _ _ _ _ _ _ _ _ _ _ _ _ _ _ _ _ _ _ _ _ _ _ _ _ _ _ _ _ 

promoted_run = {'baseline_result': PosixPath('/tmp/pytest-of-reid/pytest-12807/stock_route_run0/baseline_result.json'), 'dir': PosixP...-12807/stock_route_run0/package_identity.json'), 'simkit': PosixPath('/home/reid/1cfe/teax/packages/teax-simkit'), ...}
out = PosixPath('/tmp/pytest-of-reid/pytest-12807/test_the_summary_is_a_superset0/verification_summary.json')
expect = 0, extra = ()
argv = ['--package', '/home/reid/1cfe/fusion-tea/exploration/stellarator_e2e/pkg/stellarator_tea', '--manifest', '/home/reid/...e/studies/manifest.json', '--identity', '/tmp/pytest-of-reid/pytest-12807/stock_route_run0/package_identity.json', ...]
done = CompletedProcess(args=['/home/reid/1cfe/fusion-tea/.venv/bin/python3', '/home/reid/1cfe/fusion-tea/scripts/study/verif...lariswpfitokconstraintmodule.py\n?? exploration/stellarator_e2e/generated/schemas/winding_pack_casing_fit_output.py\n')

    def run_verify(promoted_run, out, *extra, expect=None):
        argv = [
            "--package", str(PACKAGE),
            "--manifest", str(MANIFEST),
            "--identity", str(promoted_run["identity"]),
            "--store", str(promoted_run["store"]),
            "--out", str(out),
            *extra,
        ]
        done = subprocess.run(
            [sys.executable, str(VERIFY), *argv],
            capture_output=True, text=True, cwd=str(REPO_ROOT),
            env={**__import__("os").environ, "PYTHONPATH": str(promoted_run["simkit"])},
        )
        if expect is not None:
>           assert done.returncode == expect, f"exit {done.returncode}\n{done.stderr}"
E           AssertionError: exit 1
E             package tree is not git-clean: exploration/stellarator_e2e/generated
E             M exploration/stellarator_e2e/generated/IMPLEMENTATION_BACKLOG.md
E              M exploration/stellarator_e2e/generated/__init__.py
E              M exploration/stellarator_e2e/generated/contracts/generation_manifest.json
E              M exploration/stellarator_e2e/generated/contracts/model_contract.json
E              M exploration/stellarator_e2e/generated/contracts/package_contract.json
E              M exploration/stellarator_e2e/generated/handwritten/stellarator_09/stellaris/special_materials_capital_impl.py
E              M exploration/stellarator_e2e/generated/inputs/stellarator_plant_params.json
E              M exploration/stellarator_e2e/generated/modules/constraints/constraintreportaggregatormodule.py
E              M exploration/stellarator_e2e/generated/modules/constraints/predicates.py
E              M exploration/stellarator_e2e/generated/modules/stellarator_09/stellaris/special_materials_capital.py
E              M exploration/stellarator_e2e/generated/pipelines/pipeline.yaml
E              M exploration/stellarator_e2e/generated/schemas/stellarator_plant_params.py
E              M exploration/stellarator_e2e/generated/tests/test_implementations_runnable.py
E             ?? exploration/stellarator_e2e/generated/handwritten/mfe_winding_pack_fit/__init__.py
E             ?? exploration/stellarator_e2e/generated/handwritten/mfe_winding_pack_fit/winding_pack_casing_fit_impl.py
E             ?? exploration/stellarator_e2e/generated/modules/mfe_winding_pack_fit/__init__.py
E             ?? exploration/stellarator_e2e/generated/modules/mfe_winding_pack_fit/winding_pack_casing_fit.py
E             ?? exploration/stellarator_e2e/generated/modules/stellarator_09/stellariswpfitokconstraintmodule.py
E             ?? exploration/stellarator_e2e/generated/schemas/winding_pack_casing_fit_output.py
E             
E           assert 1 == 0
E            +  where 1 = CompletedProcess(args=['/home/reid/1cfe/fusion-tea/.venv/bin/python3', '/home/reid/1cfe/fusion-tea/scripts/study/verif...lariswpfitokconstraintmodule.py\n?? exploration/stellarator_e2e/generated/schemas/winding_pack_casing_fit_output.py\n').returncode

tests/study/test_verify.py:62: AssertionError
___ ERROR at setup of test_parity_holds_at_the_committed_order_of_magnitude ____

promoted_run = {'baseline_result': PosixPath('/tmp/pytest-of-reid/pytest-12807/stock_route_run0/baseline_result.json'), 'dir': PosixP...-12807/stock_route_run0/package_identity.json'), 'simkit': PosixPath('/home/reid/1cfe/teax/packages/teax-simkit'), ...}
tmp_path = PosixPath('/tmp/pytest-of-reid/pytest-12807/test_parity_holds_at_the_commi0')

    @pytest.fixture
    def summary(promoted_run, tmp_path):
        out = tmp_path / "verification_summary.json"
>       run_verify(promoted_run, out, expect=0)

tests/study/test_verify.py:69: 
_ _ _ _ _ _ _ _ _ _ _ _ _ _ _ _ _ _ _ _ _ _ _ _ _ _ _ _ _ _ _ _ _ _ _ _ _ _ _ _ 

promoted_run = {'baseline_result': PosixPath('/tmp/pytest-of-reid/pytest-12807/stock_route_run0/baseline_result.json'), 'dir': PosixP...-12807/stock_route_run0/package_identity.json'), 'simkit': PosixPath('/home/reid/1cfe/teax/packages/teax-simkit'), ...}
out = PosixPath('/tmp/pytest-of-reid/pytest-12807/test_parity_holds_at_the_commi0/verification_summary.json')
expect = 0, extra = ()
argv = ['--package', '/home/reid/1cfe/fusion-tea/exploration/stellarator_e2e/pkg/stellarator_tea', '--manifest', '/home/reid/...e/studies/manifest.json', '--identity', '/tmp/pytest-of-reid/pytest-12807/stock_route_run0/package_identity.json', ...]
done = CompletedProcess(args=['/home/reid/1cfe/fusion-tea/.venv/bin/python3', '/home/reid/1cfe/fusion-tea/scripts/study/verif...lariswpfitokconstraintmodule.py\n?? exploration/stellarator_e2e/generated/schemas/winding_pack_casing_fit_output.py\n')

    def run_verify(promoted_run, out, *extra, expect=None):
        argv = [
            "--package", str(PACKAGE),
            "--manifest", str(MANIFEST),
            "--identity", str(promoted_run["identity"]),
            "--store", str(promoted_run["store"]),
            "--out", str(out),
            *extra,
        ]
        done = subprocess.run(
            [sys.executable, str(VERIFY), *argv],
            capture_output=True, text=True, cwd=str(REPO_ROOT),
            env={**__import__("os").environ, "PYTHONPATH": str(promoted_run["simkit"])},
        )
        if expect is not None:
>           assert done.returncode == expect, f"exit {done.returncode}\n{done.stderr}"
E           AssertionError: exit 1
E             package tree is not git-clean: exploration/stellarator_e2e/generated
E             M exploration/stellarator_e2e/generated/IMPLEMENTATION_BACKLOG.md
E              M exploration/stellarator_e2e/generated/__init__.py
E              M exploration/stellarator_e2e/generated/contracts/generation_manifest.json
E              M exploration/stellarator_e2e/generated/contracts/model_contract.json
E              M exploration/stellarator_e2e/generated/contracts/package_contract.json
E              M exploration/stellarator_e2e/generated/handwritten/stellarator_09/stellaris/special_materials_capital_impl.py
E              M exploration/stellarator_e2e/generated/inputs/stellarator_plant_params.json
E              M exploration/stellarator_e2e/generated/modules/constraints/constraintreportaggregatormodule.py
E              M exploration/stellarator_e2e/generated/modules/constraints/predicates.py
E              M exploration/stellarator_e2e/generated/modules/stellarator_09/stellaris/special_materials_capital.py
E              M exploration/stellarator_e2e/generated/pipelines/pipeline.yaml
E              M exploration/stellarator_e2e/generated/schemas/stellarator_plant_params.py
E              M exploration/stellarator_e2e/generated/tests/test_implementations_runnable.py
E             ?? exploration/stellarator_e2e/generated/handwritten/mfe_winding_pack_fit/__init__.py
E             ?? exploration/stellarator_e2e/generated/handwritten/mfe_winding_pack_fit/winding_pack_casing_fit_impl.py
E             ?? exploration/stellarator_e2e/generated/modules/mfe_winding_pack_fit/__init__.py
E             ?? exploration/stellarator_e2e/generated/modules/mfe_winding_pack_fit/winding_pack_casing_fit.py
E             ?? exploration/stellarator_e2e/generated/modules/stellarator_09/stellariswpfitokconstraintmodule.py
E             ?? exploration/stellarator_e2e/generated/schemas/winding_pack_casing_fit_output.py
E             
E           assert 1 == 0
E            +  where 1 = CompletedProcess(args=['/home/reid/1cfe/fusion-tea/.venv/bin/python3', '/home/reid/1cfe/fusion-tea/scripts/study/verif...lariswpfitokconstraintmodule.py\n?? exploration/stellarator_e2e/generated/schemas/winding_pack_casing_fit_output.py\n').returncode

tests/study/test_verify.py:62: AssertionError
_ ERROR at setup of test_every_catalog_constraint_is_rederived_with_its_operand_count _

promoted_run = {'baseline_result': PosixPath('/tmp/pytest-of-reid/pytest-12807/stock_route_run0/baseline_result.json'), 'dir': PosixP...-12807/stock_route_run0/package_identity.json'), 'simkit': PosixPath('/home/reid/1cfe/teax/packages/teax-simkit'), ...}
tmp_path = PosixPath('/tmp/pytest-of-reid/pytest-12807/test_every_catalog_constraint_0')

    @pytest.fixture
    def summary(promoted_run, tmp_path):
        out = tmp_path / "verification_summary.json"
>       run_verify(promoted_run, out, expect=0)

tests/study/test_verify.py:69: 
_ _ _ _ _ _ _ _ _ _ _ _ _ _ _ _ _ _ _ _ _ _ _ _ _ _ _ _ _ _ _ _ _ _ _ _ _ _ _ _ 

promoted_run = {'baseline_result': PosixPath('/tmp/pytest-of-reid/pytest-12807/stock_route_run0/baseline_result.json'), 'dir': PosixP...-12807/stock_route_run0/package_identity.json'), 'simkit': PosixPath('/home/reid/1cfe/teax/packages/teax-simkit'), ...}
out = PosixPath('/tmp/pytest-of-reid/pytest-12807/test_every_catalog_constraint_0/verification_summary.json')
expect = 0, extra = ()
argv = ['--package', '/home/reid/1cfe/fusion-tea/exploration/stellarator_e2e/pkg/stellarator_tea', '--manifest', '/home/reid/...e/studies/manifest.json', '--identity', '/tmp/pytest-of-reid/pytest-12807/stock_route_run0/package_identity.json', ...]
done = CompletedProcess(args=['/home/reid/1cfe/fusion-tea/.venv/bin/python3', '/home/reid/1cfe/fusion-tea/scripts/study/verif...lariswpfitokconstraintmodule.py\n?? exploration/stellarator_e2e/generated/schemas/winding_pack_casing_fit_output.py\n')

    def run_verify(promoted_run, out, *extra, expect=None):
        argv = [
            "--package", str(PACKAGE),
            "--manifest", str(MANIFEST),
            "--identity", str(promoted_run["identity"]),
            "--store", str(promoted_run["store"]),
            "--out", str(out),
            *extra,
        ]
        done = subprocess.run(
            [sys.executable, str(VERIFY), *argv],
            capture_output=True, text=True, cwd=str(REPO_ROOT),
            env={**__import__("os").environ, "PYTHONPATH": str(promoted_run["simkit"])},
        )
        if expect is not None:
>           assert done.returncode == expect, f"exit {done.returncode}\n{done.stderr}"
E           AssertionError: exit 1
E             package tree is not git-clean: exploration/stellarator_e2e/generated
E             M exploration/stellarator_e2e/generated/IMPLEMENTATION_BACKLOG.md
E              M exploration/stellarator_e2e/generated/__init__.py
E              M exploration/stellarator_e2e/generated/contracts/generation_manifest.json
E              M exploration/stellarator_e2e/generated/contracts/model_contract.json
E              M exploration/stellarator_e2e/generated/contracts/package_contract.json
E              M exploration/stellarator_e2e/generated/handwritten/stellarator_09/stellaris/special_materials_capital_impl.py
E              M exploration/stellarator_e2e/generated/inputs/stellarator_plant_params.json
E              M exploration/stellarator_e2e/generated/modules/constraints/constraintreportaggregatormodule.py
E              M exploration/stellarator_e2e/generated/modules/constraints/predicates.py
E              M exploration/stellarator_e2e/generated/modules/stellarator_09/stellaris/special_materials_capital.py
E              M exploration/stellarator_e2e/generated/pipelines/pipeline.yaml
E              M exploration/stellarator_e2e/generated/schemas/stellarator_plant_params.py
E              M exploration/stellarator_e2e/generated/tests/test_implementations_runnable.py
E             ?? exploration/stellarator_e2e/generated/handwritten/mfe_winding_pack_fit/__init__.py
E             ?? exploration/stellarator_e2e/generated/handwritten/mfe_winding_pack_fit/winding_pack_casing_fit_impl.py
E             ?? exploration/stellarator_e2e/generated/modules/mfe_winding_pack_fit/__init__.py
E             ?? exploration/stellarator_e2e/generated/modules/mfe_winding_pack_fit/winding_pack_casing_fit.py
E             ?? exploration/stellarator_e2e/generated/modules/stellarator_09/stellariswpfitokconstraintmodule.py
E             ?? exploration/stellarator_e2e/generated/schemas/winding_pack_casing_fit_output.py
E             
E           assert 1 == 0
E            +  where 1 = CompletedProcess(args=['/home/reid/1cfe/fusion-tea/.venv/bin/python3', '/home/reid/1cfe/fusion-tea/scripts/study/verif...lariswpfitokconstraintmodule.py\n?? exploration/stellarator_e2e/generated/schemas/winding_pack_casing_fit_output.py\n').returncode

tests/study/test_verify.py:62: AssertionError
_ ERROR at setup of test_stratification_covers_every_observed_verdict_combination _

promoted_run = {'baseline_result': PosixPath('/tmp/pytest-of-reid/pytest-12807/stock_route_run0/baseline_result.json'), 'dir': PosixP...-12807/stock_route_run0/package_identity.json'), 'simkit': PosixPath('/home/reid/1cfe/teax/packages/teax-simkit'), ...}
tmp_path = PosixPath('/tmp/pytest-of-reid/pytest-12807/test_stratification_covers_eve0')

    @pytest.fixture
    def summary(promoted_run, tmp_path):
        out = tmp_path / "verification_summary.json"
>       run_verify(promoted_run, out, expect=0)

tests/study/test_verify.py:69: 
_ _ _ _ _ _ _ _ _ _ _ _ _ _ _ _ _ _ _ _ _ _ _ _ _ _ _ _ _ _ _ _ _ _ _ _ _ _ _ _ 

promoted_run = {'baseline_result': PosixPath('/tmp/pytest-of-reid/pytest-12807/stock_route_run0/baseline_result.json'), 'dir': PosixP...-12807/stock_route_run0/package_identity.json'), 'simkit': PosixPath('/home/reid/1cfe/teax/packages/teax-simkit'), ...}
out = PosixPath('/tmp/pytest-of-reid/pytest-12807/test_stratification_covers_eve0/verification_summary.json')
expect = 0, extra = ()
argv = ['--package', '/home/reid/1cfe/fusion-tea/exploration/stellarator_e2e/pkg/stellarator_tea', '--manifest', '/home/reid/...e/studies/manifest.json', '--identity', '/tmp/pytest-of-reid/pytest-12807/stock_route_run0/package_identity.json', ...]
done = CompletedProcess(args=['/home/reid/1cfe/fusion-tea/.venv/bin/python3', '/home/reid/1cfe/fusion-tea/scripts/study/verif...lariswpfitokconstraintmodule.py\n?? exploration/stellarator_e2e/generated/schemas/winding_pack_casing_fit_output.py\n')

    def run_verify(promoted_run, out, *extra, expect=None):
        argv = [
            "--package", str(PACKAGE),
            "--manifest", str(MANIFEST),
            "--identity", str(promoted_run["identity"]),
            "--store", str(promoted_run["store"]),
            "--out", str(out),
            *extra,
        ]
        done = subprocess.run(
            [sys.executable, str(VERIFY), *argv],
            capture_output=True, text=True, cwd=str(REPO_ROOT),
            env={**__import__("os").environ, "PYTHONPATH": str(promoted_run["simkit"])},
        )
        if expect is not None:
>           assert done.returncode == expect, f"exit {done.returncode}\n{done.stderr}"
E           AssertionError: exit 1
E             package tree is not git-clean: exploration/stellarator_e2e/generated
E             M exploration/stellarator_e2e/generated/IMPLEMENTATION_BACKLOG.md
E              M exploration/stellarator_e2e/generated/__init__.py
E              M exploration/stellarator_e2e/generated/contracts/generation_manifest.json
E              M exploration/stellarator_e2e/generated/contracts/model_contract.json
E              M exploration/stellarator_e2e/generated/contracts/package_contract.json
E              M exploration/stellarator_e2e/generated/handwritten/stellarator_09/stellaris/special_materials_capital_impl.py
E              M exploration/stellarator_e2e/generated/inputs/stellarator_plant_params.json
E              M exploration/stellarator_e2e/generated/modules/constraints/constraintreportaggregatormodule.py
E              M exploration/stellarator_e2e/generated/modules/constraints/predicates.py
E              M exploration/stellarator_e2e/generated/modules/stellarator_09/stellaris/special_materials_capital.py
E              M exploration/stellarator_e2e/generated/pipelines/pipeline.yaml
E              M exploration/stellarator_e2e/generated/schemas/stellarator_plant_params.py
E              M exploration/stellarator_e2e/generated/tests/test_implementations_runnable.py
E             ?? exploration/stellarator_e2e/generated/handwritten/mfe_winding_pack_fit/__init__.py
E             ?? exploration/stellarator_e2e/generated/handwritten/mfe_winding_pack_fit/winding_pack_casing_fit_impl.py
E             ?? exploration/stellarator_e2e/generated/modules/mfe_winding_pack_fit/__init__.py
E             ?? exploration/stellarator_e2e/generated/modules/mfe_winding_pack_fit/winding_pack_casing_fit.py
E             ?? exploration/stellarator_e2e/generated/modules/stellarator_09/stellariswpfitokconstraintmodule.py
E             ?? exploration/stellarator_e2e/generated/schemas/winding_pack_casing_fit_output.py
E             
E           assert 1 == 0
E            +  where 1 = CompletedProcess(args=['/home/reid/1cfe/fusion-tea/.venv/bin/python3', '/home/reid/1cfe/fusion-tea/scripts/study/verif...lariswpfitokconstraintmodule.py\n?? exploration/stellarator_e2e/generated/schemas/winding_pack_casing_fit_output.py\n').returncode

tests/study/test_verify.py:62: AssertionError
_ ERROR at setup of test_the_derived_seed_reproduces_from_the_recorded_fields __

promoted_run = {'baseline_result': PosixPath('/tmp/pytest-of-reid/pytest-12807/stock_route_run0/baseline_result.json'), 'dir': PosixP...-12807/stock_route_run0/package_identity.json'), 'simkit': PosixPath('/home/reid/1cfe/teax/packages/teax-simkit'), ...}
tmp_path = PosixPath('/tmp/pytest-of-reid/pytest-12807/test_the_derived_seed_reproduc0')

    @pytest.fixture
    def summary(promoted_run, tmp_path):
        out = tmp_path / "verification_summary.json"
>       run_verify(promoted_run, out, expect=0)

tests/study/test_verify.py:69: 
_ _ _ _ _ _ _ _ _ _ _ _ _ _ _ _ _ _ _ _ _ _ _ _ _ _ _ _ _ _ _ _ _ _ _ _ _ _ _ _ 

promoted_run = {'baseline_result': PosixPath('/tmp/pytest-of-reid/pytest-12807/stock_route_run0/baseline_result.json'), 'dir': PosixP...-12807/stock_route_run0/package_identity.json'), 'simkit': PosixPath('/home/reid/1cfe/teax/packages/teax-simkit'), ...}
out = PosixPath('/tmp/pytest-of-reid/pytest-12807/test_the_derived_seed_reproduc0/verification_summary.json')
expect = 0, extra = ()
argv = ['--package', '/home/reid/1cfe/fusion-tea/exploration/stellarator_e2e/pkg/stellarator_tea', '--manifest', '/home/reid/...e/studies/manifest.json', '--identity', '/tmp/pytest-of-reid/pytest-12807/stock_route_run0/package_identity.json', ...]
done = CompletedProcess(args=['/home/reid/1cfe/fusion-tea/.venv/bin/python3', '/home/reid/1cfe/fusion-tea/scripts/study/verif...lariswpfitokconstraintmodule.py\n?? exploration/stellarator_e2e/generated/schemas/winding_pack_casing_fit_output.py\n')

    def run_verify(promoted_run, out, *extra, expect=None):
        argv = [
            "--package", str(PACKAGE),
            "--manifest", str(MANIFEST),
            "--identity", str(promoted_run["identity"]),
            "--store", str(promoted_run["store"]),
            "--out", str(out),
            *extra,
        ]
        done = subprocess.run(
            [sys.executable, str(VERIFY), *argv],
            capture_output=True, text=True, cwd=str(REPO_ROOT),
            env={**__import__("os").environ, "PYTHONPATH": str(promoted_run["simkit"])},
        )
        if expect is not None:
>           assert done.returncode == expect, f"exit {done.returncode}\n{done.stderr}"
E           AssertionError: exit 1
E             package tree is not git-clean: exploration/stellarator_e2e/generated
E             M exploration/stellarator_e2e/generated/IMPLEMENTATION_BACKLOG.md
E              M exploration/stellarator_e2e/generated/__init__.py
E              M exploration/stellarator_e2e/generated/contracts/generation_manifest.json
E              M exploration/stellarator_e2e/generated/contracts/model_contract.json
E              M exploration/stellarator_e2e/generated/contracts/package_contract.json
E              M exploration/stellarator_e2e/generated/handwritten/stellarator_09/stellaris/special_materials_capital_impl.py
E              M exploration/stellarator_e2e/generated/inputs/stellarator_plant_params.json
E              M exploration/stellarator_e2e/generated/modules/constraints/constraintreportaggregatormodule.py
E              M exploration/stellarator_e2e/generated/modules/constraints/predicates.py
E              M exploration/stellarator_e2e/generated/modules/stellarator_09/stellaris/special_materials_capital.py
E              M exploration/stellarator_e2e/generated/pipelines/pipeline.yaml
E              M exploration/stellarator_e2e/generated/schemas/stellarator_plant_params.py
E              M exploration/stellarator_e2e/generated/tests/test_implementations_runnable.py
E             ?? exploration/stellarator_e2e/generated/handwritten/mfe_winding_pack_fit/__init__.py
E             ?? exploration/stellarator_e2e/generated/handwritten/mfe_winding_pack_fit/winding_pack_casing_fit_impl.py
E             ?? exploration/stellarator_e2e/generated/modules/mfe_winding_pack_fit/__init__.py
E             ?? exploration/stellarator_e2e/generated/modules/mfe_winding_pack_fit/winding_pack_casing_fit.py
E             ?? exploration/stellarator_e2e/generated/modules/stellarator_09/stellariswpfitokconstraintmodule.py
E             ?? exploration/stellarator_e2e/generated/schemas/winding_pack_casing_fit_output.py
E             
E           assert 1 == 0
E            +  where 1 = CompletedProcess(args=['/home/reid/1cfe/fusion-tea/.venv/bin/python3', '/home/reid/1cfe/fusion-tea/scripts/study/verif...lariswpfitokconstraintmodule.py\n?? exploration/stellarator_e2e/generated/schemas/winding_pack_casing_fit_output.py\n').returncode

tests/study/test_verify.py:62: AssertionError
_____ ERROR at setup of test_cas27_is_compared_and_nothing_is_undisclosed ______

promoted_run = {'baseline_result': PosixPath('/tmp/pytest-of-reid/pytest-12807/stock_route_run0/baseline_result.json'), 'dir': PosixP...-12807/stock_route_run0/package_identity.json'), 'simkit': PosixPath('/home/reid/1cfe/teax/packages/teax-simkit'), ...}
tmp_path = PosixPath('/tmp/pytest-of-reid/pytest-12807/test_cas27_is_compared_and_not0')

    @pytest.fixture
    def summary(promoted_run, tmp_path):
        out = tmp_path / "verification_summary.json"
>       run_verify(promoted_run, out, expect=0)

tests/study/test_verify.py:69: 
_ _ _ _ _ _ _ _ _ _ _ _ _ _ _ _ _ _ _ _ _ _ _ _ _ _ _ _ _ _ _ _ _ _ _ _ _ _ _ _ 

promoted_run = {'baseline_result': PosixPath('/tmp/pytest-of-reid/pytest-12807/stock_route_run0/baseline_result.json'), 'dir': PosixP...-12807/stock_route_run0/package_identity.json'), 'simkit': PosixPath('/home/reid/1cfe/teax/packages/teax-simkit'), ...}
out = PosixPath('/tmp/pytest-of-reid/pytest-12807/test_cas27_is_compared_and_not0/verification_summary.json')
expect = 0, extra = ()
argv = ['--package', '/home/reid/1cfe/fusion-tea/exploration/stellarator_e2e/pkg/stellarator_tea', '--manifest', '/home/reid/...e/studies/manifest.json', '--identity', '/tmp/pytest-of-reid/pytest-12807/stock_route_run0/package_identity.json', ...]
done = CompletedProcess(args=['/home/reid/1cfe/fusion-tea/.venv/bin/python3', '/home/reid/1cfe/fusion-tea/scripts/study/verif...lariswpfitokconstraintmodule.py\n?? exploration/stellarator_e2e/generated/schemas/winding_pack_casing_fit_output.py\n')

    def run_verify(promoted_run, out, *extra, expect=None):
        argv = [
            "--package", str(PACKAGE),
            "--manifest", str(MANIFEST),
            "--identity", str(promoted_run["identity"]),
            "--store", str(promoted_run["store"]),
            "--out", str(out),
            *extra,
        ]
        done = subprocess.run(
            [sys.executable, str(VERIFY), *argv],
            capture_output=True, text=True, cwd=str(REPO_ROOT),
            env={**__import__("os").environ, "PYTHONPATH": str(promoted_run["simkit"])},
        )
        if expect is not None:
>           assert done.returncode == expect, f"exit {done.returncode}\n{done.stderr}"
E           AssertionError: exit 1
E             package tree is not git-clean: exploration/stellarator_e2e/generated
E             M exploration/stellarator_e2e/generated/IMPLEMENTATION_BACKLOG.md
E              M exploration/stellarator_e2e/generated/__init__.py
E              M exploration/stellarator_e2e/generated/contracts/generation_manifest.json
E              M exploration/stellarator_e2e/generated/contracts/model_contract.json
E              M exploration/stellarator_e2e/generated/contracts/package_contract.json
E              M exploration/stellarator_e2e/generated/handwritten/stellarator_09/stellaris/special_materials_capital_impl.py
E              M exploration/stellarator_e2e/generated/inputs/stellarator_plant_params.json
E              M exploration/stellarator_e2e/generated/modules/constraints/constraintreportaggregatormodule.py
E              M exploration/stellarator_e2e/generated/modules/constraints/predicates.py
E              M exploration/stellarator_e2e/generated/modules/stellarator_09/stellaris/special_materials_capital.py
E              M exploration/stellarator_e2e/generated/pipelines/pipeline.yaml
E              M exploration/stellarator_e2e/generated/schemas/stellarator_plant_params.py
E              M exploration/stellarator_e2e/generated/tests/test_implementations_runnable.py
E             ?? exploration/stellarator_e2e/generated/handwritten/mfe_winding_pack_fit/__init__.py
E             ?? exploration/stellarator_e2e/generated/handwritten/mfe_winding_pack_fit/winding_pack_casing_fit_impl.py
E             ?? exploration/stellarator_e2e/generated/modules/mfe_winding_pack_fit/__init__.py
E             ?? exploration/stellarator_e2e/generated/modules/mfe_winding_pack_fit/winding_pack_casing_fit.py
E             ?? exploration/stellarator_e2e/generated/modules/stellarator_09/stellariswpfitokconstraintmodule.py
E             ?? exploration/stellarator_e2e/generated/schemas/winding_pack_casing_fit_output.py
E             
E           assert 1 == 0
E            +  where 1 = CompletedProcess(args=['/home/reid/1cfe/fusion-tea/.venv/bin/python3', '/home/reid/1cfe/fusion-tea/scripts/study/verif...lariswpfitokconstraintmodule.py\n?? exploration/stellarator_e2e/generated/schemas/winding_pack_casing_fit_output.py\n').returncode

tests/study/test_verify.py:62: AssertionError
_________ ERROR at setup of test_the_command_carries_no_absolute_paths _________

promoted_run = {'baseline_result': PosixPath('/tmp/pytest-of-reid/pytest-12807/stock_route_run0/baseline_result.json'), 'dir': PosixP...-12807/stock_route_run0/package_identity.json'), 'simkit': PosixPath('/home/reid/1cfe/teax/packages/teax-simkit'), ...}
tmp_path = PosixPath('/tmp/pytest-of-reid/pytest-12807/test_the_command_carries_no_ab0')

    @pytest.fixture
    def summary(promoted_run, tmp_path):
        out = tmp_path / "verification_summary.json"
>       run_verify(promoted_run, out, expect=0)

tests/study/test_verify.py:69: 
_ _ _ _ _ _ _ _ _ _ _ _ _ _ _ _ _ _ _ _ _ _ _ _ _ _ _ _ _ _ _ _ _ _ _ _ _ _ _ _ 

promoted_run = {'baseline_result': PosixPath('/tmp/pytest-of-reid/pytest-12807/stock_route_run0/baseline_result.json'), 'dir': PosixP...-12807/stock_route_run0/package_identity.json'), 'simkit': PosixPath('/home/reid/1cfe/teax/packages/teax-simkit'), ...}
out = PosixPath('/tmp/pytest-of-reid/pytest-12807/test_the_command_carries_no_ab0/verification_summary.json')
expect = 0, extra = ()
argv = ['--package', '/home/reid/1cfe/fusion-tea/exploration/stellarator_e2e/pkg/stellarator_tea', '--manifest', '/home/reid/...e/studies/manifest.json', '--identity', '/tmp/pytest-of-reid/pytest-12807/stock_route_run0/package_identity.json', ...]
done = CompletedProcess(args=['/home/reid/1cfe/fusion-tea/.venv/bin/python3', '/home/reid/1cfe/fusion-tea/scripts/study/verif...lariswpfitokconstraintmodule.py\n?? exploration/stellarator_e2e/generated/schemas/winding_pack_casing_fit_output.py\n')

    def run_verify(promoted_run, out, *extra, expect=None):
        argv = [
            "--package", str(PACKAGE),
            "--manifest", str(MANIFEST),
            "--identity", str(promoted_run["identity"]),
            "--store", str(promoted_run["store"]),
            "--out", str(out),
            *extra,
        ]
        done = subprocess.run(
            [sys.executable, str(VERIFY), *argv],
            capture_output=True, text=True, cwd=str(REPO_ROOT),
            env={**__import__("os").environ, "PYTHONPATH": str(promoted_run["simkit"])},
        )
        if expect is not None:
>           assert done.returncode == expect, f"exit {done.returncode}\n{done.stderr}"
E           AssertionError: exit 1
E             package tree is not git-clean: exploration/stellarator_e2e/generated
E             M exploration/stellarator_e2e/generated/IMPLEMENTATION_BACKLOG.md
E              M exploration/stellarator_e2e/generated/__init__.py
E              M exploration/stellarator_e2e/generated/contracts/generation_manifest.json
E              M exploration/stellarator_e2e/generated/contracts/model_contract.json
E              M exploration/stellarator_e2e/generated/contracts/package_contract.json
E              M exploration/stellarator_e2e/generated/handwritten/stellarator_09/stellaris/special_materials_capital_impl.py
E              M exploration/stellarator_e2e/generated/inputs/stellarator_plant_params.json
E              M exploration/stellarator_e2e/generated/modules/constraints/constraintreportaggregatormodule.py
E              M exploration/stellarator_e2e/generated/modules/constraints/predicates.py
E              M exploration/stellarator_e2e/generated/modules/stellarator_09/stellaris/special_materials_capital.py
E              M exploration/stellarator_e2e/generated/pipelines/pipeline.yaml
E              M exploration/stellarator_e2e/generated/schemas/stellarator_plant_params.py
E              M exploration/stellarator_e2e/generated/tests/test_implementations_runnable.py
E             ?? exploration/stellarator_e2e/generated/handwritten/mfe_winding_pack_fit/__init__.py
E             ?? exploration/stellarator_e2e/generated/handwritten/mfe_winding_pack_fit/winding_pack_casing_fit_impl.py
E             ?? exploration/stellarator_e2e/generated/modules/mfe_winding_pack_fit/__init__.py
E             ?? exploration/stellarator_e2e/generated/modules/mfe_winding_pack_fit/winding_pack_casing_fit.py
E             ?? exploration/stellarator_e2e/generated/modules/stellarator_09/stellariswpfitokconstraintmodule.py
E             ?? exploration/stellarator_e2e/generated/schemas/winding_pack_casing_fit_output.py
E             
E           assert 1 == 0
E            +  where 1 = CompletedProcess(args=['/home/reid/1cfe/fusion-tea/.venv/bin/python3', '/home/reid/1cfe/fusion-tea/scripts/study/verif...lariswpfitokconstraintmodule.py\n?? exploration/stellarator_e2e/generated/schemas/winding_pack_casing_fit_output.py\n').returncode

tests/study/test_verify.py:62: AssertionError
_ ERROR at setup of test_the_operand_bindings_digest_is_the_documented_canonicalization _

promoted_run = {'baseline_result': PosixPath('/tmp/pytest-of-reid/pytest-12807/stock_route_run0/baseline_result.json'), 'dir': PosixP...-12807/stock_route_run0/package_identity.json'), 'simkit': PosixPath('/home/reid/1cfe/teax/packages/teax-simkit'), ...}
tmp_path = PosixPath('/tmp/pytest-of-reid/pytest-12807/test_the_operand_bindings_dige0')

    @pytest.fixture
    def summary(promoted_run, tmp_path):
        out = tmp_path / "verification_summary.json"
>       run_verify(promoted_run, out, expect=0)

tests/study/test_verify.py:69: 
_ _ _ _ _ _ _ _ _ _ _ _ _ _ _ _ _ _ _ _ _ _ _ _ _ _ _ _ _ _ _ _ _ _ _ _ _ _ _ _ 

promoted_run = {'baseline_result': PosixPath('/tmp/pytest-of-reid/pytest-12807/stock_route_run0/baseline_result.json'), 'dir': PosixP...-12807/stock_route_run0/package_identity.json'), 'simkit': PosixPath('/home/reid/1cfe/teax/packages/teax-simkit'), ...}
out = PosixPath('/tmp/pytest-of-reid/pytest-12807/test_the_operand_bindings_dige0/verification_summary.json')
expect = 0, extra = ()
argv = ['--package', '/home/reid/1cfe/fusion-tea/exploration/stellarator_e2e/pkg/stellarator_tea', '--manifest', '/home/reid/...e/studies/manifest.json', '--identity', '/tmp/pytest-of-reid/pytest-12807/stock_route_run0/package_identity.json', ...]
done = CompletedProcess(args=['/home/reid/1cfe/fusion-tea/.venv/bin/python3', '/home/reid/1cfe/fusion-tea/scripts/study/verif...lariswpfitokconstraintmodule.py\n?? exploration/stellarator_e2e/generated/schemas/winding_pack_casing_fit_output.py\n')

    def run_verify(promoted_run, out, *extra, expect=None):
        argv = [
            "--package", str(PACKAGE),
            "--manifest", str(MANIFEST),
            "--identity", str(promoted_run["identity"]),
            "--store", str(promoted_run["store"]),
            "--out", str(out),
            *extra,
        ]
        done = subprocess.run(
            [sys.executable, str(VERIFY), *argv],
            capture_output=True, text=True, cwd=str(REPO_ROOT),
            env={**__import__("os").environ, "PYTHONPATH": str(promoted_run["simkit"])},
        )
        if expect is not None:
>           assert done.returncode == expect, f"exit {done.returncode}\n{done.stderr}"
E           AssertionError: exit 1
E             package tree is not git-clean: exploration/stellarator_e2e/generated
E             M exploration/stellarator_e2e/generated/IMPLEMENTATION_BACKLOG.md
E              M exploration/stellarator_e2e/generated/__init__.py
E              M exploration/stellarator_e2e/generated/contracts/generation_manifest.json
E              M exploration/stellarator_e2e/generated/contracts/model_contract.json
E              M exploration/stellarator_e2e/generated/contracts/package_contract.json
E              M exploration/stellarator_e2e/generated/handwritten/stellarator_09/stellaris/special_materials_capital_impl.py
E              M exploration/stellarator_e2e/generated/inputs/stellarator_plant_params.json
E              M exploration/stellarator_e2e/generated/modules/constraints/constraintreportaggregatormodule.py
E              M exploration/stellarator_e2e/generated/modules/constraints/predicates.py
E              M exploration/stellarator_e2e/generated/modules/stellarator_09/stellaris/special_materials_capital.py
E              M exploration/stellarator_e2e/generated/pipelines/pipeline.yaml
E              M exploration/stellarator_e2e/generated/schemas/stellarator_plant_params.py
E              M exploration/stellarator_e2e/generated/tests/test_implementations_runnable.py
E             ?? exploration/stellarator_e2e/generated/handwritten/mfe_winding_pack_fit/__init__.py
E             ?? exploration/stellarator_e2e/generated/handwritten/mfe_winding_pack_fit/winding_pack_casing_fit_impl.py
E             ?? exploration/stellarator_e2e/generated/modules/mfe_winding_pack_fit/__init__.py
E             ?? exploration/stellarator_e2e/generated/modules/mfe_winding_pack_fit/winding_pack_casing_fit.py
E             ?? exploration/stellarator_e2e/generated/modules/stellarator_09/stellariswpfitokconstraintmodule.py
E             ?? exploration/stellarator_e2e/generated/schemas/winding_pack_casing_fit_output.py
E             
E           assert 1 == 0
E            +  where 1 = CompletedProcess(args=['/home/reid/1cfe/fusion-tea/.venv/bin/python3', '/home/reid/1cfe/fusion-tea/scripts/study/verif...lariswpfitokconstraintmodule.py\n?? exploration/stellarator_e2e/generated/schemas/winding_pack_casing_fit_output.py\n').returncode

tests/study/test_verify.py:62: AssertionError
_ ERROR at setup of test_stored_operating_controls_preserve_procurement_and_signed_capacity _

tmp_path_factory = TempPathFactory(_given_basetemp=None, _trace=<pluggy._tracing.TagTracerSub object at 0x773803e45b20>, _basetemp=PosixPath('/tmp/pytest-of-reid/pytest-12807'), _retention_count=3, _retention_policy='all')
stock_simkit_session_path = PosixPath('/home/reid/1cfe/teax/packages/teax-simkit')

    @pytest.fixture(scope="module")
    def operating_controls(tmp_path_factory, stock_simkit_session_path):
        """Stored native baseline, installed reserve and physical demand controls."""
        sys.path.insert(0, str(MANIFEST.parent))
        import study_route
    
        out = tmp_path_factory.mktemp("operating-controls")
        baseline = json.loads(MANIFEST.read_text())["baseline"]["point"]
        P = study_route.P
        proposals = [baseline, {**baseline, f"{P}heating__p_wallplug_heat": 120.0},
                     {**baseline, f"{P}plasma__f_alpha_fast": 0.96}]
        cases, db = study_route.run_points("operating-controls", proposals, out / "_work")
        assert len(cases) == 3 and all(case.state == "completed" for case in cases)
        ident = study_route.write_identity_document(study_route.PACKAGE_DIR, out / "identity.json")
>       summary = verify.build_summary(PACKAGE, MANIFEST, ident, [db], 3, None, [])
                  ^^^^^^^^^^^^^^^^^^^^^^^^^^^^^^^^^^^^^^^^^^^^^^^^^^^^^^^^^^^^^^^^^

tests/study/test_verify.py:309: 
_ _ _ _ _ _ _ _ _ _ _ _ _ _ _ _ _ _ _ _ _ _ _ _ _ _ _ _ _ _ _ _ _ _ _ _ _ _ _ _ 
scripts/study/verify.py:481: in build_summary
    common.assert_tree_clean(package_root)
_ _ _ _ _ _ _ _ _ _ _ _ _ _ _ _ _ _ _ _ _ _ _ _ _ _ _ _ _ _ _ _ _ _ _ _ _ _ _ _ 

tree = PosixPath('/home/reid/1cfe/fusion-tea/exploration/stellarator_e2e/pkg/stellarator_tea')

    def assert_tree_clean(tree: Path | str) -> None:
        """The gate: a package tree must be byte-untouched. Names every offending file."""
        dirty = git_status_porcelain(tree)
        if dirty:
>           raise ToolError(
                f"package tree is not git-clean: {manifest_mod.repo_relative_posix(tree)}\n{dirty}"
            )
E           scripts.study.common.ToolError: package tree is not git-clean: exploration/stellarator_e2e/generated
E           M exploration/stellarator_e2e/generated/IMPLEMENTATION_BACKLOG.md
E            M exploration/stellarator_e2e/generated/__init__.py
E            M exploration/stellarator_e2e/generated/contracts/generation_manifest.json
E            M exploration/stellarator_e2e/generated/contracts/model_contract.json
E            M exploration/stellarator_e2e/generated/contracts/package_contract.json
E            M exploration/stellarator_e2e/generated/handwritten/stellarator_09/stellaris/special_materials_capital_impl.py
E            M exploration/stellarator_e2e/generated/inputs/stellarator_plant_params.json
E            M exploration/stellarator_e2e/generated/modules/constraints/constraintreportaggregatormodule.py
E            M exploration/stellarator_e2e/generated/modules/constraints/predicates.py
E            M exploration/stellarator_e2e/generated/modules/stellarator_09/stellaris/special_materials_capital.py
E            M exploration/stellarator_e2e/generated/pipelines/pipeline.yaml
E            M exploration/stellarator_e2e/generated/schemas/stellarator_plant_params.py
E            M exploration/stellarator_e2e/generated/tests/test_implementations_runnable.py
E           ?? exploration/stellarator_e2e/generated/handwritten/mfe_winding_pack_fit/__init__.py
E           ?? exploration/stellarator_e2e/generated/handwritten/mfe_winding_pack_fit/winding_pack_casing_fit_impl.py
E           ?? exploration/stellarator_e2e/generated/modules/mfe_winding_pack_fit/__init__.py
E           ?? exploration/stellarator_e2e/generated/modules/mfe_winding_pack_fit/winding_pack_casing_fit.py
E           ?? exploration/stellarator_e2e/generated/modules/stellarator_09/stellariswpfitokconstraintmodule.py
E           ?? exploration/stellarator_e2e/generated/schemas/winding_pack_casing_fit_output.py

scripts/study/common.py:81: ToolError
=================================== FAILURES ===================================
___________________ test_heating_efficiency_scalar_consumers ___________________

native = (PosixPath('/tmp/wi052-operating-regression-5y8wfuib'), {'availability': {'outputs': {'stellarator_09__stellaris__aux_...total': 0.0, 'stellarator_09__stellaris__R': 12.7, ...}, PosixPath('/tmp/pytest-of-reid/pytest-12807/wi050-evidence0'))
boundaries = {'couple_negative': {'outputs': {'boundary_fixture__allzero__heat__eta_pin_eff': 1.0, 'boundary_fixture__allzero__heat...le_zero': {'error': 'EvaluationFailed', 'message': 'module_execution: ZeroDivisionError: float division by zero'}, ...}

    def test_heating_efficiency_scalar_consumers(native,boundaries):
        from scripts.study import indicators,verify
        scratch,_,_,_=native
        entries=json.loads((scratch/'generated/contracts/model_contract.json').read_text())['constraint_catalog']['concrete_entries']
        assert len(entries)==19
>       assert sum(len(verify.feature_refs(json.loads(e['predicate_ir']))) for e in entries)==28
E       assert 29 == 28
E        +  where 29 = sum(<generator object test_heating_efficiency_scalar_consumers.<locals>.<genexpr> at 0x7737dae7da40>)

tests/models/test_mfe_operating_heating.py:82: AssertionError
____________________ test_operating_heat_reserve_invariance ____________________

native = (PosixPath('/tmp/wi052-operating-regression-5y8wfuib'), {'availability': {'outputs': {'stellarator_09__stellaris__aux_...total': 0.0, 'stellarator_09__stellaris__R': 12.7, ...}, PosixPath('/tmp/pytest-of-reid/pytest-12807/wi050-evidence0'))

    def test_operating_heat_reserve_invariance(native):
        _,results,inputs,_=native
        # Frozen WI-050 checker retains its original eighteen-predicate scope.
>       historical = {name: dict(row, responses={k: v for k, v in row['responses'].items() if 'wp_fit_ok' not in k}) for name, row in results.items()}
                                                                  ^^^^^^^^^^^^^^^^
E       KeyError: 'responses'

tests/models/test_mfe_operating_heating.py:139: KeyError
____ test_current_radius_controls_match_frozen_model_and_independent_oracle ____

tmp_path = PosixPath('/tmp/pytest-of-reid/pytest-12807/test_current_radius_controls_m0')
stock_simkit_path = PosixPath('/home/reid/1cfe/teax/packages/teax-simkit')

    def test_current_radius_controls_match_frozen_model_and_independent_oracle(
        tmp_path, stock_simkit_path
    ):
        from tests.study import financial_radius_controls as controls
    
>       results = controls.check_controls(tmp_path)
                  ^^^^^^^^^^^^^^^^^^^^^^^^^^^^^^^^^

tests/study/test_major_radius.py:97: 
_ _ _ _ _ _ _ _ _ _ _ _ _ _ _ _ _ _ _ _ _ _ _ _ _ _ _ _ _ _ _ _ _ _ _ _ _ _ _ _ 
tests/study/financial_radius_controls.py:96: in check_controls
    summary = verify.build_summary(
scripts/study/verify.py:481: in build_summary
    common.assert_tree_clean(package_root)
_ _ _ _ _ _ _ _ _ _ _ _ _ _ _ _ _ _ _ _ _ _ _ _ _ _ _ _ _ _ _ _ _ _ _ _ _ _ _ _ 

tree = PosixPath('/home/reid/1cfe/fusion-tea/exploration/stellarator_e2e/generated')

    def assert_tree_clean(tree: Path | str) -> None:
        """The gate: a package tree must be byte-untouched. Names every offending file."""
        dirty = git_status_porcelain(tree)
        if dirty:
>           raise ToolError(
                f"package tree is not git-clean: {manifest_mod.repo_relative_posix(tree)}\n{dirty}"
            )
E           scripts.study.common.ToolError: package tree is not git-clean: exploration/stellarator_e2e/generated
E           M exploration/stellarator_e2e/generated/IMPLEMENTATION_BACKLOG.md
E            M exploration/stellarator_e2e/generated/__init__.py
E            M exploration/stellarator_e2e/generated/contracts/generation_manifest.json
E            M exploration/stellarator_e2e/generated/contracts/model_contract.json
E            M exploration/stellarator_e2e/generated/contracts/package_contract.json
E            M exploration/stellarator_e2e/generated/handwritten/stellarator_09/stellaris/special_materials_capital_impl.py
E            M exploration/stellarator_e2e/generated/inputs/stellarator_plant_params.json
E            M exploration/stellarator_e2e/generated/modules/constraints/constraintreportaggregatormodule.py
E            M exploration/stellarator_e2e/generated/modules/constraints/predicates.py
E            M exploration/stellarator_e2e/generated/modules/stellarator_09/stellaris/special_materials_capital.py
E            M exploration/stellarator_e2e/generated/pipelines/pipeline.yaml
E            M exploration/stellarator_e2e/generated/schemas/stellarator_plant_params.py
E            M exploration/stellarator_e2e/generated/tests/test_implementations_runnable.py
E           ?? exploration/stellarator_e2e/generated/handwritten/mfe_winding_pack_fit/__init__.py
E           ?? exploration/stellarator_e2e/generated/handwritten/mfe_winding_pack_fit/winding_pack_casing_fit_impl.py
E           ?? exploration/stellarator_e2e/generated/modules/mfe_winding_pack_fit/__init__.py
E           ?? exploration/stellarator_e2e/generated/modules/mfe_winding_pack_fit/winding_pack_casing_fit.py
E           ?? exploration/stellarator_e2e/generated/modules/stellarator_09/stellariswpfitokconstraintmodule.py
E           ?? exploration/stellarator_e2e/generated/schemas/winding_pack_casing_fit_output.py

scripts/study/common.py:81: ToolError
___________________ test_stratification_is_a_floor_not_a_cap ___________________

promoted_run = {'baseline_result': PosixPath('/tmp/pytest-of-reid/pytest-12807/stock_route_run0/baseline_result.json'), 'dir': PosixP...-12807/stock_route_run0/package_identity.json'), 'simkit': PosixPath('/home/reid/1cfe/teax/packages/teax-simkit'), ...}
tmp_path = PosixPath('/tmp/pytest-of-reid/pytest-12807/test_stratification_is_a_floor0')

    def test_stratification_is_a_floor_not_a_cap(promoted_run, tmp_path):
        """Asked for one row, every stratum still appears."""
        out = tmp_path / "summary.json"
>       run_verify(promoted_run, out, "--sample-size", "1", expect=0)

tests/study/test_verify.py:129: 
_ _ _ _ _ _ _ _ _ _ _ _ _ _ _ _ _ _ _ _ _ _ _ _ _ _ _ _ _ _ _ _ _ _ _ _ _ _ _ _ 

promoted_run = {'baseline_result': PosixPath('/tmp/pytest-of-reid/pytest-12807/stock_route_run0/baseline_result.json'), 'dir': PosixP...-12807/stock_route_run0/package_identity.json'), 'simkit': PosixPath('/home/reid/1cfe/teax/packages/teax-simkit'), ...}
out = PosixPath('/tmp/pytest-of-reid/pytest-12807/test_stratification_is_a_floor0/summary.json')
expect = 0, extra = ('--sample-size', '1')
argv = ['--package', '/home/reid/1cfe/fusion-tea/exploration/stellarator_e2e/pkg/stellarator_tea', '--manifest', '/home/reid/...e/studies/manifest.json', '--identity', '/tmp/pytest-of-reid/pytest-12807/stock_route_run0/package_identity.json', ...]
done = CompletedProcess(args=['/home/reid/1cfe/fusion-tea/.venv/bin/python3', '/home/reid/1cfe/fusion-tea/scripts/study/verif...lariswpfitokconstraintmodule.py\n?? exploration/stellarator_e2e/generated/schemas/winding_pack_casing_fit_output.py\n')

    def run_verify(promoted_run, out, *extra, expect=None):
        argv = [
            "--package", str(PACKAGE),
            "--manifest", str(MANIFEST),
            "--identity", str(promoted_run["identity"]),
            "--store", str(promoted_run["store"]),
            "--out", str(out),
            *extra,
        ]
        done = subprocess.run(
            [sys.executable, str(VERIFY), *argv],
            capture_output=True, text=True, cwd=str(REPO_ROOT),
            env={**__import__("os").environ, "PYTHONPATH": str(promoted_run["simkit"])},
        )
        if expect is not None:
>           assert done.returncode == expect, f"exit {done.returncode}\n{done.stderr}"
E           AssertionError: exit 1
E             package tree is not git-clean: exploration/stellarator_e2e/generated
E             M exploration/stellarator_e2e/generated/IMPLEMENTATION_BACKLOG.md
E              M exploration/stellarator_e2e/generated/__init__.py
E              M exploration/stellarator_e2e/generated/contracts/generation_manifest.json
E              M exploration/stellarator_e2e/generated/contracts/model_contract.json
E              M exploration/stellarator_e2e/generated/contracts/package_contract.json
E              M exploration/stellarator_e2e/generated/handwritten/stellarator_09/stellaris/special_materials_capital_impl.py
E              M exploration/stellarator_e2e/generated/inputs/stellarator_plant_params.json
E              M exploration/stellarator_e2e/generated/modules/constraints/constraintreportaggregatormodule.py
E              M exploration/stellarator_e2e/generated/modules/constraints/predicates.py
E              M exploration/stellarator_e2e/generated/modules/stellarator_09/stellaris/special_materials_capital.py
E              M exploration/stellarator_e2e/generated/pipelines/pipeline.yaml
E              M exploration/stellarator_e2e/generated/schemas/stellarator_plant_params.py
E              M exploration/stellarator_e2e/generated/tests/test_implementations_runnable.py
E             ?? exploration/stellarator_e2e/generated/handwritten/mfe_winding_pack_fit/__init__.py
E             ?? exploration/stellarator_e2e/generated/handwritten/mfe_winding_pack_fit/winding_pack_casing_fit_impl.py
E             ?? exploration/stellarator_e2e/generated/modules/mfe_winding_pack_fit/__init__.py
E             ?? exploration/stellarator_e2e/generated/modules/mfe_winding_pack_fit/winding_pack_casing_fit.py
E             ?? exploration/stellarator_e2e/generated/modules/stellarator_09/stellariswpfitokconstraintmodule.py
E             ?? exploration/stellarator_e2e/generated/schemas/winding_pack_casing_fit_output.py
E             
E           assert 1 == 0
E            +  where 1 = CompletedProcess(args=['/home/reid/1cfe/fusion-tea/.venv/bin/python3', '/home/reid/1cfe/fusion-tea/scripts/study/verif...lariswpfitokconstraintmodule.py\n?? exploration/stellarator_e2e/generated/schemas/winding_pack_casing_fit_output.py\n').returncode

tests/study/test_verify.py:62: AssertionError
________________ test_an_explicit_seed_is_recorded_as_explicit _________________

promoted_run = {'baseline_result': PosixPath('/tmp/pytest-of-reid/pytest-12807/stock_route_run0/baseline_result.json'), 'dir': PosixP...-12807/stock_route_run0/package_identity.json'), 'simkit': PosixPath('/home/reid/1cfe/teax/packages/teax-simkit'), ...}
tmp_path = PosixPath('/tmp/pytest-of-reid/pytest-12807/test_an_explicit_seed_is_recor0')

    def test_an_explicit_seed_is_recorded_as_explicit(promoted_run, tmp_path):
        out = tmp_path / "summary.json"
>       run_verify(promoted_run, out, "--seed", "beef", expect=0)

tests/study/test_verify.py:145: 
_ _ _ _ _ _ _ _ _ _ _ _ _ _ _ _ _ _ _ _ _ _ _ _ _ _ _ _ _ _ _ _ _ _ _ _ _ _ _ _ 

promoted_run = {'baseline_result': PosixPath('/tmp/pytest-of-reid/pytest-12807/stock_route_run0/baseline_result.json'), 'dir': PosixP...-12807/stock_route_run0/package_identity.json'), 'simkit': PosixPath('/home/reid/1cfe/teax/packages/teax-simkit'), ...}
out = PosixPath('/tmp/pytest-of-reid/pytest-12807/test_an_explicit_seed_is_recor0/summary.json')
expect = 0, extra = ('--seed', 'beef')
argv = ['--package', '/home/reid/1cfe/fusion-tea/exploration/stellarator_e2e/pkg/stellarator_tea', '--manifest', '/home/reid/...e/studies/manifest.json', '--identity', '/tmp/pytest-of-reid/pytest-12807/stock_route_run0/package_identity.json', ...]
done = CompletedProcess(args=['/home/reid/1cfe/fusion-tea/.venv/bin/python3', '/home/reid/1cfe/fusion-tea/scripts/study/verif...lariswpfitokconstraintmodule.py\n?? exploration/stellarator_e2e/generated/schemas/winding_pack_casing_fit_output.py\n')

    def run_verify(promoted_run, out, *extra, expect=None):
        argv = [
            "--package", str(PACKAGE),
            "--manifest", str(MANIFEST),
            "--identity", str(promoted_run["identity"]),
            "--store", str(promoted_run["store"]),
            "--out", str(out),
            *extra,
        ]
        done = subprocess.run(
            [sys.executable, str(VERIFY), *argv],
            capture_output=True, text=True, cwd=str(REPO_ROOT),
            env={**__import__("os").environ, "PYTHONPATH": str(promoted_run["simkit"])},
        )
        if expect is not None:
>           assert done.returncode == expect, f"exit {done.returncode}\n{done.stderr}"
E           AssertionError: exit 1
E             package tree is not git-clean: exploration/stellarator_e2e/generated
E             M exploration/stellarator_e2e/generated/IMPLEMENTATION_BACKLOG.md
E              M exploration/stellarator_e2e/generated/__init__.py
E              M exploration/stellarator_e2e/generated/contracts/generation_manifest.json
E              M exploration/stellarator_e2e/generated/contracts/model_contract.json
E              M exploration/stellarator_e2e/generated/contracts/package_contract.json
E              M exploration/stellarator_e2e/generated/handwritten/stellarator_09/stellaris/special_materials_capital_impl.py
E              M exploration/stellarator_e2e/generated/inputs/stellarator_plant_params.json
E              M exploration/stellarator_e2e/generated/modules/constraints/constraintreportaggregatormodule.py
E              M exploration/stellarator_e2e/generated/modules/constraints/predicates.py
E              M exploration/stellarator_e2e/generated/modules/stellarator_09/stellaris/special_materials_capital.py
E              M exploration/stellarator_e2e/generated/pipelines/pipeline.yaml
E              M exploration/stellarator_e2e/generated/schemas/stellarator_plant_params.py
E              M exploration/stellarator_e2e/generated/tests/test_implementations_runnable.py
E             ?? exploration/stellarator_e2e/generated/handwritten/mfe_winding_pack_fit/__init__.py
E             ?? exploration/stellarator_e2e/generated/handwritten/mfe_winding_pack_fit/winding_pack_casing_fit_impl.py
E             ?? exploration/stellarator_e2e/generated/modules/mfe_winding_pack_fit/__init__.py
E             ?? exploration/stellarator_e2e/generated/modules/mfe_winding_pack_fit/winding_pack_casing_fit.py
E             ?? exploration/stellarator_e2e/generated/modules/stellarator_09/stellariswpfitokconstraintmodule.py
E             ?? exploration/stellarator_e2e/generated/schemas/winding_pack_casing_fit_output.py
E             
E           assert 1 == 0
E            +  where 1 = CompletedProcess(args=['/home/reid/1cfe/fusion-tea/.venv/bin/python3', '/home/reid/1cfe/fusion-tea/scripts/study/verif...lariswpfitokconstraintmodule.py\n?? exploration/stellarator_e2e/generated/schemas/winding_pack_casing_fit_output.py\n').returncode

tests/study/test_verify.py:62: AssertionError
______________________ test_the_stores_are_never_written _______________________

promoted_run = {'baseline_result': PosixPath('/tmp/pytest-of-reid/pytest-12807/stock_route_run0/baseline_result.json'), 'dir': PosixP...-12807/stock_route_run0/package_identity.json'), 'simkit': PosixPath('/home/reid/1cfe/teax/packages/teax-simkit'), ...}
tmp_path = PosixPath('/tmp/pytest-of-reid/pytest-12807/test_the_stores_are_never_writ0')

    def test_the_stores_are_never_written(promoted_run, tmp_path):
        import hashlib
    
        before = hashlib.sha256(promoted_run["store"].read_bytes()).hexdigest()
>       run_verify(promoted_run, tmp_path / "summary.json", expect=0)

tests/study/test_verify.py:291: 
_ _ _ _ _ _ _ _ _ _ _ _ _ _ _ _ _ _ _ _ _ _ _ _ _ _ _ _ _ _ _ _ _ _ _ _ _ _ _ _ 

promoted_run = {'baseline_result': PosixPath('/tmp/pytest-of-reid/pytest-12807/stock_route_run0/baseline_result.json'), 'dir': PosixP...-12807/stock_route_run0/package_identity.json'), 'simkit': PosixPath('/home/reid/1cfe/teax/packages/teax-simkit'), ...}
out = PosixPath('/tmp/pytest-of-reid/pytest-12807/test_the_stores_are_never_writ0/summary.json')
expect = 0, extra = ()
argv = ['--package', '/home/reid/1cfe/fusion-tea/exploration/stellarator_e2e/pkg/stellarator_tea', '--manifest', '/home/reid/...e/studies/manifest.json', '--identity', '/tmp/pytest-of-reid/pytest-12807/stock_route_run0/package_identity.json', ...]
done = CompletedProcess(args=['/home/reid/1cfe/fusion-tea/.venv/bin/python3', '/home/reid/1cfe/fusion-tea/scripts/study/verif...lariswpfitokconstraintmodule.py\n?? exploration/stellarator_e2e/generated/schemas/winding_pack_casing_fit_output.py\n')

    def run_verify(promoted_run, out, *extra, expect=None):
        argv = [
            "--package", str(PACKAGE),
            "--manifest", str(MANIFEST),
            "--identity", str(promoted_run["identity"]),
            "--store", str(promoted_run["store"]),
            "--out", str(out),
            *extra,
        ]
        done = subprocess.run(
            [sys.executable, str(VERIFY), *argv],
            capture_output=True, text=True, cwd=str(REPO_ROOT),
            env={**__import__("os").environ, "PYTHONPATH": str(promoted_run["simkit"])},
        )
        if expect is not None:
>           assert done.returncode == expect, f"exit {done.returncode}\n{done.stderr}"
E           AssertionError: exit 1
E             package tree is not git-clean: exploration/stellarator_e2e/generated
E             M exploration/stellarator_e2e/generated/IMPLEMENTATION_BACKLOG.md
E              M exploration/stellarator_e2e/generated/__init__.py
E              M exploration/stellarator_e2e/generated/contracts/generation_manifest.json
E              M exploration/stellarator_e2e/generated/contracts/model_contract.json
E              M exploration/stellarator_e2e/generated/contracts/package_contract.json
E              M exploration/stellarator_e2e/generated/handwritten/stellarator_09/stellaris/special_materials_capital_impl.py
E              M exploration/stellarator_e2e/generated/inputs/stellarator_plant_params.json
E              M exploration/stellarator_e2e/generated/modules/constraints/constraintreportaggregatormodule.py
E              M exploration/stellarator_e2e/generated/modules/constraints/predicates.py
E              M exploration/stellarator_e2e/generated/modules/stellarator_09/stellaris/special_materials_capital.py
E              M exploration/stellarator_e2e/generated/pipelines/pipeline.yaml
E              M exploration/stellarator_e2e/generated/schemas/stellarator_plant_params.py
E              M exploration/stellarator_e2e/generated/tests/test_implementations_runnable.py
E             ?? exploration/stellarator_e2e/generated/handwritten/mfe_winding_pack_fit/__init__.py
E             ?? exploration/stellarator_e2e/generated/handwritten/mfe_winding_pack_fit/winding_pack_casing_fit_impl.py
E             ?? exploration/stellarator_e2e/generated/modules/mfe_winding_pack_fit/__init__.py
E             ?? exploration/stellarator_e2e/generated/modules/mfe_winding_pack_fit/winding_pack_casing_fit.py
E             ?? exploration/stellarator_e2e/generated/modules/stellarator_09/stellariswpfitokconstraintmodule.py
E             ?? exploration/stellarator_e2e/generated/schemas/winding_pack_casing_fit_output.py
E             
E           assert 1 == 0
E            +  where 1 = CompletedProcess(args=['/home/reid/1cfe/fusion-tea/.venv/bin/python3', '/home/reid/1cfe/fusion-tea/scripts/study/verif...lariswpfitokconstraintmodule.py\n?? exploration/stellarator_e2e/generated/schemas/winding_pack_casing_fit_output.py\n').returncode

tests/study/test_verify.py:62: AssertionError
___________ test_I_coil_reaches_the_field_constraints_through_calcs ____________

report = {'axis_declaration': {'digest': '6794e8b4d3a643d45cf8bfb499e82ada37de3940f9b31c93a4f2cbcbdd92609b', 'groups_declared':...me-quantity identity across differing key names', 'intra-module operand dependency (the trace is module-level)']}, ...}

    def test_I_coil_reaches_the_field_constraints_through_calcs(report):
        """WI-035 gave the coil-current lever the field-side constraints (beta_ok,
        peak_field_ok, wp_stress_ok). WI-037 extends its reach through the ISS04
        sustainment chain: B feeds tau_E, the ash/fuel state, and p_aux_required,
        so I_coil now also reaches sustainment_ok and — through the computed fuel —
        the whole fusion-derived chain (net_positive, recirc_ok, wall_load_ok).
        This is the structural close of discovery row 20260823-magnet-technology-ab#4
        ("field is never rewarded"): the field lever finally has a path to fusion
        power. Computed-vs-bound throughout, with two exceptions: net_positive is
        computed vs a literal 0, and since WI-039 sustainment_ok is computed vs
        *computed* — its installed side is the heating chain's coupled power, not the
        held p_input it used to be."""
        group = group_by_axis(report, "I_coil")
        reached = {c["source_local_identity"]: c for c in group["constraints_reachable"]}
        # WI-036 adds cond_strain_ok: the winding-pack sizing chain runs off I_coil,
        # so the conductor's own check is reached by the same lever that reaches the
        # structure's -- the conductor is not left unchecked by the field sweep.
        # WI-043 adds burn_hold_ok: the lower half of the sustainment condition reads the
        # same computed operand, so every lever that reaches sustainment_ok reaches it.
        # WI-045 (goal plant-closure, 2026-09-08) adds the two loop fences and the cycle
        # domain fence: the reactor source heat sizes the loop's flow from the fusion power,
        # so every lever that reaches fusion reaches loop_pressure_ok, loop_capacity_ok and
        # cycle_domain_ok (the cycle reads the loop's outlet).
        # WI-047 (goal plant-closure, 2026-09-08) adds divertor_heat_ok: the ledger's absorbed
        # heating is the sustainment chain's alpha heating plus the coupled heating, so every
        # lever that reaches the sustainment chain reaches the computed target peak.
>       assert set(reached) == {
            "beta_ok", "peak_field_ok", "wp_stress_ok", "cond_strain_ok",
            "sustainment_ok", "net_positive", "recirc_ok", "wall_load_ok",
            "burn_hold_ok", "loop_pressure_ok", "loop_capacity_ok", "cycle_domain_ok",
            "divertor_heat_ok",
        }
E       AssertionError: assert {'beta_ok', '...city_ok', ...} == {'beta_ok', '...city_ok', ...}
E         
E         Extra items in the left set:
E         'wp_fit_ok'
E         Use -v to get more diff

tests/study/test_known_answers.py:225: AssertionError
=============================== warnings summary ===============================
tests/models/test_winding_pack_fit.py: 11 warnings
tests/models/test_tape_procurement.py: 13 warnings
tests/models/test_winding_pack_cost.py: 2 warnings
tests/models/test_conductor_grade.py: 3 warnings
tests/study/test_verify.py: 2 warnings
  /home/reid/1cfe/fusion-tea/.venv/lib/python3.12/site-packages/pydantic/main.py:464: UserWarning: Pydantic serializer warnings:
    PydanticSerializationUnexpectedValue(Expected `bool` - serialized value may not be as expected [field_name='stellarator_09__stellaris__cryoplant__inventory_enabled', input_value=1.0, input_type=float])
    return self.__pydantic_serializer__.to_python(

-- Docs: https://docs.pytest.org/en/stable/how-to/capture-warnings.html
=========================== short test summary info ============================
FAILED tests/models/test_mfe_operating_heating.py::test_heating_efficiency_scalar_consumers
FAILED tests/models/test_mfe_operating_heating.py::test_operating_heat_reserve_invariance
FAILED tests/study/test_major_radius.py::test_current_radius_controls_match_frozen_model_and_independent_oracle
FAILED tests/study/test_verify.py::test_stratification_is_a_floor_not_a_cap
FAILED tests/study/test_verify.py::test_an_explicit_seed_is_recorded_as_explicit
FAILED tests/study/test_verify.py::test_the_stores_are_never_written - Assert...
FAILED tests/study/test_known_answers.py::test_I_coil_reaches_the_field_constraints_through_calcs
ERROR tests/study/test_verify.py::test_the_summary_validates_against_its_schema
ERROR tests/study/test_verify.py::test_the_summary_is_a_superset_of_the_committed_field_set
ERROR tests/study/test_verify.py::test_parity_holds_at_the_committed_order_of_magnitude
ERROR tests/study/test_verify.py::test_every_catalog_constraint_is_rederived_with_its_operand_count
ERROR tests/study/test_verify.py::test_stratification_covers_every_observed_verdict_combination
ERROR tests/study/test_verify.py::test_the_derived_seed_reproduces_from_the_recorded_fields
ERROR tests/study/test_verify.py::test_cas27_is_compared_and_nothing_is_undisclosed
ERROR tests/study/test_verify.py::test_the_command_carries_no_absolute_paths
ERROR tests/study/test_verify.py::test_the_operand_bindings_digest_is_the_documented_canonicalization
ERROR tests/study/test_verify.py::test_stored_operating_controls_preserve_procurement_and_signed_capacity
7 failed, 526 passed, 1 skipped, 31 warnings, 10 errors in 326.57s (0:05:26)
