INFO: Generating code from /home/reid/1cfe/fusion-tea/exploration/stellarator_materials/units/rebco/input_models
INFO: Output to /home/reid/1cfe/fusion-tea/exploration/stellarator_materials/units/rebco/stellarator_materials_rebco_tea
INFO: Package name: stellarator_materials_rebco_tea
INFO: Building pipeline context...
WARNING: Extraction diagnostic: [advisory/vacuous_asserted_gate] ///home/reid/1cfe/fusion-tea/exploration/stellarator_materials/units/rebco/input_models/analyses/magnet_material_variants.sysml:245:9: asserted constraint magnet_material_variants::'Nb3Sn Magnet System'::acceptance_ok can never be checked: its owner magnet_material_variants::'Nb3Sn Magnet System' is not typed by any part usage in the model, so nothing instantiates it
WARNING: Extraction diagnostic: [advisory/vacuous_asserted_gate] ///home/reid/1cfe/fusion-tea/exploration/stellarator_materials/units/rebco/input_models/analyses/magnet_material_variants.sysml:249:9: asserted constraint magnet_material_variants::'Nb3Sn Magnet System'::copper_ok can never be checked: its owner magnet_material_variants::'Nb3Sn Magnet System' is not typed by any part usage in the model, so nothing instantiates it
WARNING: Extraction diagnostic: [advisory/vacuous_asserted_gate] ///home/reid/1cfe/fusion-tea/exploration/stellarator_materials/units/rebco/input_models/analyses/magnet_material_variants.sysml:252:9: asserted constraint magnet_material_variants::'Nb3Sn Magnet System'::steel_ok can never be checked: its owner magnet_material_variants::'Nb3Sn Magnet System' is not typed by any part usage in the model, so nothing instantiates it
WARNING: Extraction diagnostic: [advisory/vacuous_asserted_gate] ///home/reid/1cfe/fusion-tea/exploration/stellarator_materials/units/rebco/input_models/analyses/magnet_material_variants.sysml:255:9: asserted constraint magnet_material_variants::'Nb3Sn Magnet System'::pack_area_ok can never be checked: its owner magnet_material_variants::'Nb3Sn Magnet System' is not typed by any part usage in the model, so nothing instantiates it
WARNING: Extraction diagnostic: [advisory/vacuous_asserted_gate] ///home/reid/1cfe/fusion-tea/exploration/stellarator_materials/units/rebco/input_models/analyses/magnet_material_variants.sysml:258:9: asserted constraint magnet_material_variants::'Nb3Sn Magnet System'::ampere_floor_ok can never be checked: its owner magnet_material_variants::'Nb3Sn Magnet System' is not typed by any part usage in the model, so nothing instantiates it
INFO: Built computation graph with 288 modules
INFO: Clearing existing output directory...
INFO: Creating output directory structure...
INFO: Generating schemas...
INFO: Generated 113 multi-output schemas
INFO: Generated constraint evidence schemas: constraint_types.py
INFO: Generating TEAx module wrappers...
INFO: Generated 288 TEAx module wrappers
INFO: Generating implementation stencils...
INFO: Generated 214 implementation stencils
INFO: Generating pipeline configuration...
INFO: Generated pipeline configuration: pipeline.yaml
INFO: Generating module registry...
INFO: Generated module registry with 288 modules
INFO: Generating entry point schemas and JSON templates...
INFO: Generated 15 parameter group schemas from graph
INFO: Generated 15 parameter group schemas
INFO: Generated 15 JSON templates from graph
INFO: Generated 15 JSON input templates
INFO: Generating implementation backlog...
INFO: Generated implementation backlog: IMPLEMENTATION_BACKLOG.md
INFO: Generating runnable tests...
INFO: Generated test file with 195 test classes
INFO: Generated runnable tests: test_implementations_runnable.py
INFO: Sealing package...
INFO: Code generation complete
