/home/reid/1cfe/fusion-tea/.venv/lib/python3.12/site-packages/pydantic/main.py:464: UserWarning: Pydantic serializer warnings:
  PydanticSerializationUnexpectedValue(Expected `bool` - serialized value may not be as expected [field_name='stellarator_09__stellaris__cryoplant__inventory_enabled', input_value=1.0, input_type=float])
  return self.__pydantic_serializer__.to_python(
{
  "indicator_inputs": {
    "recipe": "indicator-input-fingerprint/v1",
    "digest": "0d64837f4fdb8e2165b35e61b8805086c72d97ff84ea62fbab5e8a8bdbb42811",
    "files": [
      "contracts/model_contract.json",
      "inputs/mfe_account_costs_params.json",
      "inputs/mfe_cryo_plant_params.json",
      "inputs/mfe_fuel_cycle_params.json",
      "inputs/mfe_magnet_cost_params.json",
      "inputs/mfe_magnet_field_params.json",
      "inputs/mfe_plant_params.json",
      "inputs/mfe_plasma_scaling_params.json",
      "inputs/mfe_plasma_sustainment_params.json",
      "inputs/mfe_vacuum_params.json",
      "inputs/stellarator_plant_params.json",
      "pipelines/pipeline.yaml"
    ]
  },
  "recorded_provenance": {
    "semantic_fingerprint": "5f1fccf18967f8489cc48147b5277acb64212d2a1411d156e6693a168e099fbf",
    "executable_fingerprint": "5cbec23bcb96913ccacfb3ea30e8a94bdabf37a03899c9c88997e9cf4f064e41"
  }
}
native entries 312 headline 144.74743129583516
captured tracked structural snapshot exploration/stellarator_e2e/stellarator.snapshot.json
