INFO: Generating code from /tmp/aries-native-route/models
INFO: Output to /tmp/aries-native-route/route_tea
INFO: Package name: route_tea
INFO: Building pipeline context...
INFO: Built computation graph with 1 modules
INFO: Creating output directory structure...
INFO: Generating schemas...
INFO: Generated 1 multi-output schemas
INFO: Generating TEAx module wrappers...
INFO: Generated 1 TEAx module wrappers
INFO: Generating implementation stencils...
INFO: Generated 1 implementation stencils
INFO: Generating pipeline configuration...
INFO: Generated pipeline configuration: pipeline.yaml
INFO: Generating module registry...
INFO: Generated module registry with 1 modules
INFO: Generating entry point schemas and JSON templates...
INFO: Generated 2 parameter group schemas from graph
INFO: Generated 2 parameter group schemas
INFO: Generated 2 JSON templates from graph
INFO: Generated 2 JSON input templates
INFO: Generating implementation backlog...
INFO: Generated implementation backlog: IMPLEMENTATION_BACKLOG.md
INFO: Generating runnable tests...
INFO: Generated test file with 1 test classes
INFO: Generated runnable tests: test_implementations_runnable.py
INFO: Sealing package...
INFO: Code generation complete
