{
  "source_record": "exploration/whole_plant_conversion/studies/20260927-design-study-whole-plant-conversion-b",
  "source_snapshot_sha256": "5db4b78627cadca525c02e29bf98e9c6bad173baf372e25cce9a4bf3effb124e",
  "proposal_sha256": "5ca2398ee367b5438e667c3ee9c74f0e8c90919f2bb0416f31015c7a315b1992",
  "case_count": 2496,
  "checked_executable_sources": [
    "exploration/whole_plant_conversion/author_model.py",
    "exploration/whole_plant_conversion/bodies/component_alternatives_thermal/controlled_conversion_boundary_impl.py",
    "exploration/whole_plant_conversion/bodies/component_alternatives_thermal/conversion_subsystem_ledger_impl.py",
    "exploration/whole_plant_conversion/bodies/component_alternatives_thermal/finite_water_cooler_impl.py",
    "exploration/whole_plant_conversion/bodies/component_alternatives_thermal/recuperator_installed_capability_impl.py",
    "exploration/whole_plant_conversion/bodies/cooling_equipment_selected_pumps/cooling_equipment_with_selected_salt_pump_count_impl.py",
    "exploration/whole_plant_conversion/bodies/integrated_heat_electricity/network_heat_driven_closure_impl.py",
    "exploration/whole_plant_conversion/bodies/loop_return_control/primary_bypass_control_impl.py",
    "exploration/whole_plant_conversion/bodies/whole_plant_conversion_accounts/actual_exchanger_approaches_impl.py",
    "exploration/whole_plant_conversion/bodies/whole_plant_conversion_accounts/captured_reactor_offer_impl.py",
    "exploration/whole_plant_conversion/bodies/whole_plant_conversion_accounts/conditional_cryogenic_demand_impl.py",
    "exploration/whole_plant_conversion/bodies/whole_plant_conversion_accounts/fuel_supply_accounts_impl.py",
    "exploration/whole_plant_conversion/bodies/whole_plant_conversion_accounts/supplied_primary_capacity_impl.py",
    "exploration/whole_plant_conversion/bodies/whole_plant_conversion_accounts/supplied_source_basis_impl.py",
    "exploration/whole_plant_conversion/bodies/whole_plant_conversion_accounts/temperature_kelvin_impl.py",
    "exploration/whole_plant_conversion/bodies/whole_plant_conversion_accounts/whole_plant_capital_accounts_impl.py",
    "exploration/whole_plant_conversion/bodies/whole_plant_conversion_accounts/whole_plant_lifecycle_ledger_impl.py",
    "exploration/whole_plant_conversion/bodies/whole_plant_conversion_accounts/whole_plant_operating_ledger_impl.py",
    "exploration/whole_plant_conversion/build.py",
    "exploration/whole_plant_conversion/oracle_cooling.py",
    "exploration/whole_plant_conversion/oracle_fuel_inventory.py",
    "exploration/whole_plant_conversion/oracle_gas.py",
    "exploration/whole_plant_conversion/oracle_matched_cycle.py",
    "exploration/whole_plant_conversion/oracle_matched_cycle_properties.json",
    "exploration/whole_plant_conversion/oracle_thermal.py",
    "exploration/whole_plant_conversion/oracle_whole_plant.py",
    "exploration/whole_plant_conversion/run.py",
    "exploration/whole_plant_conversion/studies/compare_controls.py",
    "exploration/whole_plant_conversion/studies/execute_study.py",
    "exploration/whole_plant_conversion/studies/interface_data.py",
    "exploration/whole_plant_conversion/studies/migrate_controls.py",
    "exploration/whole_plant_conversion/studies/oracle_entry.py",
    "exploration/whole_plant_conversion/studies/prepare_interface.py",
    "exploration/whole_plant_conversion/studies/proposals.py",
    "exploration/whole_plant_conversion/studies/replay.py",
    "exploration/whole_plant_conversion/studies/report_results.py",
    "exploration/whole_plant_conversion/studies/scan_catalog.py",
    "exploration/whole_plant_conversion/studies/scenarios.py",
    "exploration/whole_plant_conversion/studies/study_route.py",
    "exploration/whole_plant_conversion/verify.py",
    "scripts/study/common.py",
    "scripts/study/identity.py",
    "scripts/study/indicators.py",
    "scripts/study/manifest.py",
    "scripts/study/preflight.py",
    "scripts/study/read_coverage.py",
    "scripts/study/verify.py"
  ],
  "all_snapshot_artifact_hashes_verified": true,
  "archive_matches_live_package": true,
  "status": "replay preflight passed; no study executed"
}
