INFO: Generating code from /home/reid/1cfe/fusion-tea/exploration/component_alternatives/input_models
INFO: Output to /home/reid/1cfe/fusion-tea/exploration/component_alternatives/component_alternatives_tea
INFO: Package name: component_alternatives_tea
INFO: Building pipeline context...
WARNING: Constraint component_alternatives::plant::steam_water::cooling_approach_ok_required at root-0/plant.sysml:1384 is not numerical and will not execute: warn_non_numerical_predicate
WARNING: Constraint component_alternatives::plant::gas_loss_water::cooling_approach_ok_required at root-0/plant.sysml:1422 is not numerical and will not execute: warn_non_numerical_predicate
WARNING: Constraint component_alternatives::plant::steam_transport::motor_factor_ok_required at root-0/plant.sysml:822 is not numerical and will not execute: warn_non_numerical_predicate
WARNING: Constraint component_alternatives::plant::steam_transport::design_motor_factor_ok_required at root-0/plant.sysml:810 is not numerical and will not execute: warn_non_numerical_predicate
WARNING: Constraint component_alternatives::plant::steam_transport::design_pump_size_ok_required at root-0/plant.sysml:801 is not numerical and will not execute: warn_non_numerical_predicate
WARNING: Constraint component_alternatives::plant::steam_transport::design_pump_type_ok_required at root-0/plant.sysml:804 is not numerical and will not execute: warn_non_numerical_predicate
WARNING: Constraint component_alternatives::plant::steam_transport::pump_type_ok_required at root-0/plant.sysml:816 is not numerical and will not execute: warn_non_numerical_predicate
WARNING: Constraint component_alternatives::plant::steam_transport::pump_size_ok_required at root-0/plant.sysml:813 is not numerical and will not execute: warn_non_numerical_predicate
WARNING: Constraint component_alternatives::plant::steam_transport::ihx_capacity_ok_required at root-0/plant.sysml:798 is not numerical and will not execute: warn_non_numerical_predicate
WARNING: Constraint component_alternatives::plant::steam_transport::salt_head_ok_required at root-0/plant.sysml:825 is not numerical and will not execute: warn_non_numerical_predicate
WARNING: Constraint component_alternatives::plant::steam_transport::design_motor_base_ok_required at root-0/plant.sysml:807 is not numerical and will not execute: warn_non_numerical_predicate
WARNING: Constraint component_alternatives::plant::steam_transport::salt_flow_regime_ok_required at root-0/plant.sysml:828 is not numerical and will not execute: warn_non_numerical_predicate
WARNING: Constraint component_alternatives::plant::steam_transport::motor_base_ok_required at root-0/plant.sysml:819 is not numerical and will not execute: warn_non_numerical_predicate
WARNING: Constraint component_alternatives::plant::steam_conditions::supported_required at root-0/plant.sysml:1621 is not numerical and will not execute: warn_non_numerical_predicate
WARNING: Constraint component_alternatives::plant::steam_cycle::main_UA_available_required at root-0/plant.sysml:1175 is not numerical and will not execute: warn_non_numerical_predicate
WARNING: Constraint component_alternatives::plant::steam_cycle::reheat_admission_ok_required at root-0/plant.sysml:1184 is not numerical and will not execute: warn_non_numerical_predicate
WARNING: Constraint component_alternatives::plant::steam_cycle::main_admission_ok_required at root-0/plant.sysml:1181 is not numerical and will not execute: warn_non_numerical_predicate
WARNING: Constraint component_alternatives::plant::steam_cycle::reheat_UA_available_required at root-0/plant.sysml:1178 is not numerical and will not execute: warn_non_numerical_predicate
WARNING: Constraint component_alternatives::plant::steam_water::cooling_approach_ok_required at root-0/plant.sysml:1384 is not numerical and will not execute: warn_non_numerical_predicate
WARNING: Constraint component_alternatives::plant::gas_loss_water::cooling_approach_ok_required at root-0/plant.sysml:1422 is not numerical and will not execute: warn_non_numerical_predicate
WARNING: Constraint component_alternatives::plant::steam_transport::motor_factor_ok_required at root-0/plant.sysml:822 is not numerical and will not execute: warn_non_numerical_predicate
WARNING: Constraint component_alternatives::plant::steam_transport::design_motor_factor_ok_required at root-0/plant.sysml:810 is not numerical and will not execute: warn_non_numerical_predicate
WARNING: Constraint component_alternatives::plant::steam_transport::design_pump_size_ok_required at root-0/plant.sysml:801 is not numerical and will not execute: warn_non_numerical_predicate
WARNING: Constraint component_alternatives::plant::steam_transport::design_pump_type_ok_required at root-0/plant.sysml:804 is not numerical and will not execute: warn_non_numerical_predicate
WARNING: Constraint component_alternatives::plant::steam_transport::pump_type_ok_required at root-0/plant.sysml:816 is not numerical and will not execute: warn_non_numerical_predicate
WARNING: Constraint component_alternatives::plant::steam_transport::pump_size_ok_required at root-0/plant.sysml:813 is not numerical and will not execute: warn_non_numerical_predicate
WARNING: Constraint component_alternatives::plant::steam_transport::ihx_capacity_ok_required at root-0/plant.sysml:798 is not numerical and will not execute: warn_non_numerical_predicate
WARNING: Constraint component_alternatives::plant::steam_transport::salt_head_ok_required at root-0/plant.sysml:825 is not numerical and will not execute: warn_non_numerical_predicate
WARNING: Constraint component_alternatives::plant::steam_transport::design_motor_base_ok_required at root-0/plant.sysml:807 is not numerical and will not execute: warn_non_numerical_predicate
WARNING: Constraint component_alternatives::plant::steam_transport::salt_flow_regime_ok_required at root-0/plant.sysml:828 is not numerical and will not execute: warn_non_numerical_predicate
WARNING: Constraint component_alternatives::plant::steam_transport::motor_base_ok_required at root-0/plant.sysml:819 is not numerical and will not execute: warn_non_numerical_predicate
WARNING: Constraint component_alternatives::plant::steam_conditions::supported_required at root-0/plant.sysml:1621 is not numerical and will not execute: warn_non_numerical_predicate
WARNING: Constraint component_alternatives::plant::steam_cycle::main_UA_available_required at root-0/plant.sysml:1175 is not numerical and will not execute: warn_non_numerical_predicate
WARNING: Constraint component_alternatives::plant::steam_cycle::reheat_admission_ok_required at root-0/plant.sysml:1184 is not numerical and will not execute: warn_non_numerical_predicate
WARNING: Constraint component_alternatives::plant::steam_cycle::main_admission_ok_required at root-0/plant.sysml:1181 is not numerical and will not execute: warn_non_numerical_predicate
WARNING: Constraint component_alternatives::plant::steam_cycle::reheat_UA_available_required at root-0/plant.sysml:1178 is not numerical and will not execute: warn_non_numerical_predicate
INFO: Built computation graph with 140 modules
INFO: Clearing existing output directory...
INFO: Creating output directory structure...
INFO: Generating schemas...
INFO: Generated 65 multi-output schemas
INFO: Generated constraint evidence schemas: constraint_types.py
INFO: Generating TEAx module wrappers...
INFO: Generated 140 TEAx module wrappers
INFO: Generating implementation stencils...
INFO: Stencils - New: 0, Preserved: 69, Regenerated: 4
INFO: Generating pipeline configuration...
INFO: Generated pipeline configuration: pipeline.yaml
INFO: Generating module registry...
INFO: Generated module registry with 140 modules
INFO: Generating entry point schemas and JSON templates...
INFO: Generated 1 parameter group schemas from graph
INFO: Generated 1 parameter group schemas
INFO: Generated 1 JSON templates from graph
INFO: Generated 1 JSON input templates
INFO: Generating implementation backlog...
INFO: Generated implementation backlog: IMPLEMENTATION_BACKLOG.md
INFO: Generating runnable tests...
INFO: Generated test file with 73 test classes
INFO: Generated runnable tests: test_implementations_runnable.py
INFO: Sealing package...
INFO: Code generation complete
