Traceback (most recent call last):
  File "/tmp/fusion-mfe-financial-rate-limits/work/active/WI-052_mfe-financial-rate-limits/implementation/native_probe.py", line 27, in <module>
    if __name__=='__main__':run(Path(sys.argv[1]),Path(sys.argv[2]))
                            ^^^^^^^^^^^^^^^^^^^^^^^^^^^^^^^^^^^^^^^^
  File "/tmp/fusion-mfe-financial-rate-limits/work/active/WI-052_mfe-financial-rate-limits/implementation/native_probe.py", line 15, in run
    ev=PreparedEvaluator(ProvisionalPackageLoader(package,'stellarator_tea',destination.parent/'link',strict=True),package/'pipelines/pipeline.yaml',expects_constraint_report=True)
       ^^^^^^^^^^^^^^^^^^^^^^^^^^^^^^^^^^^^^^^^^^^^^^^^^^^^^^^^^^^^^^^^^^^^^^^^^^^^^^^^^^^^^^^^^^^^^^^^^^^^^^^^^^^^^^^^^^^^^^^^^^^^^^^^^^^^^^^^^^^^^^^^^^^^^^^^^^^^^^^^^^^^^^^^^^^^^
  File "/home/reid/1cfe/teax/packages/teax-simkit/simkit/evaluation/evaluator.py", line 134, in __init__
    self.package, self.fingerprint = loader.load()
                                     ^^^^^^^^^^^^^
  File "/home/reid/1cfe/teax/packages/teax-simkit/simkit/evaluation/package_load.py", line 120, in load
    module = self._load_module()
             ^^^^^^^^^^^^^^^^^^^
  File "/home/reid/1cfe/teax/packages/teax-simkit/simkit/evaluation/package_load.py", line 163, in _load_module
    return importlib.import_module(self.package_name)
           ^^^^^^^^^^^^^^^^^^^^^^^^^^^^^^^^^^^^^^^^^^
  File "/usr/lib/python3.12/importlib/__init__.py", line 90, in import_module
    return _bootstrap._gcd_import(name[level:], package, level)
           ^^^^^^^^^^^^^^^^^^^^^^^^^^^^^^^^^^^^^^^^^^^^^^^^^^^^
  File "<frozen importlib._bootstrap>", line 1387, in _gcd_import
  File "<frozen importlib._bootstrap>", line 1360, in _find_and_load
  File "<frozen importlib._bootstrap>", line 1324, in _find_and_load_unlocked
ModuleNotFoundError: No module named 'stellarator_tea'
