INFO: Generating code from /home/reid/1cfe/fusion-tea/exploration/stellarator_materials/units/reference/input_models
INFO: Output to /home/reid/1cfe/fusion-tea/exploration/stellarator_materials/units/reference/stellarator_materials_reference_tea
INFO: Package name: stellarator_materials_reference_tea
INFO: Building pipeline context...
INFO: Built computation graph with 267 modules
INFO: Clearing existing output directory...
INFO: Creating output directory structure...
INFO: Generating schemas...
INFO: Generated 105 multi-output schemas
INFO: Generated constraint evidence schemas: constraint_types.py
INFO: Generating TEAx module wrappers...
INFO: Generated 267 TEAx module wrappers
INFO: Generating implementation stencils...
INFO: Generated 199 implementation stencils
INFO: Generating pipeline configuration...
INFO: Generated pipeline configuration: pipeline.yaml
INFO: Generating module registry...
INFO: Generated module registry with 267 modules
INFO: Generating entry point schemas and JSON templates...
INFO: Generated 14 parameter group schemas from graph
INFO: Generated 14 parameter group schemas
INFO: Generated 14 JSON templates from graph
INFO: Generated 14 JSON input templates
INFO: Generating implementation backlog...
INFO: Generated implementation backlog: IMPLEMENTATION_BACKLOG.md
INFO: Generating runnable tests...
INFO: Generated test file with 184 test classes
INFO: Generated runnable tests: test_implementations_runnable.py
INFO: Sealing package...
INFO: Code generation complete
