INFO: Generating code from /home/reid/1cfe/fusion-tea/exploration/aries_transfer/fuel_reuse/input_models
INFO: Output to /home/reid/1cfe/fusion-tea/exploration/aries_transfer/fuel_reuse/fuel_tea
INFO: Package name: fuel_tea
INFO: Building pipeline context...
INFO: Built computation graph with 4 modules
INFO: Clearing existing output directory...
INFO: Creating output directory structure...
INFO: Generating schemas...
INFO: Generated 2 multi-output schemas
INFO: Generated constraint evidence schemas: constraint_types.py
INFO: Generating TEAx module wrappers...
INFO: Generated 4 TEAx module wrappers
INFO: Generating implementation stencils...
INFO: Generated 2 implementation stencils
INFO: Generating pipeline configuration...
INFO: Generated pipeline configuration: pipeline.yaml
INFO: Generating module registry...
INFO: Generated module registry with 4 modules
INFO: Generating entry point schemas and JSON templates...
INFO: Generated 2 parameter group schemas from graph
INFO: Generated 2 parameter group schemas
INFO: Generated 2 JSON templates from graph
INFO: Generated 2 JSON input templates
INFO: Generating implementation backlog...
INFO: Generated implementation backlog: IMPLEMENTATION_BACKLOG.md
INFO: Generating runnable tests...
INFO: Generated test file with 2 test classes
INFO: Generated runnable tests: test_implementations_runnable.py
INFO: Sealing package...
INFO: Code generation complete
