INFO: Generating code from /home/reid/1cfe/fusion-tea/exploration/magnet_materials/input_models
INFO: Output to /home/reid/1cfe/fusion-tea/exploration/magnet_materials/magnet_materials_tea
INFO: Package name: magnet_materials_tea
INFO: Building pipeline context...
INFO: Built computation graph with 36 modules
INFO: Clearing existing output directory...
INFO: Creating output directory structure...
INFO: Generating schemas...
INFO: Generated 13 multi-output schemas
INFO: Generated constraint evidence schemas: constraint_types.py
INFO: Generating TEAx module wrappers...
INFO: Generated 36 TEAx module wrappers
INFO: Generating implementation stencils...
INFO: Generated 25 implementation stencils
INFO: Generating pipeline configuration...
INFO: Generated pipeline configuration: pipeline.yaml
INFO: Generating module registry...
WARNING: Module class name collisions detected: ['all_passModule', 'k_aModule', 'k_dModule', 'k_gModule', 'k_iModule']. Generating aliased imports for 10 modules.
INFO: Generated module registry with 36 modules
INFO: Generating entry point schemas and JSON templates...
INFO: Generated 2 parameter group schemas from graph
INFO: Generated 2 parameter group schemas
INFO: Generated 2 JSON templates from graph
INFO: Generated 2 JSON input templates
INFO: Generating implementation backlog...
INFO: Generated implementation backlog: IMPLEMENTATION_BACKLOG.md
INFO: Generating runnable tests...
INFO: Generated test file with 13 test classes
INFO: Generated runnable tests: test_implementations_runnable.py
INFO: Sealing package...
INFO: Code generation complete
