/home/reid/1cfe/fusion-tea/.venv/lib/python3.12/site-packages/pydantic/main.py:464: UserWarning: Pydantic serializer warnings:
  PydanticSerializationUnexpectedValue(Expected `bool` - serialized value may not be as expected [field_name='stellarator_09__stellaris__buildings__facilities_enabled', input_value=1.0, input_type=float])
  PydanticSerializationUnexpectedValue(Expected `bool` - serialized value may not be as expected [field_name='stellarator_09__stellaris__cryoplant__inventory_enabled', input_value=1.0, input_type=float])
  PydanticSerializationUnexpectedValue(Expected `bool` - serialized value may not be as expected [field_name='stellarator_09__stellaris__fuel_cycle__inventory_enabled', input_value=1.0, input_type=float])
  PydanticSerializationUnexpectedValue(Expected `bool` - serialized value may not be as expected [field_name='stellarator_09__stellaris__fuel_cycle__processing_enabled', input_value=1.0, input_type=float])
  PydanticSerializationUnexpectedValue(Expected `bool` - serialized value may not be as expected [field_name='stellarator_09__stellaris__fuel_cycle__processing_source_conditions', input_value=1.0, input_type=float])
  PydanticSerializationUnexpectedValue(Expected `bool` - serialized value may not be as expected [field_name='stellarator_09__stellaris__heat_transport__equipment_enabled', input_value=1.0, input_type=float])
  return self.__pydantic_serializer__.to_python(
{
  "indicator_inputs": {
    "recipe": "indicator-input-fingerprint/v1",
    "digest": "e48d5218b6e3be2775a94269a461dccd259fccc5fc41fed7c135dc1336bfe284",
    "files": [
      "contracts/model_contract.json",
      "inputs/mfe_account_costs_params.json",
      "inputs/mfe_cryo_plant_params.json",
      "inputs/mfe_fuel_cycle_params.json",
      "inputs/mfe_magnet_cost_params.json",
      "inputs/mfe_magnet_field_params.json",
      "inputs/mfe_plant_params.json",
      "inputs/mfe_plant_systems_params.json",
      "inputs/mfe_plasma_scaling_params.json",
      "inputs/mfe_plasma_sustainment_params.json",
      "inputs/mfe_vacuum_params.json",
      "inputs/stellarator_plant_params.json",
      "pipelines/pipeline.yaml"
    ]
  },
  "recorded_provenance": {
    "semantic_fingerprint": "ea1555ea133db8ed7ba1c638b29ddf540ba99d811bfcf7d9ef9454b626d3a28a",
    "executable_fingerprint": "b032da4a3971979792bc024bf9cd1a41a2d83d340bad5b59ef3e1a9aeaa77236"
  }
}
native entries 490 headline 271.5843199172948
captured tracked structural snapshot exploration/stellarator_e2e/stellarator.snapshot.json
