{"case": "replay-nominal-calculated", "status": "evaluated"}
{"case": "replay-supplied-n", "status": "evaluated"}
{"case": "replay-series-leader-2300", "status": "evaluated"}
{"case": "replay-network-leader-2300", "status": "evaluated"}
{"case": "replay-series-unmet-pbli", "status": "evaluated"}
{"case": "replay-network-fixed-split-failure", "status": "evaluated"}
{"case": "replay-network-2600", "status": "evaluated"}
{"case": "original-controlled-0", "status": "evaluated"}
{"case": "original-controlled-1", "status": "evaluated"}
{"case": "offer-a-0", "status": "evaluated"}
{"case": "offer-a-1", "status": "evaluated"}
{"case": "offer-b-0", "status": "evaluated"}
{"case": "offer-b-1", "status": "evaluated"}
{"case": "partial-transfer", "status": "evaluated"}
{"case": "source-hot-cap-failure", "status": "evaluated"}
{"case": "control-authority-failure", "status": "evaluated"}
{"case": "zero-conductance", "status": "evaluated"}
{"case": "offer-b-linear-price", "status": "evaluated"}
{"case": "repair-c0621", "status": "evaluated"}
{"case": "repair-c1085", "status": "evaluated"}
