.....F....                                                               [100%]
=================================== FAILURES ===================================
_ test_native_off_reference_inventory_matches_independent_oracle[availability] _

self = <simkit.evaluation.evaluator.PreparedEvaluator object at 0x7072cd287560>
typed_inputs = {'mfe_account_costs_params': MfeAccountCostsParams(stellarator_09__stellaris__blanket__blanket_cost__alpha=0.6, stella...e_magnet_cost_params': MfeMagnetCostParams(stellarator_09__stellaris__magnet__magnet_cost__mu0=1.25663706212e-06), ...}

    def evaluate(self, typed_inputs: Mapping[str, BaseModel]) -> ModelEvidence:
        validated = self._source.validate(typed_inputs)
        context = _MappingContext(self._registry, validated)
        try:
>           result = self._executor.run(self._graph, context, persist_outputs=False)
                     ^^^^^^^^^^^^^^^^^^^^^^^^^^^^^^^^^^^^^^^^^^^^^^^^^^^^^^^^^^^^^^^

../teax/packages/teax-simkit/simkit/evaluation/evaluator.py:173: 
_ _ _ _ _ _ _ _ _ _ _ _ _ _ _ _ _ _ _ _ _ _ _ _ _ _ _ _ _ _ _ _ _ _ _ _ _ _ _ _ 
../teax/packages/teax-simkit/simkit/core/pipeline_executor.py:147: in run
    self._execute_module(module_key, module_spec, context)
../teax/packages/teax-simkit/simkit/core/pipeline_executor.py:213: in _execute_module
    result = module.run(**kwargs)
             ^^^^^^^^^^^^^^^^^^^^
/tmp/pytest-of-reid/pytest-12935/wi040-public0/pkg_link/stellarator_tea/modules/mfe_facilities/facility_layout.py:1786: in run
    dirty_store_required, sector_link_north_clear_height, reactor_auxiliaries_sub_formwork, electrical_building_clear_height, dirty_store_positions_allocated, cryo_compressors_sub_formwork, sector_wing_east_clear_length, sector_wing_east_super_rebar, fuel_building_air_volume, turbine_hall_super_formwork, sector_link_north_clear_width, power_supply_building_clear_area, cooling_hall_clear_height, administration_sub_concrete, sector_wing_north_gross_area, fuel_building_sub_rebar, dirty_buffer_positions_allocated, sector_link_north_super_concrete, sector_wing_west_clear_length, sector_wing_south_super_formwork, control_clear_width, sector_link_north_gross_area, electrical_building_super_formwork, cooling_annex_gross_area, replacement_ready_margin_days, cooling_annex_sub_formwork, maintenance_shop_clear_area, reactor_hall_gross_area, control_air_volume, site_services_building_sub_rebar, calendar_first_event_year, site_services_building_super_concrete, reactor_auxiliaries_gross_area, service_water_building_clear_height, sector_link_west_clear_area, power_supply_building_gross_area, electrical_building_super_concrete, sector_link_south_super_concrete, site_services_building_sub_concrete, sector_link_south_sub_rebar, cryo_compressors_clear_area, electrical_building_clear_width, sector_wing_east_super_concrete, cooling_carrier_moves, cryo_coldbox_super_rebar, cryo_coldbox_super_formwork, cryo_coldbox_sub_formwork, sector_wing_east_sub_rebar, power_supply_building_sub_rebar, sector_link_south_clear_height, dirty_buffer_required, cooling_jobs_after_shutdown, service_water_building_super_rebar, fuel_building_clear_area, cooling_link_clear_width, cooling_annex_super_formwork, reactor_auxiliaries_super_formwork, reactor_hall_clear_height, sector_link_north_air_volume, control_sub_rebar, service_water_building_clear_area, sector_wing_west_clear_height, sector_wing_south_sub_rebar, sector_link_west_super_concrete, administration_sub_rebar, cooling_hall_clear_width, exterior_envelope_qualified, outage_required_days, security_clear_width, fuel_building_super_formwork, power_supply_building_clear_width, service_water_building_sub_concrete, cryo_compressors_super_formwork, cryo_coldbox_clear_length, control_clear_length, calendar_last_event_year, turbine_hall_clear_width, controlled_air_volume, cooling_replacement_ready_margin_days, sector_link_west_air_volume, sector_link_north_clear_area, maintenance_shop_clear_length, blanket_packages_per_sector, maintenance_shop_clear_height, cooling_hall_super_formwork, sector_link_east_clear_area, sector_wing_north_super_rebar, turbine_hall_clear_height, sector_width, service_water_building_clear_length, active, maintenance_shop_sub_formwork, sector_wing_west_air_volume, site_services_building_clear_width, cryo_compressors_sub_rebar, sector_wing_north_sub_formwork, sector_wing_west_super_concrete, electrical_building_sub_formwork, cryo_coldbox_clear_width, sector_wing_east_sub_formwork, reactor_auxiliaries_air_volume, sector_link_east_sub_rebar, cooling_link_sub_concrete, sector_wing_east_clear_area, site_services_building_clear_area, cooling_annex_super_rebar, power_supply_building_sub_formwork, cooling_link_air_volume, cryo_compressors_clear_height, maintenance_shop_super_concrete, cooling_hall_sub_rebar, sector_wing_east_sub_concrete, cooling_helium_queue_peak, fuel_building_clear_height, service_water_building_clear_width, administration_clear_area, cooling_link_clear_area, site_services_building_sub_formwork, turbine_hall_super_rebar, cooling_salt_queue_peak, sector_link_south_air_volume, cooling_dirty_bundle_required, sector_wing_east_clear_width, sector_link_east_super_formwork, security_air_volume, reactor_auxiliaries_super_rebar, service_water_building_super_formwork, reactor_hall_clear_length, reactor_hall_sub_formwork, cooling_hall_clear_area, sector_wing_west_sub_rebar, administration_air_volume, turbine_hall_clear_length, sector_link_south_clear_length, sector_wing_east_clear_height, turbine_hall_clear_area, sector_wing_west_sub_formwork, sector_link_south_super_rebar, control_gross_area, fuel_building_gross_area, sector_length, cooling_annex_sub_rebar, cooling_annex_clear_area, calendar_event_count, sector_link_west_sub_formwork, sector_wing_west_clear_width, security_sub_concrete, fuel_building_super_concrete, cooling_clean_salt_allocated, cryo_compressors_gross_area, sector_link_east_clear_length, cooling_annex_air_volume, cryo_coldbox_clear_area, sector_wing_south_gross_area, cooling_outage_basis_resolved, sector_wing_north_clear_length, turbine_hall_sub_concrete, contamination_procedure_qualified, cooling_hall_super_concrete, turbine_hall_super_concrete, control_super_rebar, sector_link_north_sub_rebar, maintenance_shop_sub_concrete, sector_link_south_clear_width, parcel_area, sector_wing_south_super_concrete, administration_clear_length, sector_link_east_air_volume, security_clear_height, sector_wing_south_clear_height, reactor_auxiliaries_clear_height, packages_per_sector, security_sub_rebar, sector_link_east_sub_concrete, sector_wing_east_gross_area, sector_link_east_super_rebar, fuel_building_clear_length, security_super_rebar, cryo_compressors_sub_concrete, service_water_building_super_concrete, reactor_hall_sub_concrete, service_water_building_sub_formwork, sector_link_east_sub_formwork, security_sub_formwork, security_super_concrete, sector_wing_west_clear_area, cryo_compressors_super_rebar, control_clear_area, cooling_annex_super_concrete, control_super_formwork, turbine_hall_sub_formwork, electrical_building_air_volume, cooling_hall_air_volume, sector_link_west_sub_rebar, sector_wing_east_air_volume, sector_wing_south_clear_area, sector_link_east_gross_area, outage_allowed_days, cooling_annex_clear_length, sector_wing_north_sub_rebar, sector_link_west_super_formwork, initial_margin_days, service_water_building_sub_rebar, site_services_building_clear_height, administration_clear_width, maintenance_shop_clear_width, cooling_last_release_year, power_supply_building_clear_height, cooling_dirty_salt_allocated, reactor_hall_sub_rebar, sector_link_east_clear_height, site_services_building_super_rebar, cryo_compressors_clear_width, turbine_hall_gross_area, sector_link_west_clear_length, control_sub_concrete, power_supply_building_super_concrete, reactor_auxiliaries_super_concrete, site_services_building_gross_area, fuel_building_super_rebar, cooling_initial_ready_margin_days, electrical_building_sub_concrete, security_gross_area, sector_link_north_sub_concrete, sector_wing_south_sub_concrete, readiness_margin_days, sector_wing_north_air_volume, power_supply_building_air_volume, total_gross_area, sector_wing_north_sub_concrete, sector_wing_north_clear_area, cooling_bundle_queue_peak, cooling_annex_clear_height, cooling_link_clear_length, initial_clean_required, power_supply_building_super_rebar, capacity_margin_units, cooling_link_sub_rebar, reactor_hall_clear_area, sector_link_south_gross_area, sector_link_north_super_rebar, sector_wing_south_super_rebar, cooling_dirty_helium_required, total_air_volume, cryo_compressors_clear_length, site_services_building_air_volume, sector_link_west_sub_concrete, administration_super_rebar, security_super_formwork, cryo_coldbox_sub_rebar, sector_link_south_sub_concrete, cooling_clean_bundle_required, cooling_clean_helium_allocated, route_margin_m, sector_link_west_clear_width, electrical_building_clear_area, sector_link_west_super_rebar, clean_positions_allocated, cooling_link_sub_formwork, cryo_coldbox_air_volume, cooling_hall_super_rebar, sector_wing_west_super_formwork, reactor_auxiliaries_clear_area, reactor_auxiliaries_sub_concrete, reactor_auxiliaries_sub_rebar, sector_wing_west_sub_concrete, cooling_dirty_bundle_allocated, cooling_hall_gross_area, sector_link_south_sub_formwork, sector_load_qualified, cryo_coldbox_clear_height, sector_link_north_sub_formwork, sector_wing_south_air_volume, outage_margin_days, sector_wing_north_super_concrete, cryo_coldbox_super_concrete, maintenance_shop_gross_area, sector_wing_west_super_rebar, sector_wing_north_clear_height, sector_link_south_super_formwork, sector_link_west_gross_area, cooling_hall_clear_length, administration_super_concrete, sector_link_north_clear_length, reactor_hall_super_concrete, administration_sub_formwork, turbine_hall_sub_rebar, site_services_building_clear_length, power_supply_building_sub_concrete, reactor_hall_air_volume, reactor_auxiliaries_clear_length, administration_super_formwork, site_services_building_super_formwork, administration_gross_area, material_capacity_volume, cooling_annex_clear_width, cooling_link_gross_area, cost_mode, cooling_clean_helium_required, cooling_link_clear_height, maintenance_shop_super_formwork, sector_link_east_clear_width, sector_wing_north_clear_width, maintenance_shop_sub_rebar, total_clear_area, cryo_compressors_air_volume, reactor_hall_super_rebar, cooling_dirty_helium_allocated, sector_link_east_super_concrete, turbine_hall_air_volume, provisional_room_count, sector_wing_south_clear_width, sector_wing_south_clear_length, cooling_hall_sub_formwork, cryo_coldbox_sub_concrete, power_supply_building_super_formwork, fuel_building_sub_concrete, sector_link_south_clear_area, security_clear_length, cooling_link_super_concrete, reactor_auxiliaries_clear_width, cryo_compressors_super_concrete, cryo_coldbox_gross_area, fuel_building_clear_width, administration_clear_height, service_water_building_gross_area, electrical_building_gross_area, initial_ready_margin_days, power_supply_building_clear_length, cooling_annex_sub_concrete, fuel_building_sub_formwork, cooling_clean_bundle_allocated, capacity_mode, unused_material_capacity, cooling_hall_sub_concrete, maintenance_shop_super_rebar, sector_wing_west_gross_area, service_water_building_air_volume, sector_link_north_super_formwork, sector_wing_south_sub_formwork, reactor_hall_clear_width, sector_height, sector_wing_east_super_formwork, cooling_link_super_rebar, control_sub_formwork, maintenance_shop_air_volume, cooling_dirty_salt_required, control_clear_height, control_super_concrete, cooling_link_super_formwork, sector_link_west_clear_height, electrical_building_super_rebar, cooling_clean_salt_required, electrical_building_clear_length, electrical_building_sub_rebar, security_clear_area, reactor_hall_super_formwork, sector_wing_north_super_formwork = run_facility_layout(validated_inputs)
                                                                                                                                                                                                                                                                                                                                                                                                                                                                                                                                                                                                                                                                                                                                                                                                                                                                                                                                                                                                                                                                                                                                                                                                                                                                                                                                                                                                                                                                                                                                                                                                                                                                                                                                                                                                                                                                                                                                                                                                                                                                                                                                                                                                                                                                                                                                                                                                                                                                                                                                                                                                                                                                                                                                                                                                                                                                                                                                                                                                                                                                                                                                                                                                                                                                                                                                                                                                                                                                                                                                                                                                                                                                                                                                                                                                                                                                                                                                                                                                                                                                                                                                                                                                                                                                                                                                                                                                                                                                                                                                                                                                                                                                                                                                                                                                                                                                                                                                                                                                                                                                                                                                                                                                                                                                                                                                                                                                                                                                                                                                                                                                                                                                                                                                                                                                                                                                                                                                                                                                                                                                                                                                                                                                                                                                                                                                                                                                                                                                                                                                                                                                                                                                                                                                                                                                                                                                                                                                                                                                                                                                                                                                                                                                                                                                                                                                                                                                                                                                                                                                                                                                                                                                                                                                                                                                                                                                                                                                                                                                                                                                                                                                                                                                                                                                                                                                                                                                                                                                                                                                                                                                                                                                                                                                                                                                                                                                                                                                                                                                                                                                                                                                                                                                                                                                                                                                                                                                                                                                                                                                                                                                                                                                                                                                                                                                                                                                                                                                                                                                                                                                                                                                                                                                                                                                                                                                                                                                                                                                                                                                                                                                                                                                                                                                                                                                  ^^^^^^^^^^^^^^^^^^^^^^^^^^^^^^^^^^^^^
/tmp/pytest-of-reid/pytest-12935/wi040-public0/pkg_link/stellarator_tea/handwritten/mfe_facilities/facility_layout_impl.py:277: in run_facility_layout
    out = calculate(x)
          ^^^^^^^^^^^^
/tmp/pytest-of-reid/pytest-12935/wi040-public0/pkg_link/stellarator_tea/handwritten/mfe_facilities/facility_layout_impl.py:268: in calculate
    return diagnostics(inputs)['outputs']
           ^^^^^^^^^^^^^^^^^^^
_ _ _ _ _ _ _ _ _ _ _ _ _ _ _ _ _ _ _ _ _ _ _ _ _ _ _ _ _ _ _ _ _ _ _ _ _ _ _ _ 

inputs = {'administration_area_per_person': 12.0, 'administration_occupants': 200.0, 'blanket_volume': 1013.4060451016529, 'building_separation': 10.0, ...}

    def diagnostics(inputs):
        x=dict(inputs);out={k:0. for k in OUTPUT_NAMES}
        if not isinstance(x.get('facilities_enabled'),bool):raise ValueError('facilities_enabled must be Boolean')
        if any(isinstance(x[k],bool) or x[k] not in (0,1) for k in ('facilities_cost_mode','facilities_capacity_mode')):raise ValueError('facility modes must be binary')
        if not x['facilities_enabled'] and x['facilities_cost_mode']==1:raise ValueError('facility cost mode requires enabled layout')
        if not x['facilities_enabled']:
            out.update(initial_margin_days=1.,readiness_margin_days=1.,outage_margin_days=1.,capacity_margin_units=1.,route_margin_m=1.)
            return dict(outputs=out,active=False)
        for k,v in x.items():
            if k!='facilities_enabled' and (isinstance(v,bool) or not math.isfinite(v)):raise ValueError(k+' must be finite numeric')
>       if x['n_mod']!=1 or x['sector_count']!=4 or x['calendar_mode']!=0:raise ValueError('facilities requires one module, four sectors, live calendar')
                                                                          ^^^^^^^^^^^^^^^^^^^^^^^^^^^^^^^^^^^^^^^^^^^^^^^^^^^^^^^^^^^^^^^^^^^^^^^^^^^^^^^
E       ValueError: facilities requires one module, four sectors, live calendar

/tmp/pytest-of-reid/pytest-12935/wi040-public0/pkg_link/stellarator_tea/handwritten/mfe_facilities/facility_layout_impl.py:236: ValueError

The above exception was the direct cause of the following exception:

native_evaluate = <function evaluate.<locals>.run at 0x7072ccc86660>
case = 'availability'

    @pytest.mark.codegen_available
    @pytest.mark.parametrize('case', NATIVE_CASES)
    def test_native_off_reference_inventory_matches_independent_oracle(native_evaluate,case):
        from studies import oracle_entry as e
        changes=NATIVE_CASES[case]
>       row=native_evaluate(changes)
            ^^^^^^^^^^^^^^^^^^^^^^^^

tests/models/test_fuel_inventory_oracle.py:215: 
_ _ _ _ _ _ _ _ _ _ _ _ _ _ _ _ _ _ _ _ _ _ _ _ _ _ _ _ _ _ _ _ _ _ _ _ _ _ _ _ 
tests/models/test_winding_pack_cost.py:181: in run
    result = evaluator.evaluate(bridge.build({P + k: v for k, v in (overrides or {}).items()}))
             ^^^^^^^^^^^^^^^^^^^^^^^^^^^^^^^^^^^^^^^^^^^^^^^^^^^^^^^^^^^^^^^^^^^^^^^^^^^^^^^^^^
../teax/packages/teax-simkit/simkit/evaluation/evaluator.py:175: in evaluate
    _normalize_run_failure(error, context)
_ _ _ _ _ _ _ _ _ _ _ _ _ _ _ _ _ _ _ _ _ _ _ _ _ _ _ _ _ _ _ _ _ _ _ _ _ _ _ _ 

error = ValueError('facilities requires one module, four sectors, live calendar')
context = <simkit.evaluation.evaluator._MappingContext object at 0x7072ccadb710>

    def _normalize_run_failure(
        error: Exception, context: PipelineExecutionContext
    ) -> NoReturn:
        """Raise the evaluator's fixed run-failure record from the original error.
    
        The phase is read from a **positive** write-phase signal set at the executor
        seam (``context.in_output_write``, C1) — never inferred from the exception
        type or a null module key. An entry-load or module failure keeps
        ``MODULE_EXECUTION``; only a failure raised while genuinely inside output
        write is stamped ``OUTPUT_WRITE``.
        """
        phase = (
            EvaluationPhase.OUTPUT_WRITE
            if getattr(context, "in_output_write", False)
            else EvaluationPhase.MODULE_EXECUTION
        )
>       raise EvaluationFailed(
            EvaluationFailure(
                phase=phase,
                module_or_channel=context.failed_module_key,
                cause=f"{type(error).__name__}: {error}",
            )
        ) from error
E       simkit.evaluation.failure.EvaluationFailed: module_execution: ValueError: facilities requires one module, four sectors, live calendar

../teax/packages/teax-simkit/simkit/evaluation/evaluator.py:70: EvaluationFailed
=============================== warnings summary ===============================
tests/models/test_fuel_inventory_oracle.py::test_native_off_reference_inventory_matches_independent_oracle[slow-processing-and-extraction]
tests/models/test_fuel_inventory_oracle.py::test_native_off_reference_inventory_matches_independent_oracle[fast-processing-short-reserve]
tests/models/test_fuel_inventory_oracle.py::test_native_off_reference_inventory_matches_independent_oracle[immediate-breeding-before-recycle]
tests/models/test_fuel_inventory_oracle.py::test_native_off_reference_inventory_matches_independent_oracle[loss-and-burn-sensitivity]
tests/models/test_fuel_inventory_oracle.py::test_native_off_reference_inventory_matches_independent_oracle[buffer-reserve-and-extension]
tests/models/test_fuel_inventory_oracle.py::test_native_off_reference_inventory_matches_independent_oracle[zero-decay]
tests/models/test_fuel_inventory_oracle.py::test_native_off_reference_inventory_matches_independent_oracle[profile-shape]
tests/models/test_fuel_inventory_oracle.py::test_native_off_reference_inventory_matches_independent_oracle[shutdown-duration]
  /home/reid/1cfe/fusion-tea/.venv/lib/python3.12/site-packages/pydantic/main.py:464: UserWarning: Pydantic serializer warnings:
    PydanticSerializationUnexpectedValue(Expected `bool` - serialized value may not be as expected [field_name='stellarator_09__stellaris__buildings__facilities_enabled', input_value=1.0, input_type=float])
    PydanticSerializationUnexpectedValue(Expected `bool` - serialized value may not be as expected [field_name='stellarator_09__stellaris__cryoplant__inventory_enabled', input_value=1.0, input_type=float])
    PydanticSerializationUnexpectedValue(Expected `bool` - serialized value may not be as expected [field_name='stellarator_09__stellaris__fuel_cycle__inventory_enabled', input_value=1.0, input_type=float])
    PydanticSerializationUnexpectedValue(Expected `bool` - serialized value may not be as expected [field_name='stellarator_09__stellaris__heat_transport__equipment_enabled', input_value=1.0, input_type=float])
    return self.__pydantic_serializer__.to_python(

tests/models/test_fuel_inventory_oracle.py::test_native_off_reference_inventory_matches_independent_oracle[dormant-held-inventory]
  /home/reid/1cfe/fusion-tea/.venv/lib/python3.12/site-packages/pydantic/main.py:464: UserWarning: Pydantic serializer warnings:
    PydanticSerializationUnexpectedValue(Expected `bool` - serialized value may not be as expected [field_name='stellarator_09__stellaris__buildings__facilities_enabled', input_value=1.0, input_type=float])
    PydanticSerializationUnexpectedValue(Expected `bool` - serialized value may not be as expected [field_name='stellarator_09__stellaris__cryoplant__inventory_enabled', input_value=1.0, input_type=float])
    PydanticSerializationUnexpectedValue(Expected `bool` - serialized value may not be as expected [field_name='stellarator_09__stellaris__heat_transport__equipment_enabled', input_value=1.0, input_type=float])
    return self.__pydantic_serializer__.to_python(

-- Docs: https://docs.pytest.org/en/stable/how-to/capture-warnings.html
=========================== short test summary info ============================
FAILED tests/models/test_fuel_inventory_oracle.py::test_native_off_reference_inventory_matches_independent_oracle[availability]
1 failed, 9 passed, 52 deselected, 9 warnings in 23.17s
