/home/reid/1cfe/fusion-tea/.venv/lib/python3.12/site-packages/pydantic/main.py:464: UserWarning: Pydantic serializer warnings:
  PydanticSerializationUnexpectedValue(Expected `bool` - serialized value may not be as expected [field_name='stellarator_09__stellaris__buildings__facilities_enabled', input_value=1.0, input_type=float])
  PydanticSerializationUnexpectedValue(Expected `bool` - serialized value may not be as expected [field_name='stellarator_09__stellaris__cryoplant__inventory_enabled', input_value=1.0, input_type=float])
  PydanticSerializationUnexpectedValue(Expected `bool` - serialized value may not be as expected [field_name='stellarator_09__stellaris__fuel_cycle__inventory_enabled', input_value=1.0, input_type=float])
  PydanticSerializationUnexpectedValue(Expected `bool` - serialized value may not be as expected [field_name='stellarator_09__stellaris__heat_transport__equipment_enabled', input_value=1.0, input_type=float])
  return self.__pydantic_serializer__.to_python(
{
  "indicator_inputs": {
    "recipe": "indicator-input-fingerprint/v1",
    "digest": "9aaca3257606b22dd48d92b0074ee4076836e5b0fefd9b593369aa0915c4f1c2",
    "files": [
      "contracts/model_contract.json",
      "inputs/mfe_account_costs_params.json",
      "inputs/mfe_cryo_plant_params.json",
      "inputs/mfe_fuel_cycle_params.json",
      "inputs/mfe_magnet_cost_params.json",
      "inputs/mfe_magnet_field_params.json",
      "inputs/mfe_plant_params.json",
      "inputs/mfe_plant_systems_params.json",
      "inputs/mfe_plasma_scaling_params.json",
      "inputs/mfe_plasma_sustainment_params.json",
      "inputs/mfe_vacuum_params.json",
      "inputs/stellarator_plant_params.json",
      "pipelines/pipeline.yaml"
    ]
  },
  "recorded_provenance": {
    "semantic_fingerprint": "1d97071e32b40888ef206f0c403250a28a9ecfad7e921797546f0a3ddcc0c1ef",
    "executable_fingerprint": "e19b63a03be3a00ebd5cec4ce4ed06a082f5bb7ed89b736aed06feaea8d1e319"
  }
}
native entries 470 headline 273.4546494372188
captured tracked structural snapshot exploration/stellarator_e2e/stellarator.snapshot.json
