F                                                                        [100%]
=================================== FAILURES ===================================
__ test_three_qualified_domain_rows_have_complete_independent_native_coverage __
tests/study/test_domain_consumers.py:226: in test_three_qualified_domain_rows_have_complete_independent_native_coverage
    assert case.outputs[key]==pytest.approx(value,rel=1e-9,abs=1e-9),key
E   AssertionError: stellarator_09__stellaris__heat_transport__equipment__ihx_capacity_ok
E   assert 0.0 == False
E     
E     comparison failed
E     Obtained: 0.0
E     Expected: False
=============================== warnings summary ===============================
tests/study/test_domain_consumers.py::test_three_qualified_domain_rows_have_complete_independent_native_coverage
  /home/reid/1cfe/fusion-tea/.venv/lib/python3.12/site-packages/pydantic/main.py:464: UserWarning: Pydantic serializer warnings:
    PydanticSerializationUnexpectedValue(Expected `bool` - serialized value may not be as expected [field_name='stellarator_09__stellaris__fuel_cycle__processing_source_conditions', input_value=1.0, input_type=float])
    return self.__pydantic_serializer__.to_python(

-- Docs: https://docs.pytest.org/en/stable/how-to/capture-warnings.html
=========================== short test summary info ============================
FAILED tests/study/test_domain_consumers.py::test_three_qualified_domain_rows_have_complete_independent_native_coverage
1 failed, 1 warning in 7.61s
