F...................                                                     [100%]
=================================== FAILURES ===================================
___________ test_operating_heat_complete_cost_operand_classification ___________

native = (PosixPath('/tmp/wi052-operating-regression-sogncm3b'), {'availability': {'outputs': {'stellarator_09__stellaris__aux_...'stellarator_09__stellaris__R_ref_divertor': 12.7, ...}, PosixPath('/tmp/pytest-of-reid/pytest-12970/wi050-evidence0'))
monkeypatch = <_pytest.monkeypatch.MonkeyPatch object at 0x7c23aa296930>

    def test_operating_heat_complete_cost_operand_classification(native,monkeypatch):
        import sys
        sys.path.insert(0,str(ROOT/'exploration/stellarator_e2e'))
        import verify_stellaris
        scratch,results,_,_=native
        mapping={
            'heating_cost__cost':'heating','blanket_cost__cost':'blanket','shield_cost__cost':'shield',
            'structure_cost__cost':'structure','vessel_cost__cost':'vessel','power_supplies_cost__cost':'power_supplies',
            'divertor_cost__cost':'divertor','turbine_cost__cost':'turbine','electric_cost__cost':'electric',
            'heat_rejection_cost__cost':'heat_rejection','misc_cost__cost':'misc','buildings_cost__cost':'buildings_legacy',
            'precon_cost__cost':'precon_legacy','om_cost__annual_om':'annual_om_unlevelized',
            'remote_handling__cost':'remote_handling','coolant__cost':'coolant_legacy','aux_cooling__cost':'aux_cooling',
            'waste__cost':'waste','fuel_handling__cost':'fuel_handling_legacy','other_rpe__cost':'other_rpe',
            'inc_cost__cost':'inc','owner__cost':'owner','supplementary__cost':'supplementary',
            'installation__cost':'installation','powercore_capital__powercore_capital':'powercore_capital',
            'bop_capital__bop_capital':'bop_capital','cas22_capital__cas22_capital':'cas22_capital',
            'special_materials_capital__special_materials_capital':'special_materials',
            'cas23_to_28_capital__cas23_to_28_capital':'cas23_to_28_capital',
            'cas2x_pre_contingency__cas2x_pre_contingency':'cas2x_pre_contingency',
            'contingency__cost':'contingency_capital','cas20_capital__cas20_capital':'cas20_capital',
            'indirect__cost':'indirect_capital','overnight_capital__overnight_capital':'overnight_capital',
            'total_capital__total_capital':'total_capital','idc__cost':'idc_capital'}
        for case in ['baseline','reserve','demand','availability']:
            with monkeypatch.context() as context:
>               context.setattr(verify_stellaris,'IN',verify_stellaris.IN | oracle_local_overrides(WI059_REPLAY | {renamed(P+k):v for k,v in load('run_acceptance').CASES[case].items()}))
                                                                            ^^^^^^^^^^^^^^^^^^^^^^^^^^^^^^^^^^^^^^^^^^^^^^^^^^^^^^^^^^^^^^^^^^^^^^^^^^^^^^^^^^^^^^^^^^^^^^^^^^^^^^^^^^^^^

tests/models/test_mfe_operating_heating.py:235: 
_ _ _ _ _ _ _ _ _ _ _ _ _ _ _ _ _ _ _ _ _ _ _ _ _ _ _ _ _ _ _ _ _ _ _ _ _ _ _ _ 

point = {'stellarator_09__stellaris__buildings__facilities_capacity_mode': 0.0, 'stellarator_09__stellaris__buildings__facilit...tellaris__buildings__facilities_enabled': False, 'stellarator_09__stellaris__cryoplant__inventory_enabled': False, ...}

    def oracle_local_overrides(point):
>       import oracle_entry
E       ModuleNotFoundError: No module named 'oracle_entry'

tests/models/current_mfe_regressions.py:510: ModuleNotFoundError
=============================== warnings summary ===============================
tests/models/test_mfe_operating_heating.py::test_operating_heat_complete_cost_operand_classification
  /home/reid/1cfe/fusion-tea/.venv/lib/python3.12/site-packages/pydantic/main.py:464: UserWarning: Pydantic serializer warnings:
    PydanticSerializationUnexpectedValue(Expected `bool` - serialized value may not be as expected [field_name='stellarator_09__stellaris__fuel_cycle__processing_source_conditions', input_value=1.0, input_type=float])
    return self.__pydantic_serializer__.to_python(

tests/models/test_divertor_heat_integration.py::test_entering_values_and_predicates_preserved[reference]
tests/models/test_divertor_heat_integration.py::test_entering_values_and_predicates_preserved[r-12.7-1.35-1.62e+07]
tests/models/test_divertor_heat_integration.py::test_entering_values_and_predicates_preserved[r-13.1-1.45-1.54e+07]
tests/models/test_divertor_heat_integration.py::test_entering_values_and_predicates_preserved[current-sized-reference]
tests/models/test_divertor_heat_integration.py::test_entering_values_and_predicates_preserved[allocated-current-sized-reference]
tests/models/test_divertor_heat_integration.py::test_signed_burn_failures_keep_entering_equations_and_predicates[False]
tests/models/test_divertor_heat_integration.py::test_signed_burn_failures_keep_entering_equations_and_predicates[True]
  /home/reid/1cfe/fusion-tea/.venv/lib/python3.12/site-packages/pydantic/main.py:464: UserWarning: Pydantic serializer warnings:
    PydanticSerializationUnexpectedValue(Expected `bool` - serialized value may not be as expected [field_name='stellarator_09__stellaris__cryoplant__inventory_enabled', input_value=1.0, input_type=float])
    PydanticSerializationUnexpectedValue(Expected `bool` - serialized value may not be as expected [field_name='stellarator_09__stellaris__fuel_cycle__processing_source_conditions', input_value=1.0, input_type=float])
    return self.__pydantic_serializer__.to_python(

tests/models/test_divertor_heat_integration.py::test_coupled_account_and_independent_oracle[profile0-0]
tests/models/test_divertor_heat_integration.py::test_coupled_account_and_independent_oracle[profile0-1]
tests/models/test_divertor_heat_integration.py::test_coupled_account_and_independent_oracle[profile0-2]
tests/models/test_divertor_heat_integration.py::test_coupled_account_and_independent_oracle[profile1-0]
tests/models/test_divertor_heat_integration.py::test_coupled_account_and_independent_oracle[profile1-1]
tests/models/test_divertor_heat_integration.py::test_coupled_account_and_independent_oracle[profile1-2]
tests/models/test_divertor_heat_integration.py::test_paired_transport_does_not_create_or_remove_plant_heat
  /home/reid/1cfe/fusion-tea/.venv/lib/python3.12/site-packages/pydantic/main.py:464: UserWarning: Pydantic serializer warnings:
    PydanticSerializationUnexpectedValue(Expected `bool` - serialized value may not be as expected [field_name='stellarator_09__stellaris__buildings__facilities_enabled', input_value=1.0, input_type=float])
    PydanticSerializationUnexpectedValue(Expected `bool` - serialized value may not be as expected [field_name='stellarator_09__stellaris__cryoplant__inventory_enabled', input_value=1.0, input_type=float])
    PydanticSerializationUnexpectedValue(Expected `bool` - serialized value may not be as expected [field_name='stellarator_09__stellaris__fuel_cycle__inventory_enabled', input_value=1.0, input_type=float])
    PydanticSerializationUnexpectedValue(Expected `bool` - serialized value may not be as expected [field_name='stellarator_09__stellaris__fuel_cycle__processing_enabled', input_value=1.0, input_type=float])
    PydanticSerializationUnexpectedValue(Expected `bool` - serialized value may not be as expected [field_name='stellarator_09__stellaris__fuel_cycle__processing_source_conditions', input_value=1.0, input_type=float])
    PydanticSerializationUnexpectedValue(Expected `bool` - serialized value may not be as expected [field_name='stellarator_09__stellaris__heat_transport__equipment_enabled', input_value=1.0, input_type=float])
    return self.__pydantic_serializer__.to_python(

-- Docs: https://docs.pytest.org/en/stable/how-to/capture-warnings.html
=========================== short test summary info ============================
FAILED tests/models/test_mfe_operating_heating.py::test_operating_heat_complete_cost_operand_classification
1 failed, 19 passed, 15 warnings in 75.69s (0:01:15)
