........F............................................................... [ 34%]
........................................................................ [ 69%]
...............................................................          [100%]
=================================== FAILURES ===================================
___________ test_operating_heat_complete_cost_operand_classification ___________

native = (PosixPath('/tmp/wi052-operating-regression-un531cfr'), {'availability': {'outputs': {'stellarator_09__stellaris__aux_...'stellarator_09__stellaris__R_ref_divertor': 12.7, ...}, PosixPath('/tmp/pytest-of-reid/pytest-12969/wi050-evidence0'))
monkeypatch = <_pytest.monkeypatch.MonkeyPatch object at 0x7007397cee40>

    def test_operating_heat_complete_cost_operand_classification(native,monkeypatch):
        import sys
        sys.path.insert(0,str(ROOT/'exploration/stellarator_e2e'))
        import verify_stellaris
        scratch,results,_,_=native
        mapping={
            'heating_cost__cost':'heating','blanket_cost__cost':'blanket','shield_cost__cost':'shield',
            'structure_cost__cost':'structure','vessel_cost__cost':'vessel','power_supplies_cost__cost':'power_supplies',
            'divertor_cost__cost':'divertor','turbine_cost__cost':'turbine','electric_cost__cost':'electric',
            'heat_rejection_cost__cost':'heat_rejection','misc_cost__cost':'misc','buildings_cost__cost':'buildings_legacy',
            'precon_cost__cost':'precon_legacy','om_cost__annual_om':'annual_om_unlevelized',
            'remote_handling__cost':'remote_handling','coolant__cost':'coolant_legacy','aux_cooling__cost':'aux_cooling',
            'waste__cost':'waste','fuel_handling__cost':'fuel_handling_legacy','other_rpe__cost':'other_rpe',
            'inc_cost__cost':'inc','owner__cost':'owner','supplementary__cost':'supplementary',
            'installation__cost':'installation','powercore_capital__powercore_capital':'powercore_capital',
            'bop_capital__bop_capital':'bop_capital','cas22_capital__cas22_capital':'cas22_capital',
            'special_materials_capital__special_materials_capital':'special_materials',
            'cas23_to_28_capital__cas23_to_28_capital':'cas23_to_28_capital',
            'cas2x_pre_contingency__cas2x_pre_contingency':'cas2x_pre_contingency',
            'contingency__cost':'contingency_capital','cas20_capital__cas20_capital':'cas20_capital',
            'indirect__cost':'indirect_capital','overnight_capital__overnight_capital':'overnight_capital',
            'total_capital__total_capital':'total_capital','idc__cost':'idc_capital'}
        for case in ['baseline','reserve','demand','availability']:
            with monkeypatch.context() as context:
                context.setattr(verify_stellaris,'IN',verify_stellaris.IN | oracle_local_overrides(WI059_REPLAY | {renamed(P+k):v for k,v in load('run_acceptance').CASES[case].items()}))
                direct=verify_stellaris.compute()
            for channel,key in mapping.items():
                assert results[case]['outputs'][P+channel]==pytest.approx(direct[key],rel=1e-9,abs=1e-9),(case,channel)
        old=yaml.safe_load(subprocess.check_output(['git','show','546218a5:exploration/stellarator_e2e/generated/pipelines/pipeline.yaml'],cwd=ROOT))['modules']
        current=yaml.safe_load((scratch/'generated/pipelines/pipeline.yaml').read_text())['modules']
        # WI-057: compare the historical (flat-named) module inputs through the rename ledger.
        for channel in mapping:
            module=P+channel.rsplit('__',1)[0]
            expected_inputs={k:renamed_ref(v) for k,v in old[module]['inputs'].items()}
            if channel == 'structure_cost__cost':
                expected_inputs['residual_fraction']='float stellarator_plant_params.'+P+'structure__residual_fraction'
            elif channel == 'aux_cooling__cost':
                expected_inputs['p_cryo']='float '+P+'cryoplant__refrigeration_sum__total.root'
            elif channel == 'powercore_capital__powercore_capital':
                expected_inputs['structure_capital_cost']='float '+P+'structure__structure_cost__cost'
>           assert current[renamed_module(channel.rsplit('__',1)[0])]['inputs']==expected_inputs,module
E           AssertionError: stellarator_09__stellaris__supplementary
E           assert {'cas20': 'fl...rate_in', ...} == {'cas20': 'fl...rate_in', ...}
E             
E             Omitting 13 identical items, use -vv to show
E             Left contains 3 more items:
E             {'delivered_shipping_exclusion_in': 'float '
E                                                 'stellarator_09__stellaris__shipping_scope__cooling_exclusion',
E              'facility_exclusion_in': 'float '
E                                       'stellarator_09__stellaris__shipping_scope__facility_exclusion',...
E             
E             ...Full output truncated (3 lines hidden), use '-vv' to show

tests/models/test_mfe_operating_heating.py:251: AssertionError
=============================== warnings summary ===============================
tests/models/test_mfe_operating_heating.py::test_operating_heat_signed_demand_bounds
tests/study/test_major_radius.py::test_current_radius_controls_match_frozen_model_and_independent_oracle
tests/study/test_winding_consumers.py::test_current_native_winding_route_agrees_with_independent_oracle
  /home/reid/1cfe/fusion-tea/.venv/lib/python3.12/site-packages/pydantic/main.py:464: UserWarning: Pydantic serializer warnings:
    PydanticSerializationUnexpectedValue(Expected `bool` - serialized value may not be as expected [field_name='stellarator_09__stellaris__fuel_cycle__processing_source_conditions', input_value=1.0, input_type=float])
    return self.__pydantic_serializer__.to_python(

-- Docs: https://docs.pytest.org/en/stable/how-to/capture-warnings.html
=========================== short test summary info ============================
FAILED tests/models/test_mfe_operating_heating.py::test_operating_heat_complete_cost_operand_classification
1 failed, 206 passed, 3 warnings in 61.01s (0:01:01)
