
==================================== ERRORS ====================================
_________ ERROR collecting tests/models/test_mfe_operating_heating.py __________
.venv/lib/python3.12/site-packages/_pytest/python.py:507: in importtestmodule
    mod = import_path(
.venv/lib/python3.12/site-packages/_pytest/pathlib.py:587: in import_path
    importlib.import_module(module_name)
/usr/lib/python3.12/importlib/__init__.py:90: in import_module
    return _bootstrap._gcd_import(name[level:], package, level)
           ^^^^^^^^^^^^^^^^^^^^^^^^^^^^^^^^^^^^^^^^^^^^^^^^^^^^
<frozen importlib._bootstrap>:1387: in _gcd_import
    ???
<frozen importlib._bootstrap>:1360: in _find_and_load
    ???
<frozen importlib._bootstrap>:1331: in _find_and_load_unlocked
    ???
<frozen importlib._bootstrap>:935: in _load_unlocked
    ???
.venv/lib/python3.12/site-packages/_pytest/assertion/rewrite.py:188: in exec_module
    source_stat, co = _rewrite_test(fn, self.config)
                      ^^^^^^^^^^^^^^^^^^^^^^^^^^^^^^
.venv/lib/python3.12/site-packages/_pytest/assertion/rewrite.py:359: in _rewrite_test
    co = compile(tree, strfn, "exec", dont_inherit=True)
         ^^^^^^^^^^^^^^^^^^^^^^^^^^^^^^^^^^^^^^^^^^^^^^^
E     File "/home/reid/1cfe/fusion-tea/tests/models/test_mfe_operating_heating.py", line 3
E       from __future__ import annotations
E       ^^^^^^^^^^^^^^^^^^^^^^^^^^^^^^^^^^
E   SyntaxError: from __future__ imports must occur at the beginning of the file
=========================== short test summary info ============================
ERROR tests/models/test_mfe_operating_heating.py
!!!!!!!!!!!!!!!!!!!! Interrupted: 1 error during collection !!!!!!!!!!!!!!!!!!!!
1 error in 0.55s
