F..F..F..F..FFFFF....................................................... [ 46%]
........................................................................ [ 92%]
...........                                                              [100%]
=================================== FAILURES ===================================
_ test_native_publication_preserves_values_and_case_identity[20260911-model-owned-radius] _
tests/study/test_native_publication.py:68: in test_native_publication_preserves_values_and_case_identity
    output = publication(study_id, data, tmp_path)
             ^^^^^^^^^^^^^^^^^^^^^^^^^^^^^^^^^^^^^
tests/study/test_native_publication.py:45: in publication
    exec(code, namespace)
exploration/stellarator_e2e/studies/20260911-model-owned-radius/execution/execute.py:5: in <module>
    H=Path(__file__).resolve().parents[1];sys.path.insert(0,str(H))
                                                                    
exploration/stellarator_e2e/studies/study_route.py:309: in short_verdicts
    return _short_verdicts(case, _export_catalog(package_dir))
           ^^^^^^^^^^^^^^^^^^^^^^^^^^^^^^^^^^^^^^^^^^^^^^^^^^^
exploration/stellarator_e2e/studies/study_route.py:296: in _short_verdicts
    raise RouteError(
E   exploration.stellarator_e2e.studies.study_route.RouteError: case verdicts do not match the emitted constraint catalog: missing=['stellarator_09__stellaris__facility_capacity_ok__8acbe7a714e6a4d9', 'stellarator_09__stellaris__facility_initial_ready__d3a5b04c428ef75f', 'stellarator_09__stellaris__facility_outage_ok__9b00e5bd8ea45722', 'stellarator_09__stellaris__facility_replacement_ready__00706bc8dbdf6938', 'stellarator_09__stellaris__facility_routes_ok__a3dca4061c7bcc9b', 'stellarator_09__stellaris__reference_conductor_current_ok__3cf239a7cdc0f2f0', 'stellarator_09__stellaris__wp_fit_ok__a25ca6a0161f6339'], unexpected=[]
_ test_native_publication_refuses_before_replacing_evidence[absent-20260911-model-owned-radius] _
tests/study/test_native_publication.py:87: in test_native_publication_refuses_before_replacing_evidence
    publication(study_id, data, tmp_path)
tests/study/test_native_publication.py:45: in publication
    exec(code, namespace)
exploration/stellarator_e2e/studies/20260911-model-owned-radius/execution/execute.py:5: in <module>
    H=Path(__file__).resolve().parents[1];sys.path.insert(0,str(H))
                                                                    
exploration/stellarator_e2e/studies/study_route.py:309: in short_verdicts
    return _short_verdicts(case, _export_catalog(package_dir))
           ^^^^^^^^^^^^^^^^^^^^^^^^^^^^^^^^^^^^^^^^^^^^^^^^^^^
exploration/stellarator_e2e/studies/study_route.py:296: in _short_verdicts
    raise RouteError(
E   exploration.stellarator_e2e.studies.study_route.RouteError: case verdicts do not match the emitted constraint catalog: missing=['stellarator_09__stellaris__facility_capacity_ok__8acbe7a714e6a4d9', 'stellarator_09__stellaris__facility_initial_ready__d3a5b04c428ef75f', 'stellarator_09__stellaris__facility_outage_ok__9b00e5bd8ea45722', 'stellarator_09__stellaris__facility_replacement_ready__00706bc8dbdf6938', 'stellarator_09__stellaris__facility_routes_ok__a3dca4061c7bcc9b', 'stellarator_09__stellaris__reference_conductor_current_ok__3cf239a7cdc0f2f0', 'stellarator_09__stellaris__wp_fit_ok__a25ca6a0161f6339'], unexpected=[]

During handling of the above exception, another exception occurred:
tests/study/test_native_publication.py:86: in test_native_publication_refuses_before_replacing_evidence
    with pytest.raises(route.RouteError, match="required"):
E   AssertionError: Regex pattern did not match.
E     Expected regex: 'required'
E     Actual message: "case verdicts do not match the emitted constraint catalog: missing=['stellarator_09__stellaris__facility_capacity_ok__8acbe7a714e6a4d9', 'stellarator_09__stellaris__facility_initial_ready__d3a5b04c428ef75f', 'stellarator_09__stellaris__facility_outage_ok__9b00e5bd8ea45722', 'stellarator_09__stellaris__facility_replacement_ready__00706bc8dbdf6938', 'stellarator_09__stellaris__facility_routes_ok__a3dca4061c7bcc9b', 'stellarator_09__stellaris__reference_conductor_current_ok__3cf239a7cdc0f2f0', 'stellarator_09__stellaris__wp_fit_ok__a25ca6a0161f6339'], unexpected=[]"
_ test_native_publication_refuses_before_replacing_evidence[null-20260911-model-owned-radius] _
tests/study/test_native_publication.py:87: in test_native_publication_refuses_before_replacing_evidence
    publication(study_id, data, tmp_path)
tests/study/test_native_publication.py:45: in publication
    exec(code, namespace)
exploration/stellarator_e2e/studies/20260911-model-owned-radius/execution/execute.py:5: in <module>
    H=Path(__file__).resolve().parents[1];sys.path.insert(0,str(H))
                                                                    
exploration/stellarator_e2e/studies/study_route.py:309: in short_verdicts
    return _short_verdicts(case, _export_catalog(package_dir))
           ^^^^^^^^^^^^^^^^^^^^^^^^^^^^^^^^^^^^^^^^^^^^^^^^^^^
exploration/stellarator_e2e/studies/study_route.py:296: in _short_verdicts
    raise RouteError(
E   exploration.stellarator_e2e.studies.study_route.RouteError: case verdicts do not match the emitted constraint catalog: missing=['stellarator_09__stellaris__facility_capacity_ok__8acbe7a714e6a4d9', 'stellarator_09__stellaris__facility_initial_ready__d3a5b04c428ef75f', 'stellarator_09__stellaris__facility_outage_ok__9b00e5bd8ea45722', 'stellarator_09__stellaris__facility_replacement_ready__00706bc8dbdf6938', 'stellarator_09__stellaris__facility_routes_ok__a3dca4061c7bcc9b', 'stellarator_09__stellaris__reference_conductor_current_ok__3cf239a7cdc0f2f0', 'stellarator_09__stellaris__wp_fit_ok__a25ca6a0161f6339'], unexpected=[]

During handling of the above exception, another exception occurred:
tests/study/test_native_publication.py:86: in test_native_publication_refuses_before_replacing_evidence
    with pytest.raises(route.RouteError, match="required"):
E   AssertionError: Regex pattern did not match.
E     Expected regex: 'required'
E     Actual message: "case verdicts do not match the emitted constraint catalog: missing=['stellarator_09__stellaris__facility_capacity_ok__8acbe7a714e6a4d9', 'stellarator_09__stellaris__facility_initial_ready__d3a5b04c428ef75f', 'stellarator_09__stellaris__facility_outage_ok__9b00e5bd8ea45722', 'stellarator_09__stellaris__facility_replacement_ready__00706bc8dbdf6938', 'stellarator_09__stellaris__facility_routes_ok__a3dca4061c7bcc9b', 'stellarator_09__stellaris__reference_conductor_current_ok__3cf239a7cdc0f2f0', 'stellarator_09__stellaris__wp_fit_ok__a25ca6a0161f6339'], unexpected=[]"
_ test_native_publication_refuses_before_replacing_evidence[nan-20260911-model-owned-radius] _
tests/study/test_native_publication.py:87: in test_native_publication_refuses_before_replacing_evidence
    publication(study_id, data, tmp_path)
tests/study/test_native_publication.py:45: in publication
    exec(code, namespace)
exploration/stellarator_e2e/studies/20260911-model-owned-radius/execution/execute.py:5: in <module>
    H=Path(__file__).resolve().parents[1];sys.path.insert(0,str(H))
                                                                    
exploration/stellarator_e2e/studies/study_route.py:309: in short_verdicts
    return _short_verdicts(case, _export_catalog(package_dir))
           ^^^^^^^^^^^^^^^^^^^^^^^^^^^^^^^^^^^^^^^^^^^^^^^^^^^
exploration/stellarator_e2e/studies/study_route.py:296: in _short_verdicts
    raise RouteError(
E   exploration.stellarator_e2e.studies.study_route.RouteError: case verdicts do not match the emitted constraint catalog: missing=['stellarator_09__stellaris__facility_capacity_ok__8acbe7a714e6a4d9', 'stellarator_09__stellaris__facility_initial_ready__d3a5b04c428ef75f', 'stellarator_09__stellaris__facility_outage_ok__9b00e5bd8ea45722', 'stellarator_09__stellaris__facility_replacement_ready__00706bc8dbdf6938', 'stellarator_09__stellaris__facility_routes_ok__a3dca4061c7bcc9b', 'stellarator_09__stellaris__reference_conductor_current_ok__3cf239a7cdc0f2f0', 'stellarator_09__stellaris__wp_fit_ok__a25ca6a0161f6339'], unexpected=[]

During handling of the above exception, another exception occurred:
tests/study/test_native_publication.py:86: in test_native_publication_refuses_before_replacing_evidence
    with pytest.raises(route.RouteError, match="required"):
E   AssertionError: Regex pattern did not match.
E     Expected regex: 'required'
E     Actual message: "case verdicts do not match the emitted constraint catalog: missing=['stellarator_09__stellaris__facility_capacity_ok__8acbe7a714e6a4d9', 'stellarator_09__stellaris__facility_initial_ready__d3a5b04c428ef75f', 'stellarator_09__stellaris__facility_outage_ok__9b00e5bd8ea45722', 'stellarator_09__stellaris__facility_replacement_ready__00706bc8dbdf6938', 'stellarator_09__stellaris__facility_routes_ok__a3dca4061c7bcc9b', 'stellarator_09__stellaris__reference_conductor_current_ok__3cf239a7cdc0f2f0', 'stellarator_09__stellaris__wp_fit_ok__a25ca6a0161f6339'], unexpected=[]"
_____________ test_required_values_refuse_invalid_numbers[absent] ______________
tests/study/test_native_publication.py:95: in test_required_values_refuse_invalid_numbers
    data = cases(study_id)[0]
                 ^^^^^^^^
E   NameError: name 'study_id' is not defined
______________ test_required_values_refuse_invalid_numbers[null] _______________
tests/study/test_native_publication.py:95: in test_required_values_refuse_invalid_numbers
    data = cases(study_id)[0]
                 ^^^^^^^^
E   NameError: name 'study_id' is not defined
_______________ test_required_values_refuse_invalid_numbers[nan] _______________
tests/study/test_native_publication.py:95: in test_required_values_refuse_invalid_numbers
    data = cases(study_id)[0]
                 ^^^^^^^^
E   NameError: name 'study_id' is not defined
__________ test_required_values_refuse_invalid_numbers[positive-inf] ___________
tests/study/test_native_publication.py:95: in test_required_values_refuse_invalid_numbers
    data = cases(study_id)[0]
                 ^^^^^^^^
E   NameError: name 'study_id' is not defined
__________ test_required_values_refuse_invalid_numbers[negative-inf] ___________
tests/study/test_native_publication.py:95: in test_required_values_refuse_invalid_numbers
    data = cases(study_id)[0]
                 ^^^^^^^^
E   NameError: name 'study_id' is not defined
=========================== short test summary info ============================
FAILED tests/study/test_native_publication.py::test_native_publication_preserves_values_and_case_identity[20260911-model-owned-radius]
FAILED tests/study/test_native_publication.py::test_native_publication_refuses_before_replacing_evidence[absent-20260911-model-owned-radius]
FAILED tests/study/test_native_publication.py::test_native_publication_refuses_before_replacing_evidence[null-20260911-model-owned-radius]
FAILED tests/study/test_native_publication.py::test_native_publication_refuses_before_replacing_evidence[nan-20260911-model-owned-radius]
FAILED tests/study/test_native_publication.py::test_required_values_refuse_invalid_numbers[absent]
FAILED tests/study/test_native_publication.py::test_required_values_refuse_invalid_numbers[null]
FAILED tests/study/test_native_publication.py::test_required_values_refuse_invalid_numbers[nan]
FAILED tests/study/test_native_publication.py::test_required_values_refuse_invalid_numbers[positive-inf]
FAILED tests/study/test_native_publication.py::test_required_values_refuse_invalid_numbers[negative-inf]
9 failed, 146 passed, 1 deselected in 18.47s
