INFO: Generating code from exploration/aries_transfer/density_profile/staged_models
INFO: Output to exploration/aries_transfer/density_profile/generated
INFO: Package name: aries_density_tea
INFO: Building pipeline context...
INFO: Built computation graph with 2 modules
INFO: Creating output directory structure...
INFO: Generating schemas...
INFO: Generated 0 multi-output schemas
INFO: Generating TEAx module wrappers...
INFO: Generated 2 TEAx module wrappers
INFO: Generating implementation stencils...
INFO: Generated 2 implementation stencils
INFO: Generating pipeline configuration...
INFO: Generated pipeline configuration: pipeline.yaml
INFO: Generating module registry...
INFO: Generated module registry with 2 modules
INFO: Generating entry point schemas and JSON templates...
INFO: Generated 1 parameter group schemas from graph
INFO: Generated 1 parameter group schemas
INFO: Generated 1 JSON templates from graph
INFO: Generated 1 JSON input templates
INFO: Generating implementation backlog...
INFO: Generated implementation backlog: IMPLEMENTATION_BACKLOG.md
INFO: Generating runnable tests...
INFO: Generated test file with 1 test classes
INFO: Generated runnable tests: test_implementations_runnable.py
INFO: Sealing package...
INFO: Code generation complete
